Archive member included to satisfy reference by file (symbol)

D:\Microcontroladores\koba_ultrasonic_lib\koba_ultrasonic_lib\Debug\lib_koba_ultrasonic.a(ultrasonic.o)
                              main.o (ultrasonic_set_debug_mode)
c:/program files (x86)/atmel/studio/7.0/toolchain/avr8/avr8-gnu-toolchain/bin/../lib/gcc/avr/5.4.0/avr5\libgcc.a(_udivmodsi4.o)
                              utils/legacy_hcsr04/hcsr04_utils.o (__udivmodsi4)
c:/program files (x86)/atmel/studio/7.0/toolchain/avr8/avr8-gnu-toolchain/bin/../lib/gcc/avr/5.4.0/avr5\libgcc.a(_exit.o)
                              C:/Program Files (x86)/Atmel/Studio/7.0/Packs/atmel/ATmega_DFP/1.7.374/gcc/dev/atmega328p/avr5/crtatmega328p.o (exit)
c:/program files (x86)/atmel/studio/7.0/toolchain/avr8/avr8-gnu-toolchain/bin/../lib/gcc/avr/5.4.0/avr5\libgcc.a(_tablejump2.o)
                              utils/protocol/protocol_utils.o (__tablejump2__)
c:/program files (x86)/atmel/studio/7.0/toolchain/avr8/avr8-gnu-toolchain/bin/../lib/gcc/avr/5.4.0/avr5\libgcc.a(_copy_data.o)
                              main.o (__do_copy_data)
c:/program files (x86)/atmel/studio/7.0/toolchain/avr8/avr8-gnu-toolchain/bin/../lib/gcc/avr/5.4.0/avr5\libgcc.a(_clear_bss.o)
                              main.o (__do_clear_bss)
c:/program files (x86)/atmel/studio/7.0/toolchain/avr8/avr8-gnu-toolchain/bin/../lib/gcc/avr/5.4.0/avr5\libgcc.a(_umulhisi3.o)
                              utils/servo/servo_utils.o (__umulhisi3)
c:/program files (x86)/atmel/studio/7.0/toolchain/avr8/avr8-gnu-toolchain/bin/../lib/gcc/avr/5.4.0/avr5\libgcc.a(_muluhisi3.o)
                              utils/tcrt/tcrt_utils.o (__muluhisi3)
c:/program files (x86)/atmel/studio/7.0/toolchain/avr8/avr8-gnu-toolchain/bin/../lib/gcc/avr/5.4.0/../../../../avr/lib/avr5\libc.a(iob.o)
                              main.o (__iob)
c:/program files (x86)/atmel/studio/7.0/toolchain/avr8/avr8-gnu-toolchain/bin/../lib/gcc/avr/5.4.0/../../../../avr/lib/avr5\libc.a(printf.o)
                              utils/legacy_hcsr04/hcsr04_utils.o (printf)
c:/program files (x86)/atmel/studio/7.0/toolchain/avr8/avr8-gnu-toolchain/bin/../lib/gcc/avr/5.4.0/../../../../avr/lib/avr5\libc.a(printf_p.o)
                              main.o (printf_P)
c:/program files (x86)/atmel/studio/7.0/toolchain/avr8/avr8-gnu-toolchain/bin/../lib/gcc/avr/5.4.0/../../../../avr/lib/avr5\libc.a(puts.o)
                              main.o (puts)
c:/program files (x86)/atmel/studio/7.0/toolchain/avr8/avr8-gnu-toolchain/bin/../lib/gcc/avr/5.4.0/../../../../avr/lib/avr5\libc.a(vfprintf_std.o)
                              c:/program files (x86)/atmel/studio/7.0/toolchain/avr8/avr8-gnu-toolchain/bin/../lib/gcc/avr/5.4.0/../../../../avr/lib/avr5\libc.a(printf.o) (vfprintf)
c:/program files (x86)/atmel/studio/7.0/toolchain/avr8/avr8-gnu-toolchain/bin/../lib/gcc/avr/5.4.0/../../../../avr/lib/avr5\libc.a(strnlen_P.o)
                              c:/program files (x86)/atmel/studio/7.0/toolchain/avr8/avr8-gnu-toolchain/bin/../lib/gcc/avr/5.4.0/../../../../avr/lib/avr5\libc.a(vfprintf_std.o) (strnlen_P)
c:/program files (x86)/atmel/studio/7.0/toolchain/avr8/avr8-gnu-toolchain/bin/../lib/gcc/avr/5.4.0/../../../../avr/lib/avr5\libc.a(strnlen.o)
                              c:/program files (x86)/atmel/studio/7.0/toolchain/avr8/avr8-gnu-toolchain/bin/../lib/gcc/avr/5.4.0/../../../../avr/lib/avr5\libc.a(vfprintf_std.o) (strnlen)
c:/program files (x86)/atmel/studio/7.0/toolchain/avr8/avr8-gnu-toolchain/bin/../lib/gcc/avr/5.4.0/../../../../avr/lib/avr5\libc.a(fputc.o)
                              c:/program files (x86)/atmel/studio/7.0/toolchain/avr8/avr8-gnu-toolchain/bin/../lib/gcc/avr/5.4.0/../../../../avr/lib/avr5\libc.a(vfprintf_std.o) (fputc)
c:/program files (x86)/atmel/studio/7.0/toolchain/avr8/avr8-gnu-toolchain/bin/../lib/gcc/avr/5.4.0/../../../../avr/lib/avr5\libc.a(ultoa_invert.o)
                              c:/program files (x86)/atmel/studio/7.0/toolchain/avr8/avr8-gnu-toolchain/bin/../lib/gcc/avr/5.4.0/../../../../avr/lib/avr5\libc.a(vfprintf_std.o) (__ultoa_invert)
c:/program files (x86)/atmel/studio/7.0/toolchain/avr8/avr8-gnu-toolchain/bin/../lib/gcc/avr/5.4.0/avr5\libgcc.a(_prologue.o)
                              c:/program files (x86)/atmel/studio/7.0/toolchain/avr8/avr8-gnu-toolchain/bin/../lib/gcc/avr/5.4.0/../../../../avr/lib/avr5\libc.a(printf.o) (__prologue_saves__)
c:/program files (x86)/atmel/studio/7.0/toolchain/avr8/avr8-gnu-toolchain/bin/../lib/gcc/avr/5.4.0/avr5\libgcc.a(_epilogue.o)
                              c:/program files (x86)/atmel/studio/7.0/toolchain/avr8/avr8-gnu-toolchain/bin/../lib/gcc/avr/5.4.0/../../../../avr/lib/avr5\libc.a(printf.o) (__epilogue_restores__)

Allocating common symbols
Common symbol       size              file

IR_B                0xf               main.o
servoA              0x6               main.o
salidaA             0x4               main.o
IR_U                0xf               main.o
bandera             0x1               main.o
IR_C                0xf               main.o
SorterSystem        0x12              main.o
bandera3            0x1               main.o
bandera2            0x1               main.o
servoC              0x6               main.o
IR_A                0xf               main.o
hcsr04Detector      0x5               main.o
servosArray         0x6               main.o
salidaC             0x4               main.o
ultraSensor         0x11              main.o
servoB              0x6               main.o
__iob               0x6               c:/program files (x86)/atmel/studio/7.0/toolchain/avr8/avr8-gnu-toolchain/bin/../lib/gcc/avr/5.4.0/../../../../avr/lib/avr5\libc.a(iob.o)
protocolService     0x4d              main.o
salidaB             0x4               main.o

Discarded input sections

 .data          0x00000000        0x0 C:/Program Files (x86)/Atmel/Studio/7.0/Packs/atmel/ATmega_DFP/1.7.374/gcc/dev/atmega328p/avr5/crtatmega328p.o
 .bss           0x00000000        0x0 C:/Program Files (x86)/Atmel/Studio/7.0/Packs/atmel/ATmega_DFP/1.7.374/gcc/dev/atmega328p/avr5/crtatmega328p.o
 .text          0x00000000        0x0 main.o
 .data          0x00000000        0x0 main.o
 .bss           0x00000000        0x0 main.o
 .bss.servoAVal
                0x00000000        0x1 main.o
 .bss.servo_active_counter
                0x00000000        0x1 main.o
 .bss.trigger_timeout_counter
                0x00000000        0x1 main.o
 .bss.echo_state
                0x00000000        0x1 main.o
 .bss.target_tick_A
                0x00000000        0x2 main.o
 .data.pulse_width_A
                0x00000000        0x4 main.o
 .bss.servo_counter
                0x00000000        0x1 main.o
 .bss.distance_mm
                0x00000000        0x2 main.o
 .bss.echo_finish_time
                0x00000000        0x2 main.o
 .bss.echo_init_time
                0x00000000        0x2 main.o
 .text          0x00000000        0x0 utils/legacy_hcsr04/hcsr04_utils.o
 .data          0x00000000        0x0 utils/legacy_hcsr04/hcsr04_utils.o
 .bss           0x00000000        0x0 utils/legacy_hcsr04/hcsr04_utils.o
 .rodata.str1.1
                0x00000000       0x11 utils/legacy_hcsr04/hcsr04_utils.o
 .text.calculate_distance
                0x00000000       0xb2 utils/legacy_hcsr04/hcsr04_utils.o
 .debug_info    0x00000000      0x116 utils/legacy_hcsr04/hcsr04_utils.o
 .debug_abbrev  0x00000000       0x95 utils/legacy_hcsr04/hcsr04_utils.o
 .debug_loc     0x00000000       0x8e utils/legacy_hcsr04/hcsr04_utils.o
 .debug_aranges
                0x00000000       0x20 utils/legacy_hcsr04/hcsr04_utils.o
 .debug_ranges  0x00000000       0x10 utils/legacy_hcsr04/hcsr04_utils.o
 .debug_line    0x00000000      0x119 utils/legacy_hcsr04/hcsr04_utils.o
 .debug_str     0x00000000      0x1fb utils/legacy_hcsr04/hcsr04_utils.o
 .comment       0x00000000       0x31 utils/legacy_hcsr04/hcsr04_utils.o
 .debug_frame   0x00000000       0x40 utils/legacy_hcsr04/hcsr04_utils.o
 .text          0x00000000        0x0 utils/programPath/boxsorter_utils.o
 .data          0x00000000        0x0 utils/programPath/boxsorter_utils.o
 .bss           0x00000000        0x0 utils/programPath/boxsorter_utils.o
 .text          0x00000000        0x0 utils/protocol/protocol_utils.o
 .data          0x00000000        0x0 utils/protocol/protocol_utils.o
 .bss           0x00000000        0x0 utils/protocol/protocol_utils.o
 .text.calculate_checksum
                0x00000000       0x60 utils/protocol/protocol_utils.o
 .text.send_protocol_frame
                0x00000000        0x2 utils/protocol/protocol_utils.o
 .text.receive_protocol_frame
                0x00000000        0x6 utils/protocol/protocol_utils.o
 .text          0x00000000        0x0 utils/servo/servo_utils.o
 .data          0x00000000        0x0 utils/servo/servo_utils.o
 .bss           0x00000000        0x0 utils/servo/servo_utils.o
 .text.servo_set_angle
                0x00000000       0x36 utils/servo/servo_utils.o
 .text          0x00000000        0x0 utils/tcrt/tcrt_utils.o
 .data          0x00000000        0x0 utils/tcrt/tcrt_utils.o
 .bss           0x00000000        0x0 utils/tcrt/tcrt_utils.o
 .text.detect_rising_edge
                0x00000000       0x20 utils/tcrt/tcrt_utils.o
 .text          0x00000000        0x0 utils/ultrasonic_hal.o
 .data          0x00000000        0x0 utils/ultrasonic_hal.o
 .bss           0x00000000        0x0 utils/ultrasonic_hal.o
 .text.ultrasonic_hal_setTrigger_timeout
                0x00000000        0x2 utils/ultrasonic_hal.o
 .text.ultrasonic_hal_echo_timeout
                0x00000000        0xa utils/ultrasonic_hal.o
 .bss.g_timeoutTarget_us
                0x00000000        0x4 utils/ultrasonic_hal.o
 .text          0x00000000        0x0 utils/usart/usart_utils.o
 .data          0x00000000        0x0 utils/usart/usart_utils.o
 .bss           0x00000000        0x0 utils/usart/usart_utils.o
 .text.USART_putchar
                0x00000000       0x46 utils/usart/usart_utils.o
 .text          0x00000000        0x0 D:\Microcontroladores\koba_ultrasonic_lib\koba_ultrasonic_lib\Debug\lib_koba_ultrasonic.a(ultrasonic.o)
 .data          0x00000000        0x0 D:\Microcontroladores\koba_ultrasonic_lib\koba_ultrasonic_lib\Debug\lib_koba_ultrasonic.a(ultrasonic.o)
 .bss           0x00000000        0x0 D:\Microcontroladores\koba_ultrasonic_lib\koba_ultrasonic_lib\Debug\lib_koba_ultrasonic.a(ultrasonic.o)
 .text.ultrasonic_get_distance
                0x00000000        0xc D:\Microcontroladores\koba_ultrasonic_lib\koba_ultrasonic_lib\Debug\lib_koba_ultrasonic.a(ultrasonic.o)
 .text.ultrasonic_set_print_method
                0x00000000        0x8 D:\Microcontroladores\koba_ultrasonic_lib\koba_ultrasonic_lib\Debug\lib_koba_ultrasonic.a(ultrasonic.o)
 .text          0x00000000        0x0 c:/program files (x86)/atmel/studio/7.0/toolchain/avr8/avr8-gnu-toolchain/bin/../lib/gcc/avr/5.4.0/avr5\libgcc.a(_udivmodsi4.o)
 .data          0x00000000        0x0 c:/program files (x86)/atmel/studio/7.0/toolchain/avr8/avr8-gnu-toolchain/bin/../lib/gcc/avr/5.4.0/avr5\libgcc.a(_udivmodsi4.o)
 .bss           0x00000000        0x0 c:/program files (x86)/atmel/studio/7.0/toolchain/avr8/avr8-gnu-toolchain/bin/../lib/gcc/avr/5.4.0/avr5\libgcc.a(_udivmodsi4.o)
 .text.libgcc.mul
                0x00000000        0x0 c:/program files (x86)/atmel/studio/7.0/toolchain/avr8/avr8-gnu-toolchain/bin/../lib/gcc/avr/5.4.0/avr5\libgcc.a(_udivmodsi4.o)
 .text.libgcc   0x00000000        0x0 c:/program files (x86)/atmel/studio/7.0/toolchain/avr8/avr8-gnu-toolchain/bin/../lib/gcc/avr/5.4.0/avr5\libgcc.a(_udivmodsi4.o)
 .text.libgcc.prologue
                0x00000000        0x0 c:/program files (x86)/atmel/studio/7.0/toolchain/avr8/avr8-gnu-toolchain/bin/../lib/gcc/avr/5.4.0/avr5\libgcc.a(_udivmodsi4.o)
 .text.libgcc.builtins
                0x00000000        0x0 c:/program files (x86)/atmel/studio/7.0/toolchain/avr8/avr8-gnu-toolchain/bin/../lib/gcc/avr/5.4.0/avr5\libgcc.a(_udivmodsi4.o)
 .text.libgcc.fmul
                0x00000000        0x0 c:/program files (x86)/atmel/studio/7.0/toolchain/avr8/avr8-gnu-toolchain/bin/../lib/gcc/avr/5.4.0/avr5\libgcc.a(_udivmodsi4.o)
 .text.libgcc.fixed
                0x00000000        0x0 c:/program files (x86)/atmel/studio/7.0/toolchain/avr8/avr8-gnu-toolchain/bin/../lib/gcc/avr/5.4.0/avr5\libgcc.a(_udivmodsi4.o)
 .text          0x00000000        0x0 c:/program files (x86)/atmel/studio/7.0/toolchain/avr8/avr8-gnu-toolchain/bin/../lib/gcc/avr/5.4.0/avr5\libgcc.a(_exit.o)
 .data          0x00000000        0x0 c:/program files (x86)/atmel/studio/7.0/toolchain/avr8/avr8-gnu-toolchain/bin/../lib/gcc/avr/5.4.0/avr5\libgcc.a(_exit.o)
 .bss           0x00000000        0x0 c:/program files (x86)/atmel/studio/7.0/toolchain/avr8/avr8-gnu-toolchain/bin/../lib/gcc/avr/5.4.0/avr5\libgcc.a(_exit.o)
 .text.libgcc.mul
                0x00000000        0x0 c:/program files (x86)/atmel/studio/7.0/toolchain/avr8/avr8-gnu-toolchain/bin/../lib/gcc/avr/5.4.0/avr5\libgcc.a(_exit.o)
 .text.libgcc.div
                0x00000000        0x0 c:/program files (x86)/atmel/studio/7.0/toolchain/avr8/avr8-gnu-toolchain/bin/../lib/gcc/avr/5.4.0/avr5\libgcc.a(_exit.o)
 .text.libgcc   0x00000000        0x0 c:/program files (x86)/atmel/studio/7.0/toolchain/avr8/avr8-gnu-toolchain/bin/../lib/gcc/avr/5.4.0/avr5\libgcc.a(_exit.o)
 .text.libgcc.prologue
                0x00000000        0x0 c:/program files (x86)/atmel/studio/7.0/toolchain/avr8/avr8-gnu-toolchain/bin/../lib/gcc/avr/5.4.0/avr5\libgcc.a(_exit.o)
 .text.libgcc.builtins
                0x00000000        0x0 c:/program files (x86)/atmel/studio/7.0/toolchain/avr8/avr8-gnu-toolchain/bin/../lib/gcc/avr/5.4.0/avr5\libgcc.a(_exit.o)
 .text.libgcc.fmul
                0x00000000        0x0 c:/program files (x86)/atmel/studio/7.0/toolchain/avr8/avr8-gnu-toolchain/bin/../lib/gcc/avr/5.4.0/avr5\libgcc.a(_exit.o)
 .text.libgcc.fixed
                0x00000000        0x0 c:/program files (x86)/atmel/studio/7.0/toolchain/avr8/avr8-gnu-toolchain/bin/../lib/gcc/avr/5.4.0/avr5\libgcc.a(_exit.o)
 .text          0x00000000        0x0 c:/program files (x86)/atmel/studio/7.0/toolchain/avr8/avr8-gnu-toolchain/bin/../lib/gcc/avr/5.4.0/avr5\libgcc.a(_tablejump2.o)
 .data          0x00000000        0x0 c:/program files (x86)/atmel/studio/7.0/toolchain/avr8/avr8-gnu-toolchain/bin/../lib/gcc/avr/5.4.0/avr5\libgcc.a(_tablejump2.o)
 .bss           0x00000000        0x0 c:/program files (x86)/atmel/studio/7.0/toolchain/avr8/avr8-gnu-toolchain/bin/../lib/gcc/avr/5.4.0/avr5\libgcc.a(_tablejump2.o)
 .text.libgcc.mul
                0x00000000        0x0 c:/program files (x86)/atmel/studio/7.0/toolchain/avr8/avr8-gnu-toolchain/bin/../lib/gcc/avr/5.4.0/avr5\libgcc.a(_tablejump2.o)
 .text.libgcc.div
                0x00000000        0x0 c:/program files (x86)/atmel/studio/7.0/toolchain/avr8/avr8-gnu-toolchain/bin/../lib/gcc/avr/5.4.0/avr5\libgcc.a(_tablejump2.o)
 .text.libgcc.prologue
                0x00000000        0x0 c:/program files (x86)/atmel/studio/7.0/toolchain/avr8/avr8-gnu-toolchain/bin/../lib/gcc/avr/5.4.0/avr5\libgcc.a(_tablejump2.o)
 .text.libgcc.builtins
                0x00000000        0x0 c:/program files (x86)/atmel/studio/7.0/toolchain/avr8/avr8-gnu-toolchain/bin/../lib/gcc/avr/5.4.0/avr5\libgcc.a(_tablejump2.o)
 .text.libgcc.fmul
                0x00000000        0x0 c:/program files (x86)/atmel/studio/7.0/toolchain/avr8/avr8-gnu-toolchain/bin/../lib/gcc/avr/5.4.0/avr5\libgcc.a(_tablejump2.o)
 .text.libgcc.fixed
                0x00000000        0x0 c:/program files (x86)/atmel/studio/7.0/toolchain/avr8/avr8-gnu-toolchain/bin/../lib/gcc/avr/5.4.0/avr5\libgcc.a(_tablejump2.o)
 .text          0x00000000        0x0 c:/program files (x86)/atmel/studio/7.0/toolchain/avr8/avr8-gnu-toolchain/bin/../lib/gcc/avr/5.4.0/avr5\libgcc.a(_copy_data.o)
 .data          0x00000000        0x0 c:/program files (x86)/atmel/studio/7.0/toolchain/avr8/avr8-gnu-toolchain/bin/../lib/gcc/avr/5.4.0/avr5\libgcc.a(_copy_data.o)
 .bss           0x00000000        0x0 c:/program files (x86)/atmel/studio/7.0/toolchain/avr8/avr8-gnu-toolchain/bin/../lib/gcc/avr/5.4.0/avr5\libgcc.a(_copy_data.o)
 .text.libgcc.mul
                0x00000000        0x0 c:/program files (x86)/atmel/studio/7.0/toolchain/avr8/avr8-gnu-toolchain/bin/../lib/gcc/avr/5.4.0/avr5\libgcc.a(_copy_data.o)
 .text.libgcc.div
                0x00000000        0x0 c:/program files (x86)/atmel/studio/7.0/toolchain/avr8/avr8-gnu-toolchain/bin/../lib/gcc/avr/5.4.0/avr5\libgcc.a(_copy_data.o)
 .text.libgcc   0x00000000        0x0 c:/program files (x86)/atmel/studio/7.0/toolchain/avr8/avr8-gnu-toolchain/bin/../lib/gcc/avr/5.4.0/avr5\libgcc.a(_copy_data.o)
 .text.libgcc.prologue
                0x00000000        0x0 c:/program files (x86)/atmel/studio/7.0/toolchain/avr8/avr8-gnu-toolchain/bin/../lib/gcc/avr/5.4.0/avr5\libgcc.a(_copy_data.o)
 .text.libgcc.builtins
                0x00000000        0x0 c:/program files (x86)/atmel/studio/7.0/toolchain/avr8/avr8-gnu-toolchain/bin/../lib/gcc/avr/5.4.0/avr5\libgcc.a(_copy_data.o)
 .text.libgcc.fmul
                0x00000000        0x0 c:/program files (x86)/atmel/studio/7.0/toolchain/avr8/avr8-gnu-toolchain/bin/../lib/gcc/avr/5.4.0/avr5\libgcc.a(_copy_data.o)
 .text.libgcc.fixed
                0x00000000        0x0 c:/program files (x86)/atmel/studio/7.0/toolchain/avr8/avr8-gnu-toolchain/bin/../lib/gcc/avr/5.4.0/avr5\libgcc.a(_copy_data.o)
 .text          0x00000000        0x0 c:/program files (x86)/atmel/studio/7.0/toolchain/avr8/avr8-gnu-toolchain/bin/../lib/gcc/avr/5.4.0/avr5\libgcc.a(_clear_bss.o)
 .data          0x00000000        0x0 c:/program files (x86)/atmel/studio/7.0/toolchain/avr8/avr8-gnu-toolchain/bin/../lib/gcc/avr/5.4.0/avr5\libgcc.a(_clear_bss.o)
 .bss           0x00000000        0x0 c:/program files (x86)/atmel/studio/7.0/toolchain/avr8/avr8-gnu-toolchain/bin/../lib/gcc/avr/5.4.0/avr5\libgcc.a(_clear_bss.o)
 .text.libgcc.mul
                0x00000000        0x0 c:/program files (x86)/atmel/studio/7.0/toolchain/avr8/avr8-gnu-toolchain/bin/../lib/gcc/avr/5.4.0/avr5\libgcc.a(_clear_bss.o)
 .text.libgcc.div
                0x00000000        0x0 c:/program files (x86)/atmel/studio/7.0/toolchain/avr8/avr8-gnu-toolchain/bin/../lib/gcc/avr/5.4.0/avr5\libgcc.a(_clear_bss.o)
 .text.libgcc   0x00000000        0x0 c:/program files (x86)/atmel/studio/7.0/toolchain/avr8/avr8-gnu-toolchain/bin/../lib/gcc/avr/5.4.0/avr5\libgcc.a(_clear_bss.o)
 .text.libgcc.prologue
                0x00000000        0x0 c:/program files (x86)/atmel/studio/7.0/toolchain/avr8/avr8-gnu-toolchain/bin/../lib/gcc/avr/5.4.0/avr5\libgcc.a(_clear_bss.o)
 .text.libgcc.builtins
                0x00000000        0x0 c:/program files (x86)/atmel/studio/7.0/toolchain/avr8/avr8-gnu-toolchain/bin/../lib/gcc/avr/5.4.0/avr5\libgcc.a(_clear_bss.o)
 .text.libgcc.fmul
                0x00000000        0x0 c:/program files (x86)/atmel/studio/7.0/toolchain/avr8/avr8-gnu-toolchain/bin/../lib/gcc/avr/5.4.0/avr5\libgcc.a(_clear_bss.o)
 .text.libgcc.fixed
                0x00000000        0x0 c:/program files (x86)/atmel/studio/7.0/toolchain/avr8/avr8-gnu-toolchain/bin/../lib/gcc/avr/5.4.0/avr5\libgcc.a(_clear_bss.o)
 .text          0x00000000        0x0 c:/program files (x86)/atmel/studio/7.0/toolchain/avr8/avr8-gnu-toolchain/bin/../lib/gcc/avr/5.4.0/avr5\libgcc.a(_umulhisi3.o)
 .data          0x00000000        0x0 c:/program files (x86)/atmel/studio/7.0/toolchain/avr8/avr8-gnu-toolchain/bin/../lib/gcc/avr/5.4.0/avr5\libgcc.a(_umulhisi3.o)
 .bss           0x00000000        0x0 c:/program files (x86)/atmel/studio/7.0/toolchain/avr8/avr8-gnu-toolchain/bin/../lib/gcc/avr/5.4.0/avr5\libgcc.a(_umulhisi3.o)
 .text.libgcc.div
                0x00000000        0x0 c:/program files (x86)/atmel/studio/7.0/toolchain/avr8/avr8-gnu-toolchain/bin/../lib/gcc/avr/5.4.0/avr5\libgcc.a(_umulhisi3.o)
 .text.libgcc   0x00000000        0x0 c:/program files (x86)/atmel/studio/7.0/toolchain/avr8/avr8-gnu-toolchain/bin/../lib/gcc/avr/5.4.0/avr5\libgcc.a(_umulhisi3.o)
 .text.libgcc.prologue
                0x00000000        0x0 c:/program files (x86)/atmel/studio/7.0/toolchain/avr8/avr8-gnu-toolchain/bin/../lib/gcc/avr/5.4.0/avr5\libgcc.a(_umulhisi3.o)
 .text.libgcc.builtins
                0x00000000        0x0 c:/program files (x86)/atmel/studio/7.0/toolchain/avr8/avr8-gnu-toolchain/bin/../lib/gcc/avr/5.4.0/avr5\libgcc.a(_umulhisi3.o)
 .text.libgcc.fmul
                0x00000000        0x0 c:/program files (x86)/atmel/studio/7.0/toolchain/avr8/avr8-gnu-toolchain/bin/../lib/gcc/avr/5.4.0/avr5\libgcc.a(_umulhisi3.o)
 .text.libgcc.fixed
                0x00000000        0x0 c:/program files (x86)/atmel/studio/7.0/toolchain/avr8/avr8-gnu-toolchain/bin/../lib/gcc/avr/5.4.0/avr5\libgcc.a(_umulhisi3.o)
 .text          0x00000000        0x0 c:/program files (x86)/atmel/studio/7.0/toolchain/avr8/avr8-gnu-toolchain/bin/../lib/gcc/avr/5.4.0/avr5\libgcc.a(_muluhisi3.o)
 .data          0x00000000        0x0 c:/program files (x86)/atmel/studio/7.0/toolchain/avr8/avr8-gnu-toolchain/bin/../lib/gcc/avr/5.4.0/avr5\libgcc.a(_muluhisi3.o)
 .bss           0x00000000        0x0 c:/program files (x86)/atmel/studio/7.0/toolchain/avr8/avr8-gnu-toolchain/bin/../lib/gcc/avr/5.4.0/avr5\libgcc.a(_muluhisi3.o)
 .text.libgcc.div
                0x00000000        0x0 c:/program files (x86)/atmel/studio/7.0/toolchain/avr8/avr8-gnu-toolchain/bin/../lib/gcc/avr/5.4.0/avr5\libgcc.a(_muluhisi3.o)
 .text.libgcc   0x00000000        0x0 c:/program files (x86)/atmel/studio/7.0/toolchain/avr8/avr8-gnu-toolchain/bin/../lib/gcc/avr/5.4.0/avr5\libgcc.a(_muluhisi3.o)
 .text.libgcc.prologue
                0x00000000        0x0 c:/program files (x86)/atmel/studio/7.0/toolchain/avr8/avr8-gnu-toolchain/bin/../lib/gcc/avr/5.4.0/avr5\libgcc.a(_muluhisi3.o)
 .text.libgcc.builtins
                0x00000000        0x0 c:/program files (x86)/atmel/studio/7.0/toolchain/avr8/avr8-gnu-toolchain/bin/../lib/gcc/avr/5.4.0/avr5\libgcc.a(_muluhisi3.o)
 .text.libgcc.fmul
                0x00000000        0x0 c:/program files (x86)/atmel/studio/7.0/toolchain/avr8/avr8-gnu-toolchain/bin/../lib/gcc/avr/5.4.0/avr5\libgcc.a(_muluhisi3.o)
 .text.libgcc.fixed
                0x00000000        0x0 c:/program files (x86)/atmel/studio/7.0/toolchain/avr8/avr8-gnu-toolchain/bin/../lib/gcc/avr/5.4.0/avr5\libgcc.a(_muluhisi3.o)
 .text          0x00000000        0x0 c:/program files (x86)/atmel/studio/7.0/toolchain/avr8/avr8-gnu-toolchain/bin/../lib/gcc/avr/5.4.0/../../../../avr/lib/avr5\libc.a(iob.o)
 .data          0x00000000        0x0 c:/program files (x86)/atmel/studio/7.0/toolchain/avr8/avr8-gnu-toolchain/bin/../lib/gcc/avr/5.4.0/../../../../avr/lib/avr5\libc.a(iob.o)
 .bss           0x00000000        0x0 c:/program files (x86)/atmel/studio/7.0/toolchain/avr8/avr8-gnu-toolchain/bin/../lib/gcc/avr/5.4.0/../../../../avr/lib/avr5\libc.a(iob.o)
 .text          0x00000000        0x0 c:/program files (x86)/atmel/studio/7.0/toolchain/avr8/avr8-gnu-toolchain/bin/../lib/gcc/avr/5.4.0/../../../../avr/lib/avr5\libc.a(printf.o)
 .data          0x00000000        0x0 c:/program files (x86)/atmel/studio/7.0/toolchain/avr8/avr8-gnu-toolchain/bin/../lib/gcc/avr/5.4.0/../../../../avr/lib/avr5\libc.a(printf.o)
 .bss           0x00000000        0x0 c:/program files (x86)/atmel/studio/7.0/toolchain/avr8/avr8-gnu-toolchain/bin/../lib/gcc/avr/5.4.0/../../../../avr/lib/avr5\libc.a(printf.o)
 .text          0x00000000        0x0 c:/program files (x86)/atmel/studio/7.0/toolchain/avr8/avr8-gnu-toolchain/bin/../lib/gcc/avr/5.4.0/../../../../avr/lib/avr5\libc.a(printf_p.o)
 .data          0x00000000        0x0 c:/program files (x86)/atmel/studio/7.0/toolchain/avr8/avr8-gnu-toolchain/bin/../lib/gcc/avr/5.4.0/../../../../avr/lib/avr5\libc.a(printf_p.o)
 .bss           0x00000000        0x0 c:/program files (x86)/atmel/studio/7.0/toolchain/avr8/avr8-gnu-toolchain/bin/../lib/gcc/avr/5.4.0/../../../../avr/lib/avr5\libc.a(printf_p.o)
 .text          0x00000000        0x0 c:/program files (x86)/atmel/studio/7.0/toolchain/avr8/avr8-gnu-toolchain/bin/../lib/gcc/avr/5.4.0/../../../../avr/lib/avr5\libc.a(puts.o)
 .data          0x00000000        0x0 c:/program files (x86)/atmel/studio/7.0/toolchain/avr8/avr8-gnu-toolchain/bin/../lib/gcc/avr/5.4.0/../../../../avr/lib/avr5\libc.a(puts.o)
 .bss           0x00000000        0x0 c:/program files (x86)/atmel/studio/7.0/toolchain/avr8/avr8-gnu-toolchain/bin/../lib/gcc/avr/5.4.0/../../../../avr/lib/avr5\libc.a(puts.o)
 .text          0x00000000        0x0 c:/program files (x86)/atmel/studio/7.0/toolchain/avr8/avr8-gnu-toolchain/bin/../lib/gcc/avr/5.4.0/../../../../avr/lib/avr5\libc.a(vfprintf_std.o)
 .data          0x00000000        0x0 c:/program files (x86)/atmel/studio/7.0/toolchain/avr8/avr8-gnu-toolchain/bin/../lib/gcc/avr/5.4.0/../../../../avr/lib/avr5\libc.a(vfprintf_std.o)
 .bss           0x00000000        0x0 c:/program files (x86)/atmel/studio/7.0/toolchain/avr8/avr8-gnu-toolchain/bin/../lib/gcc/avr/5.4.0/../../../../avr/lib/avr5\libc.a(vfprintf_std.o)
 .text          0x00000000        0x0 c:/program files (x86)/atmel/studio/7.0/toolchain/avr8/avr8-gnu-toolchain/bin/../lib/gcc/avr/5.4.0/../../../../avr/lib/avr5\libc.a(strnlen_P.o)
 .data          0x00000000        0x0 c:/program files (x86)/atmel/studio/7.0/toolchain/avr8/avr8-gnu-toolchain/bin/../lib/gcc/avr/5.4.0/../../../../avr/lib/avr5\libc.a(strnlen_P.o)
 .bss           0x00000000        0x0 c:/program files (x86)/atmel/studio/7.0/toolchain/avr8/avr8-gnu-toolchain/bin/../lib/gcc/avr/5.4.0/../../../../avr/lib/avr5\libc.a(strnlen_P.o)
 .text          0x00000000        0x0 c:/program files (x86)/atmel/studio/7.0/toolchain/avr8/avr8-gnu-toolchain/bin/../lib/gcc/avr/5.4.0/../../../../avr/lib/avr5\libc.a(strnlen.o)
 .data          0x00000000        0x0 c:/program files (x86)/atmel/studio/7.0/toolchain/avr8/avr8-gnu-toolchain/bin/../lib/gcc/avr/5.4.0/../../../../avr/lib/avr5\libc.a(strnlen.o)
 .bss           0x00000000        0x0 c:/program files (x86)/atmel/studio/7.0/toolchain/avr8/avr8-gnu-toolchain/bin/../lib/gcc/avr/5.4.0/../../../../avr/lib/avr5\libc.a(strnlen.o)
 .text          0x00000000        0x0 c:/program files (x86)/atmel/studio/7.0/toolchain/avr8/avr8-gnu-toolchain/bin/../lib/gcc/avr/5.4.0/../../../../avr/lib/avr5\libc.a(fputc.o)
 .data          0x00000000        0x0 c:/program files (x86)/atmel/studio/7.0/toolchain/avr8/avr8-gnu-toolchain/bin/../lib/gcc/avr/5.4.0/../../../../avr/lib/avr5\libc.a(fputc.o)
 .bss           0x00000000        0x0 c:/program files (x86)/atmel/studio/7.0/toolchain/avr8/avr8-gnu-toolchain/bin/../lib/gcc/avr/5.4.0/../../../../avr/lib/avr5\libc.a(fputc.o)
 .text          0x00000000        0x0 c:/program files (x86)/atmel/studio/7.0/toolchain/avr8/avr8-gnu-toolchain/bin/../lib/gcc/avr/5.4.0/../../../../avr/lib/avr5\libc.a(ultoa_invert.o)
 .data          0x00000000        0x0 c:/program files (x86)/atmel/studio/7.0/toolchain/avr8/avr8-gnu-toolchain/bin/../lib/gcc/avr/5.4.0/../../../../avr/lib/avr5\libc.a(ultoa_invert.o)
 .bss           0x00000000        0x0 c:/program files (x86)/atmel/studio/7.0/toolchain/avr8/avr8-gnu-toolchain/bin/../lib/gcc/avr/5.4.0/../../../../avr/lib/avr5\libc.a(ultoa_invert.o)
 .text          0x00000000        0x0 c:/program files (x86)/atmel/studio/7.0/toolchain/avr8/avr8-gnu-toolchain/bin/../lib/gcc/avr/5.4.0/avr5\libgcc.a(_prologue.o)
 .data          0x00000000        0x0 c:/program files (x86)/atmel/studio/7.0/toolchain/avr8/avr8-gnu-toolchain/bin/../lib/gcc/avr/5.4.0/avr5\libgcc.a(_prologue.o)
 .bss           0x00000000        0x0 c:/program files (x86)/atmel/studio/7.0/toolchain/avr8/avr8-gnu-toolchain/bin/../lib/gcc/avr/5.4.0/avr5\libgcc.a(_prologue.o)
 .text.libgcc.mul
                0x00000000        0x0 c:/program files (x86)/atmel/studio/7.0/toolchain/avr8/avr8-gnu-toolchain/bin/../lib/gcc/avr/5.4.0/avr5\libgcc.a(_prologue.o)
 .text.libgcc.div
                0x00000000        0x0 c:/program files (x86)/atmel/studio/7.0/toolchain/avr8/avr8-gnu-toolchain/bin/../lib/gcc/avr/5.4.0/avr5\libgcc.a(_prologue.o)
 .text.libgcc   0x00000000        0x0 c:/program files (x86)/atmel/studio/7.0/toolchain/avr8/avr8-gnu-toolchain/bin/../lib/gcc/avr/5.4.0/avr5\libgcc.a(_prologue.o)
 .text.libgcc.builtins
                0x00000000        0x0 c:/program files (x86)/atmel/studio/7.0/toolchain/avr8/avr8-gnu-toolchain/bin/../lib/gcc/avr/5.4.0/avr5\libgcc.a(_prologue.o)
 .text.libgcc.fmul
                0x00000000        0x0 c:/program files (x86)/atmel/studio/7.0/toolchain/avr8/avr8-gnu-toolchain/bin/../lib/gcc/avr/5.4.0/avr5\libgcc.a(_prologue.o)
 .text.libgcc.fixed
                0x00000000        0x0 c:/program files (x86)/atmel/studio/7.0/toolchain/avr8/avr8-gnu-toolchain/bin/../lib/gcc/avr/5.4.0/avr5\libgcc.a(_prologue.o)
 .text          0x00000000        0x0 c:/program files (x86)/atmel/studio/7.0/toolchain/avr8/avr8-gnu-toolchain/bin/../lib/gcc/avr/5.4.0/avr5\libgcc.a(_epilogue.o)
 .data          0x00000000        0x0 c:/program files (x86)/atmel/studio/7.0/toolchain/avr8/avr8-gnu-toolchain/bin/../lib/gcc/avr/5.4.0/avr5\libgcc.a(_epilogue.o)
 .bss           0x00000000        0x0 c:/program files (x86)/atmel/studio/7.0/toolchain/avr8/avr8-gnu-toolchain/bin/../lib/gcc/avr/5.4.0/avr5\libgcc.a(_epilogue.o)
 .text.libgcc.mul
                0x00000000        0x0 c:/program files (x86)/atmel/studio/7.0/toolchain/avr8/avr8-gnu-toolchain/bin/../lib/gcc/avr/5.4.0/avr5\libgcc.a(_epilogue.o)
 .text.libgcc.div
                0x00000000        0x0 c:/program files (x86)/atmel/studio/7.0/toolchain/avr8/avr8-gnu-toolchain/bin/../lib/gcc/avr/5.4.0/avr5\libgcc.a(_epilogue.o)
 .text.libgcc   0x00000000        0x0 c:/program files (x86)/atmel/studio/7.0/toolchain/avr8/avr8-gnu-toolchain/bin/../lib/gcc/avr/5.4.0/avr5\libgcc.a(_epilogue.o)
 .text.libgcc.builtins
                0x00000000        0x0 c:/program files (x86)/atmel/studio/7.0/toolchain/avr8/avr8-gnu-toolchain/bin/../lib/gcc/avr/5.4.0/avr5\libgcc.a(_epilogue.o)
 .text.libgcc.fmul
                0x00000000        0x0 c:/program files (x86)/atmel/studio/7.0/toolchain/avr8/avr8-gnu-toolchain/bin/../lib/gcc/avr/5.4.0/avr5\libgcc.a(_epilogue.o)
 .text.libgcc.fixed
                0x00000000        0x0 c:/program files (x86)/atmel/studio/7.0/toolchain/avr8/avr8-gnu-toolchain/bin/../lib/gcc/avr/5.4.0/avr5\libgcc.a(_epilogue.o)

Memory Configuration

Name             Origin             Length             Attributes
text             0x00000000         0x00008000         xr
data             0x00800100         0x00000800         rw !x
eeprom           0x00810000         0x00000400         rw !x
fuse             0x00820000         0x00000003         rw !x
lock             0x00830000         0x00000400         rw !x
signature        0x00840000         0x00000400         rw !x
user_signatures  0x00850000         0x00000400         rw !x
*default*        0x00000000         0xffffffff

Linker script and memory map

Address of section .data set to 0x800100
LOAD C:/Program Files (x86)/Atmel/Studio/7.0/Packs/atmel/ATmega_DFP/1.7.374/gcc/dev/atmega328p/avr5/crtatmega328p.o
LOAD main.o
LOAD utils/legacy_hcsr04/hcsr04_utils.o
LOAD utils/programPath/boxsorter_utils.o
LOAD utils/protocol/protocol_utils.o
LOAD utils/servo/servo_utils.o
LOAD utils/tcrt/tcrt_utils.o
LOAD utils/ultrasonic_hal.o
LOAD utils/usart/usart_utils.o
START GROUP
LOAD D:\Microcontroladores\koba_ultrasonic_lib\koba_ultrasonic_lib\Debug\lib_koba_ultrasonic.a
END GROUP
START GROUP
LOAD c:/program files (x86)/atmel/studio/7.0/toolchain/avr8/avr8-gnu-toolchain/bin/../lib/gcc/avr/5.4.0/avr5\libgcc.a
LOAD c:/program files (x86)/atmel/studio/7.0/toolchain/avr8/avr8-gnu-toolchain/bin/../lib/gcc/avr/5.4.0/../../../../avr/lib/avr5\libm.a
LOAD c:/program files (x86)/atmel/studio/7.0/toolchain/avr8/avr8-gnu-toolchain/bin/../lib/gcc/avr/5.4.0/../../../../avr/lib/avr5\libc.a
LOAD C:/Program Files (x86)/Atmel/Studio/7.0/Packs/atmel/ATmega_DFP/1.7.374/gcc/dev/atmega328p/avr5\libatmega328p.a
END GROUP
                0x00000000                __TEXT_REGION_ORIGIN__ = DEFINED (__TEXT_REGION_ORIGIN__)?__TEXT_REGION_ORIGIN__:0x0
                [0x00800100]                __DATA_REGION_ORIGIN__ = DEFINED (__DATA_REGION_ORIGIN__)?__DATA_REGION_ORIGIN__:0x800060
                [0x00008000]                __TEXT_REGION_LENGTH__ = DEFINED (__TEXT_REGION_LENGTH__)?__TEXT_REGION_LENGTH__:0x20000
                [0x00000800]                __DATA_REGION_LENGTH__ = DEFINED (__DATA_REGION_LENGTH__)?__DATA_REGION_LENGTH__:0xffa0
                [0x00000400]                __EEPROM_REGION_LENGTH__ = DEFINED (__EEPROM_REGION_LENGTH__)?__EEPROM_REGION_LENGTH__:0x10000
                [0x00000003]                __FUSE_REGION_LENGTH__ = DEFINED (__FUSE_REGION_LENGTH__)?__FUSE_REGION_LENGTH__:0x400
                0x00000400                __LOCK_REGION_LENGTH__ = DEFINED (__LOCK_REGION_LENGTH__)?__LOCK_REGION_LENGTH__:0x400
                0x00000400                __SIGNATURE_REGION_LENGTH__ = DEFINED (__SIGNATURE_REGION_LENGTH__)?__SIGNATURE_REGION_LENGTH__:0x400
                0x00000400                __USER_SIGNATURE_REGION_LENGTH__ = DEFINED (__USER_SIGNATURE_REGION_LENGTH__)?__USER_SIGNATURE_REGION_LENGTH__:0x400

.hash
 *(.hash)

.dynsym
 *(.dynsym)

.dynstr
 *(.dynstr)

.gnu.version
 *(.gnu.version)

.gnu.version_d
 *(.gnu.version_d)

.gnu.version_r
 *(.gnu.version_r)

.rel.init
 *(.rel.init)

.rela.init
 *(.rela.init)

.rel.text
 *(.rel.text)
 *(.rel.text.*)
 *(.rel.gnu.linkonce.t*)

.rela.text
 *(.rela.text)
 *(.rela.text.*)
 *(.rela.gnu.linkonce.t*)

.rel.fini
 *(.rel.fini)

.rela.fini
 *(.rela.fini)

.rel.rodata
 *(.rel.rodata)
 *(.rel.rodata.*)
 *(.rel.gnu.linkonce.r*)

.rela.rodata
 *(.rela.rodata)
 *(.rela.rodata.*)
 *(.rela.gnu.linkonce.r*)

.rel.data
 *(.rel.data)
 *(.rel.data.*)
 *(.rel.gnu.linkonce.d*)

.rela.data
 *(.rela.data)
 *(.rela.data.*)
 *(.rela.gnu.linkonce.d*)

.rel.ctors
 *(.rel.ctors)

.rela.ctors
 *(.rela.ctors)

.rel.dtors
 *(.rel.dtors)

.rela.dtors
 *(.rela.dtors)

.rel.got
 *(.rel.got)

.rela.got
 *(.rela.got)

.rel.bss
 *(.rel.bss)

.rela.bss
 *(.rela.bss)

.rel.plt
 *(.rel.plt)

.rela.plt
 *(.rela.plt)

.text           0x00000000     0x27da
 *(.vectors)
 .vectors       0x00000000       0x68 C:/Program Files (x86)/Atmel/Studio/7.0/Packs/atmel/ATmega_DFP/1.7.374/gcc/dev/atmega328p/avr5/crtatmega328p.o
                0x00000000                __vector_default
                0x00000000                __vectors
 *(.vectors)
 *(.progmem.gcc*)
 .progmem.gcc_sw_table.create_payload
                0x00000068       0x10 utils/protocol/protocol_utils.o
                0x00000078                . = ALIGN (0x2)
                0x00000078                __trampolines_start = .
 *(.trampolines)
 .trampolines   0x00000078        0x0 linker stubs
 *(.trampolines*)
                0x00000078                __trampolines_end = .
 *libprintf_flt.a:*(.progmem.data)
 *libc.a:*(.progmem.data)
 *(.progmem*)
 .progmem.data.__c.2345
                0x00000078       0x10 main.o
 .progmem.data.__c.2335
                0x00000088       0x1b main.o
 .progmem.data.__c.2353
                0x000000a3       0x23 main.o
 .progmem.data.__c.2351
                0x000000c6        0xa main.o
 .progmem.data.__c.2299
                0x000000d0        0xf utils/protocol/protocol_utils.o
 .progmem.data.__c.2295
                0x000000df        0xc utils/protocol/protocol_utils.o
 .progmem.data.__c.2293
                0x000000eb        0xe utils/protocol/protocol_utils.o
 .progmem.data.__c.2291
                0x000000f9       0x30 utils/protocol/protocol_utils.o
 .progmem.data.__c.2289
                0x00000129       0x12 utils/protocol/protocol_utils.o
 .progmem.data.__c.2287
                0x0000013b       0x10 utils/protocol/protocol_utils.o
 .progmem.data.__c.2273
                0x0000014b        0xe utils/protocol/protocol_utils.o
 .progmem.data.__c.2271
                0x00000159        0xc utils/protocol/protocol_utils.o
 .progmem.data.__c.2264
                0x00000165       0x11 utils/protocol/protocol_utils.o
                0x00000176                . = ALIGN (0x2)
 *(.jumptables)
 *(.jumptables*)
 *(.lowtext)
 *(.lowtext*)
                0x00000176                __ctors_start = .
 *(.ctors)
                0x00000176                __ctors_end = .
                0x00000176                __dtors_start = .
 *(.dtors)
                0x00000176                __dtors_end = .
 SORT(*)(.ctors)
 SORT(*)(.dtors)
 *(.init0)
 .init0         0x00000176        0x0 C:/Program Files (x86)/Atmel/Studio/7.0/Packs/atmel/ATmega_DFP/1.7.374/gcc/dev/atmega328p/avr5/crtatmega328p.o
                0x00000176                __init
 *(.init0)
 *(.init1)
 *(.init1)
 *(.init2)
 .init2         0x00000176        0xc C:/Program Files (x86)/Atmel/Studio/7.0/Packs/atmel/ATmega_DFP/1.7.374/gcc/dev/atmega328p/avr5/crtatmega328p.o
 *(.init2)
 *(.init3)
 *(.init3)
 *(.init4)
 .init4         0x00000182       0x16 c:/program files (x86)/atmel/studio/7.0/toolchain/avr8/avr8-gnu-toolchain/bin/../lib/gcc/avr/5.4.0/avr5\libgcc.a(_copy_data.o)
                0x00000182                __do_copy_data
 .init4         0x00000198       0x10 c:/program files (x86)/atmel/studio/7.0/toolchain/avr8/avr8-gnu-toolchain/bin/../lib/gcc/avr/5.4.0/avr5\libgcc.a(_clear_bss.o)
                0x00000198                __do_clear_bss
 *(.init4)
 *(.init5)
 *(.init5)
 *(.init6)
 *(.init6)
 *(.init7)
 *(.init7)
 *(.init8)
 *(.init8)
 *(.init9)
 .init9         0x000001a8        0x8 C:/Program Files (x86)/Atmel/Studio/7.0/Packs/atmel/ATmega_DFP/1.7.374/gcc/dev/atmega328p/avr5/crtatmega328p.o
 *(.init9)
 *(.text)
 .text          0x000001b0        0x4 C:/Program Files (x86)/Atmel/Studio/7.0/Packs/atmel/ATmega_DFP/1.7.374/gcc/dev/atmega328p/avr5/crtatmega328p.o
                0x000001b0                __vector_22
                0x000001b0                __vector_1
                0x000001b0                __vector_24
                0x000001b0                __bad_interrupt
                0x000001b0                __vector_6
                0x000001b0                __vector_3
                0x000001b0                __vector_23
                0x000001b0                __vector_25
                0x000001b0                __vector_17
                0x000001b0                __vector_5
                0x000001b0                __vector_4
                0x000001b0                __vector_9
                0x000001b0                __vector_2
                0x000001b0                __vector_21
                0x000001b0                __vector_15
                0x000001b0                __vector_8
                0x000001b0                __vector_14
                0x000001b0                __vector_16
                0x000001b0                __vector_20
                0x000001b4                . = ALIGN (0x2)
 *(.text.*)
 .text.printfWrapper
                0x000001b4        0x6 main.o
                0x000001b4                printfWrapper
 .text.__vector_10
                0x000001ba       0xc0 main.o
                0x000001ba                __vector_10
 .text.__vector_13
                0x0000027a       0x22 main.o
                0x0000027a                __vector_13
 .text.__vector_11
                0x0000029c      0x106 main.o
                0x0000029c                __vector_11
 .text.__vector_12
                0x000003a2      0x2a0 main.o
                0x000003a2                __vector_12
 .text.__vector_18
                0x00000642       0xb4 main.o
                0x00000642                __vector_18
 .text.__vector_19
                0x000006f6       0x80 main.o
                0x000006f6                __vector_19
 .text.timer1_init
                0x00000776       0x3c main.o
                0x00000776                timer1_init
 .text.timer2_init
                0x000007b2       0x20 main.o
                0x000007b2                timer2_init
 .text.gpio_pins_init
                0x000007d2       0x42 main.o
                0x000007d2                gpio_pins_init
 .text.__vector_7
                0x00000814      0x228 main.o
                0x00000814                __vector_7
 .text.main     0x00000a3c      0x2d0 main.o
                0x00000a3c                main
 .text.initDetector
                0x00000d0c       0x34 utils/programPath/boxsorter_utils.o
                0x00000d0c                initDetector
 .text.initOutputs
                0x00000d40       0xea utils/programPath/boxsorter_utils.o
                0x00000d40                initOutputs
 .text.initSorter
                0x00000e2a       0x3c utils/programPath/boxsorter_utils.o
                0x00000e2a                initSorter
 .text.classify_box
                0x00000e66      0x124 utils/programPath/boxsorter_utils.o
                0x00000e66                classify_box
 .text.ultraSensorTask
                0x00000f8a      0x298 utils/programPath/boxsorter_utils.o
                0x00000f8a                ultraSensorTask
 .text.irSensorsTask
                0x00001222      0x1b6 utils/programPath/boxsorter_utils.o
                0x00001222                irSensorsTask
 .text.servosTask
                0x000013d8        0x2 utils/programPath/boxsorter_utils.o
                0x000013d8                servosTask
 .text.verify_header
                0x000013da       0xf0 utils/protocol/protocol_utils.o
                0x000013da                verify_header
 .text.process_protocol_buffer
                0x000014ca       0x48 utils/protocol/protocol_utils.o
                0x000014ca                process_protocol_buffer
 .text.getResponseCommand
                0x00001512       0x74 utils/protocol/protocol_utils.o
                0x00001512                getResponseCommand
 .text.clear_receive_pck
                0x00001586       0x28 utils/protocol/protocol_utils.o
                0x00001586                clear_receive_pck
 .text.initProtocolService
                0x000015ae       0x1c utils/protocol/protocol_utils.o
                0x000015ae                initProtocolService
 .text.calculatePayload
                0x000015ca       0xde utils/protocol/protocol_utils.o
                0x000015ca                calculatePayload
 .text.createPck
                0x000016a8       0xa4 utils/protocol/protocol_utils.o
                0x000016a8                createPck
 .text.validatePck
                0x0000174c      0x172 utils/protocol/protocol_utils.o
                0x0000174c                validatePck
 .text.create_payload
                0x000018be       0xe4 utils/protocol/protocol_utils.o
                0x000018be                create_payload
 .text.protocolTask
                0x000019a2      0x182 utils/protocol/protocol_utils.o
                0x000019a2                protocolTask
 .text.calculate_angle_pulseUs
                0x00001b24       0x26 utils/servo/servo_utils.o
                0x00001b24                calculate_angle_pulseUs
 .text.initServo
                0x00001b4a       0x48 utils/servo/servo_utils.o
                0x00001b4a                initServo
 .text.tcrt_init
                0x00001b92       0x1a utils/tcrt/tcrt_utils.o
                0x00001b92                tcrt_init
 .text.tcrt_read_channel
                0x00001bac       0x32 utils/tcrt/tcrt_utils.o
                0x00001bac                tcrt_read_channel
 .text.TCRT_init_Handlers
                0x00001bde       0x72 utils/tcrt/tcrt_utils.o
                0x00001bde                TCRT_init_Handlers
 .text.calibrateIRSensor
                0x00001c50       0x7e utils/tcrt/tcrt_utils.o
                0x00001c50                calibrateIRSensor
 .text.tcrt_read
                0x00001cce       0x62 utils/tcrt/tcrt_utils.o
                0x00001cce                tcrt_read
 .text.tcrt_is_box_detected
                0x00001d30       0x9c utils/tcrt/tcrt_utils.o
                0x00001d30                tcrt_is_box_detected
 .text.ultrasonic_hal_trigger_setHigh
                0x00001dcc        0x8 utils/ultrasonic_hal.o
                0x00001dcc                ultrasonic_hal_trigger_setHigh
 .text.ultrasonic_hal_trigger_setLow
                0x00001dd4        0x8 utils/ultrasonic_hal.o
                0x00001dd4                ultrasonic_hal_trigger_setLow
 .text.ultrasonic_hal_echo_setRisingEdge
                0x00001ddc        0xc utils/ultrasonic_hal.o
                0x00001ddc                ultrasonic_hal_echo_setRisingEdge
 .text.ultrasonic_hal_echo_setFallingEdge
                0x00001de8        0xc utils/ultrasonic_hal.o
                0x00001de8                ultrasonic_hal_echo_setFallingEdge
 .text.USART_Init
                0x00001df4       0x16 utils/usart/usart_utils.o
                0x00001df4                USART_Init
 .text.USART_putchar_blocking
                0x00001e0a       0x12 utils/usart/usart_utils.o
                0x00001e0a                USART_putchar_blocking
 .text.USART_getchar
                0x00001e1c       0x44 utils/usart/usart_utils.o
                0x00001e1c                USART_getchar
 .text.ultrasonic_set_debug_mode
                0x00001e60        0x6 D:\Microcontroladores\koba_ultrasonic_lib\koba_ultrasonic_lib\Debug\lib_koba_ultrasonic.a(ultrasonic.o)
                0x00001e60                ultrasonic_set_debug_mode
 .text.ultrasonic_calculate_distance
                0x00001e66       0x8a D:\Microcontroladores\koba_ultrasonic_lib\koba_ultrasonic_lib\Debug\lib_koba_ultrasonic.a(ultrasonic.o)
                0x00001e66                ultrasonic_calculate_distance
 .text.ultrasonic_print
                0x00001ef0       0x14 D:\Microcontroladores\koba_ultrasonic_lib\koba_ultrasonic_lib\Debug\lib_koba_ultrasonic.a(ultrasonic.o)
                0x00001ef0                ultrasonic_print
 .text.ultrasonic_init_flags
                0x00001f04       0x4a D:\Microcontroladores\koba_ultrasonic_lib\koba_ultrasonic_lib\Debug\lib_koba_ultrasonic.a(ultrasonic.o)
                0x00001f04                ultrasonic_init_flags
 .text.ultrasonic_init
                0x00001f4e       0x3e D:\Microcontroladores\koba_ultrasonic_lib\koba_ultrasonic_lib\Debug\lib_koba_ultrasonic.a(ultrasonic.o)
                0x00001f4e                ultrasonic_init
 .text.ultrasonic_timeout_clear
                0x00001f8c       0x3a D:\Microcontroladores\koba_ultrasonic_lib\koba_ultrasonic_lib\Debug\lib_koba_ultrasonic.a(ultrasonic.o)
                0x00001f8c                ultrasonic_timeout_clear
 .text.ultrasonic_start
                0x00001fc6       0x5c D:\Microcontroladores\koba_ultrasonic_lib\koba_ultrasonic_lib\Debug\lib_koba_ultrasonic.a(ultrasonic.o)
                0x00001fc6                ultrasonic_start
 .text.ultrasonic_update
                0x00002022       0xc8 D:\Microcontroladores\koba_ultrasonic_lib\koba_ultrasonic_lib\Debug\lib_koba_ultrasonic.a(ultrasonic.o)
                0x00002022                ultrasonic_update
 .text.libgcc.div
                0x000020ea       0x44 c:/program files (x86)/atmel/studio/7.0/toolchain/avr8/avr8-gnu-toolchain/bin/../lib/gcc/avr/5.4.0/avr5\libgcc.a(_udivmodsi4.o)
                0x000020ea                __udivmodsi4
 .text.libgcc   0x0000212e        0xc c:/program files (x86)/atmel/studio/7.0/toolchain/avr8/avr8-gnu-toolchain/bin/../lib/gcc/avr/5.4.0/avr5\libgcc.a(_tablejump2.o)
                0x0000212e                __tablejump2__
 .text.libgcc.mul
                0x0000213a       0x1e c:/program files (x86)/atmel/studio/7.0/toolchain/avr8/avr8-gnu-toolchain/bin/../lib/gcc/avr/5.4.0/avr5\libgcc.a(_umulhisi3.o)
                0x0000213a                __umulhisi3
 .text.libgcc.mul
                0x00002158       0x16 c:/program files (x86)/atmel/studio/7.0/toolchain/avr8/avr8-gnu-toolchain/bin/../lib/gcc/avr/5.4.0/avr5\libgcc.a(_muluhisi3.o)
                0x00002158                __muluhisi3
 .text.avr-libc
                0x0000216e       0x2c c:/program files (x86)/atmel/studio/7.0/toolchain/avr8/avr8-gnu-toolchain/bin/../lib/gcc/avr/5.4.0/../../../../avr/lib/avr5\libc.a(printf.o)
                0x0000216e                printf
 .text.avr-libc
                0x0000219a       0x4c c:/program files (x86)/atmel/studio/7.0/toolchain/avr8/avr8-gnu-toolchain/bin/../lib/gcc/avr/5.4.0/../../../../avr/lib/avr5\libc.a(printf_p.o)
                0x0000219a                printf_P
 .text.avr-libc
                0x000021e6       0x60 c:/program files (x86)/atmel/studio/7.0/toolchain/avr8/avr8-gnu-toolchain/bin/../lib/gcc/avr/5.4.0/../../../../avr/lib/avr5\libc.a(puts.o)
                0x000021e6                puts
 .text.avr-libc
                0x00002246      0x3c2 c:/program files (x86)/atmel/studio/7.0/toolchain/avr8/avr8-gnu-toolchain/bin/../lib/gcc/avr/5.4.0/../../../../avr/lib/avr5\libc.a(vfprintf_std.o)
                0x00002246                vfprintf
 .text.avr-libc
                0x00002608       0x16 c:/program files (x86)/atmel/studio/7.0/toolchain/avr8/avr8-gnu-toolchain/bin/../lib/gcc/avr/5.4.0/../../../../avr/lib/avr5\libc.a(strnlen_P.o)
                0x00002608                strnlen_P
 .text.avr-libc
                0x0000261e       0x16 c:/program files (x86)/atmel/studio/7.0/toolchain/avr8/avr8-gnu-toolchain/bin/../lib/gcc/avr/5.4.0/../../../../avr/lib/avr5\libc.a(strnlen.o)
                0x0000261e                strnlen
 .text.avr-libc
                0x00002634       0x78 c:/program files (x86)/atmel/studio/7.0/toolchain/avr8/avr8-gnu-toolchain/bin/../lib/gcc/avr/5.4.0/../../../../avr/lib/avr5\libc.a(fputc.o)
                0x00002634                fputc
 .text.avr-libc
                0x000026ac       0xbc c:/program files (x86)/atmel/studio/7.0/toolchain/avr8/avr8-gnu-toolchain/bin/../lib/gcc/avr/5.4.0/../../../../avr/lib/avr5\libc.a(ultoa_invert.o)
                0x000026ac                __ultoa_invert
 .text.libgcc.prologue
                0x00002768       0x38 c:/program files (x86)/atmel/studio/7.0/toolchain/avr8/avr8-gnu-toolchain/bin/../lib/gcc/avr/5.4.0/avr5\libgcc.a(_prologue.o)
                0x00002768                __prologue_saves__
 .text.libgcc.prologue
                0x000027a0       0x36 c:/program files (x86)/atmel/studio/7.0/toolchain/avr8/avr8-gnu-toolchain/bin/../lib/gcc/avr/5.4.0/avr5\libgcc.a(_epilogue.o)
                0x000027a0                __epilogue_restores__
                0x000027d6                . = ALIGN (0x2)
 *(.fini9)
 .fini9         0x000027d6        0x0 c:/program files (x86)/atmel/studio/7.0/toolchain/avr8/avr8-gnu-toolchain/bin/../lib/gcc/avr/5.4.0/avr5\libgcc.a(_exit.o)
                0x000027d6                _exit
                0x000027d6                exit
 *(.fini9)
 *(.fini8)
 *(.fini8)
 *(.fini7)
 *(.fini7)
 *(.fini6)
 *(.fini6)
 *(.fini5)
 *(.fini5)
 *(.fini4)
 *(.fini4)
 *(.fini3)
 *(.fini3)
 *(.fini2)
 *(.fini2)
 *(.fini1)
 *(.fini1)
 *(.fini0)
 .fini0         0x000027d6        0x4 c:/program files (x86)/atmel/studio/7.0/toolchain/avr8/avr8-gnu-toolchain/bin/../lib/gcc/avr/5.4.0/avr5\libgcc.a(_exit.o)
 *(.fini0)
                0x000027da                _etext = .

.data           0x00800100      0x600 load address 0x000027da
                0x00800100                PROVIDE (__data_start, .)
 *(.data)
 *(.data*)
 .data.mystdin  0x00800100        0xe main.o
                0x00800100                mystdin
 .data.mystdout
                0x0080010e        0xe main.o
                0x0080010e                mystdout
 .data.local_box_ranges.2049
                0x0080011c        0x6 utils/programPath/boxsorter_utils.o
 *(.gnu.linkonce.d*)
 *(.rodata)
 *(.rodata*)
 .rodata.str1.1
                0x00800122      0x32e utils/programPath/boxsorter_utils.o
                                0x339 (size before relaxing)
 .rodata.str1.1
                0x00800450      0x107 utils/protocol/protocol_utils.o
 .rodata.str1.1
                0x00800557        0xf utils/servo/servo_utils.o
 .rodata.str1.1
                0x00800566       0x4a utils/tcrt/tcrt_utils.o
 .rodata.str1.1
                0x008005b0      0x14f D:\Microcontroladores\koba_ultrasonic_lib\koba_ultrasonic_lib\Debug\lib_koba_ultrasonic.a(ultrasonic.o)
                                0x171 (size before relaxing)
 *(.gnu.linkonce.r*)
                0x00800700                . = ALIGN (0x2)
 *fill*         0x008006ff        0x1 
                0x00800700                _edata = .
                0x00800700                PROVIDE (__data_end, .)

.bss            0x00800700       0xe5
                0x00800700                PROVIDE (__bss_start, .)
 *(.bss)
 *(.bss*)
 .bss.init_done.2334
                0x00800700        0x1 main.o
 .bss.current_servo
                0x00800701        0x1 main.o
                0x00800701                current_servo
 .bss.veintems_counter
                0x00800702        0x1 main.o
                0x00800702                veintems_counter
 .bss.diezMsCounter
                0x00800703        0x1 main.o
                0x00800703                diezMsCounter
 .bss.btn_pressed_time
                0x00800704        0x1 main.o
                0x00800704                btn_pressed_time
 .bss.wait_time
                0x00800705        0x1 main.o
                0x00800705                wait_time
 .bss.ovf_count
                0x00800706        0x1 main.o
                0x00800706                ovf_count
 *(COMMON)
 COMMON         0x00800707       0xd8 main.o
                0x00800707                IR_B
                0x00800716                servoA
                0x0080071c                salidaA
                0x00800720                IR_U
                0x0080072f                bandera
                0x00800730                IR_C
                0x0080073f                SorterSystem
                0x00800751                bandera3
                0x00800752                bandera2
                0x00800753                servoC
                0x00800759                IR_A
                0x00800768                hcsr04Detector
                0x0080076d                servosArray
                0x00800773                salidaC
                0x00800777                ultraSensor
                0x00800788                servoB
                0x0080078e                protocolService
                0x008007db                salidaB
 COMMON         0x008007df        0x6 c:/program files (x86)/atmel/studio/7.0/toolchain/avr8/avr8-gnu-toolchain/bin/../lib/gcc/avr/5.4.0/../../../../avr/lib/avr5\libc.a(iob.o)
                0x008007df                __iob
                0x008007e5                PROVIDE (__bss_end, .)
                0x000027da                __data_load_start = LOADADDR (.data)
                0x00002dda                __data_load_end = (__data_load_start + SIZEOF (.data))

.noinit         0x008007e5        0x0
                [!provide]                PROVIDE (__noinit_start, .)
 *(.noinit*)
                [!provide]                PROVIDE (__noinit_end, .)
                0x008007e5                _end = .
                [!provide]                PROVIDE (__heap_start, .)

.eeprom         0x00810000        0x0
 *(.eeprom*)
                0x00810000                __eeprom_end = .

.fuse
 *(.fuse)
 *(.lfuse)
 *(.hfuse)
 *(.efuse)

.lock
 *(.lock*)

.signature
 *(.signature*)

.user_signatures
 *(.user_signatures*)

.stab
 *(.stab)

.stabstr
 *(.stabstr)

.stab.excl
 *(.stab.excl)

.stab.exclstr
 *(.stab.exclstr)

.stab.index
 *(.stab.index)

.stab.indexstr
 *(.stab.indexstr)

.comment        0x00000000       0x5c
 *(.comment)
 .comment       0x00000000       0x30 main.o
                                 0x31 (size before relaxing)
 .comment       0x00000030       0x31 utils/programPath/boxsorter_utils.o
 .comment       0x00000030       0x31 utils/protocol/protocol_utils.o
 .comment       0x00000030       0x31 utils/servo/servo_utils.o
 .comment       0x00000030       0x31 utils/tcrt/tcrt_utils.o
 .comment       0x00000030       0x31 utils/ultrasonic_hal.o
 .comment       0x00000030       0x31 utils/usart/usart_utils.o
 .comment       0x00000030       0x31 D:\Microcontroladores\koba_ultrasonic_lib\koba_ultrasonic_lib\Debug\lib_koba_ultrasonic.a(ultrasonic.o)
 .comment       0x00000030       0x31 c:/program files (x86)/atmel/studio/7.0/toolchain/avr8/avr8-gnu-toolchain/bin/../lib/gcc/avr/5.4.0/../../../../avr/lib/avr5\libc.a(iob.o)
 .comment       0x00000030       0x31 c:/program files (x86)/atmel/studio/7.0/toolchain/avr8/avr8-gnu-toolchain/bin/../lib/gcc/avr/5.4.0/../../../../avr/lib/avr5\libc.a(printf.o)
 .comment       0x00000030       0x31 c:/program files (x86)/atmel/studio/7.0/toolchain/avr8/avr8-gnu-toolchain/bin/../lib/gcc/avr/5.4.0/../../../../avr/lib/avr5\libc.a(printf_p.o)
 .comment       0x00000030       0x31 c:/program files (x86)/atmel/studio/7.0/toolchain/avr8/avr8-gnu-toolchain/bin/../lib/gcc/avr/5.4.0/../../../../avr/lib/avr5\libc.a(puts.o)
 .comment       0x00000030       0x2c c:/program files (x86)/atmel/studio/7.0/toolchain/avr8/avr8-gnu-toolchain/bin/../lib/gcc/avr/5.4.0/../../../../avr/lib/avr5\libc.a(vfprintf_std.o)
                                 0x2d (size before relaxing)
 .comment       0x0000005c       0x31 c:/program files (x86)/atmel/studio/7.0/toolchain/avr8/avr8-gnu-toolchain/bin/../lib/gcc/avr/5.4.0/../../../../avr/lib/avr5\libc.a(fputc.o)

.note.gnu.avr.deviceinfo
                0x00000000       0x40
 .note.gnu.avr.deviceinfo
                0x00000000       0x40 C:/Program Files (x86)/Atmel/Studio/7.0/Packs/atmel/ATmega_DFP/1.7.374/gcc/dev/atmega328p/avr5/crtatmega328p.o

.note.gnu.build-id
 *(.note.gnu.build-id)

.debug
 *(.debug)

.line
 *(.line)

.debug_srcinfo
 *(.debug_srcinfo)

.debug_sfnames
 *(.debug_sfnames)

.debug_aranges  0x00000000      0x2b0
 *(.debug_aranges)
 .debug_aranges
                0x00000000       0x78 main.o
 .debug_aranges
                0x00000078       0x50 utils/programPath/boxsorter_utils.o
 .debug_aranges
                0x000000c8       0x80 utils/protocol/protocol_utils.o
 .debug_aranges
                0x00000148       0x30 utils/servo/servo_utils.o
 .debug_aranges
                0x00000178       0x50 utils/tcrt/tcrt_utils.o
 .debug_aranges
                0x000001c8       0x48 utils/ultrasonic_hal.o
 .debug_aranges
                0x00000210       0x38 utils/usart/usart_utils.o
 .debug_aranges
                0x00000248       0x68 D:\Microcontroladores\koba_ultrasonic_lib\koba_ultrasonic_lib\Debug\lib_koba_ultrasonic.a(ultrasonic.o)

.debug_pubnames
 *(.debug_pubnames)

.debug_info     0x00000000     0x436e
 *(.debug_info .gnu.linkonce.wi.*)
 .debug_info    0x00000000      0x5f4 C:/Program Files (x86)/Atmel/Studio/7.0/Packs/atmel/ATmega_DFP/1.7.374/gcc/dev/atmega328p/avr5/crtatmega328p.o
 .debug_info    0x000005f4     0x1135 main.o
 .debug_info    0x00001729      0xe8a utils/programPath/boxsorter_utils.o
 .debug_info    0x000025b3      0x820 utils/protocol/protocol_utils.o
 .debug_info    0x00002dd3      0x313 utils/servo/servo_utils.o
 .debug_info    0x000030e6      0x41d utils/tcrt/tcrt_utils.o
 .debug_info    0x00003503      0x39d utils/ultrasonic_hal.o
 .debug_info    0x000038a0      0x44a utils/usart/usart_utils.o
 .debug_info    0x00003cea      0x684 D:\Microcontroladores\koba_ultrasonic_lib\koba_ultrasonic_lib\Debug\lib_koba_ultrasonic.a(ultrasonic.o)

.debug_abbrev   0x00000000     0x160f
 *(.debug_abbrev)
 .debug_abbrev  0x00000000      0x5a2 C:/Program Files (x86)/Atmel/Studio/7.0/Packs/atmel/ATmega_DFP/1.7.374/gcc/dev/atmega328p/avr5/crtatmega328p.o
 .debug_abbrev  0x000005a2      0x33e main.o
 .debug_abbrev  0x000008e0      0x292 utils/programPath/boxsorter_utils.o
 .debug_abbrev  0x00000b72      0x308 utils/protocol/protocol_utils.o
 .debug_abbrev  0x00000e7a      0x15d utils/servo/servo_utils.o
 .debug_abbrev  0x00000fd7      0x1c1 utils/tcrt/tcrt_utils.o
 .debug_abbrev  0x00001198      0x119 utils/ultrasonic_hal.o
 .debug_abbrev  0x000012b1      0x19a utils/usart/usart_utils.o
 .debug_abbrev  0x0000144b      0x1c4 D:\Microcontroladores\koba_ultrasonic_lib\koba_ultrasonic_lib\Debug\lib_koba_ultrasonic.a(ultrasonic.o)

.debug_line     0x00000000     0x24b4
 *(.debug_line .debug_line.* .debug_line_end)
 .debug_line    0x00000000      0x134 C:/Program Files (x86)/Atmel/Studio/7.0/Packs/atmel/ATmega_DFP/1.7.374/gcc/dev/atmega328p/avr5/crtatmega328p.o
 .debug_line    0x00000134      0x99e main.o
 .debug_line    0x00000ad2      0x770 utils/programPath/boxsorter_utils.o
 .debug_line    0x00001242      0x724 utils/protocol/protocol_utils.o
 .debug_line    0x00001966      0x194 utils/servo/servo_utils.o
 .debug_line    0x00001afa      0x369 utils/tcrt/tcrt_utils.o
 .debug_line    0x00001e63      0x165 utils/ultrasonic_hal.o
 .debug_line    0x00001fc8      0x1be utils/usart/usart_utils.o
 .debug_line    0x00002186      0x32e D:\Microcontroladores\koba_ultrasonic_lib\koba_ultrasonic_lib\Debug\lib_koba_ultrasonic.a(ultrasonic.o)

.debug_frame    0x00000000      0x8ec
 *(.debug_frame)
 .debug_frame   0x00000000      0x294 main.o
 .debug_frame   0x00000294      0x128 utils/programPath/boxsorter_utils.o
 .debug_frame   0x000003bc      0x204 utils/protocol/protocol_utils.o
 .debug_frame   0x000005c0       0x74 utils/servo/servo_utils.o
 .debug_frame   0x00000634       0xe4 utils/tcrt/tcrt_utils.o
 .debug_frame   0x00000718       0x74 utils/ultrasonic_hal.o
 .debug_frame   0x0000078c       0x54 utils/usart/usart_utils.o
 .debug_frame   0x000007e0      0x10c D:\Microcontroladores\koba_ultrasonic_lib\koba_ultrasonic_lib\Debug\lib_koba_ultrasonic.a(ultrasonic.o)

.debug_str      0x00000000     0x10f1
 *(.debug_str)
 .debug_str     0x00000000      0x208 C:/Program Files (x86)/Atmel/Studio/7.0/Packs/atmel/ATmega_DFP/1.7.374/gcc/dev/atmega328p/avr5/crtatmega328p.o
 .debug_str     0x00000208      0x841 main.o
                                0x8f8 (size before relaxing)
 .debug_str     0x00000a49       0xf7 utils/programPath/boxsorter_utils.o
                                0x680 (size before relaxing)
 .debug_str     0x00000b40      0x2f4 utils/protocol/protocol_utils.o
                                0x591 (size before relaxing)
 .debug_str     0x00000e34       0x4c utils/servo/servo_utils.o
                                0x282 (size before relaxing)
 .debug_str     0x00000e80       0x7b utils/tcrt/tcrt_utils.o
                                0x341 (size before relaxing)
 .debug_str     0x00000efb       0xbd utils/ultrasonic_hal.o
                                0x39a (size before relaxing)
 .debug_str     0x00000fb8       0x5c utils/usart/usart_utils.o
                                0x2d2 (size before relaxing)
 .debug_str     0x00001014       0xdd D:\Microcontroladores\koba_ultrasonic_lib\koba_ultrasonic_lib\Debug\lib_koba_ultrasonic.a(ultrasonic.o)
                                0x407 (size before relaxing)

.debug_loc      0x00000000     0x1f8f
 *(.debug_loc)
 .debug_loc     0x00000000      0x61d main.o
 .debug_loc     0x0000061d      0x602 utils/programPath/boxsorter_utils.o
 .debug_loc     0x00000c1f      0x96a utils/protocol/protocol_utils.o
 .debug_loc     0x00001589      0x1c5 utils/servo/servo_utils.o
 .debug_loc     0x0000174e      0x2db utils/tcrt/tcrt_utils.o
 .debug_loc     0x00001a29       0x98 utils/ultrasonic_hal.o
 .debug_loc     0x00001ac1       0x9f utils/usart/usart_utils.o
 .debug_loc     0x00001b60      0x42f D:\Microcontroladores\koba_ultrasonic_lib\koba_ultrasonic_lib\Debug\lib_koba_ultrasonic.a(ultrasonic.o)

.debug_macinfo
 *(.debug_macinfo)

.debug_weaknames
 *(.debug_weaknames)

.debug_funcnames
 *(.debug_funcnames)

.debug_typenames
 *(.debug_typenames)

.debug_varnames
 *(.debug_varnames)

.debug_pubtypes
 *(.debug_pubtypes)

.debug_ranges   0x00000000      0x278
 *(.debug_ranges)
 .debug_ranges  0x00000000       0x68 main.o
 .debug_ranges  0x00000068       0x40 utils/programPath/boxsorter_utils.o
 .debug_ranges  0x000000a8       0xb8 utils/protocol/protocol_utils.o
 .debug_ranges  0x00000160       0x20 utils/servo/servo_utils.o
 .debug_ranges  0x00000180       0x40 utils/tcrt/tcrt_utils.o
 .debug_ranges  0x000001c0       0x38 utils/ultrasonic_hal.o
 .debug_ranges  0x000001f8       0x28 utils/usart/usart_utils.o
 .debug_ranges  0x00000220       0x58 D:\Microcontroladores\koba_ultrasonic_lib\koba_ultrasonic_lib\Debug\lib_koba_ultrasonic.a(ultrasonic.o)

.debug_macro
 *(.debug_macro)
OUTPUT(GccApplication1.elf elf32-avr)
LOAD linker stubs
