Archive member included to satisfy reference by file (symbol)

D:\Microcontroladores\koba_ultrasonic_lib\koba_ultrasonic_lib\Debug\lib_koba_ultrasonic.a(ultrasonic.o)
                              main.o (ultrasonic_set_debug_mode)
c:/program files (x86)/atmel/studio/7.0/toolchain/avr8/avr8-gnu-toolchain/bin/../lib/gcc/avr/5.4.0/avr5\libgcc.a(_udivmodsi4.o)
                              utils/legacy_hcsr04/hcsr04_utils.o (__udivmodsi4)
c:/program files (x86)/atmel/studio/7.0/toolchain/avr8/avr8-gnu-toolchain/bin/../lib/gcc/avr/5.4.0/avr5\libgcc.a(_exit.o)
                              C:/Program Files (x86)/Atmel/Studio/7.0/Packs/atmel/ATmega_DFP/1.7.374/gcc/dev/atmega328p/avr5/crtatmega328p.o (exit)
c:/program files (x86)/atmel/studio/7.0/toolchain/avr8/avr8-gnu-toolchain/bin/../lib/gcc/avr/5.4.0/avr5\libgcc.a(_tablejump2.o)
                              utils/protocol/protocol_utils.o (__tablejump2__)
c:/program files (x86)/atmel/studio/7.0/toolchain/avr8/avr8-gnu-toolchain/bin/../lib/gcc/avr/5.4.0/avr5\libgcc.a(_copy_data.o)
                              main.o (__do_copy_data)
c:/program files (x86)/atmel/studio/7.0/toolchain/avr8/avr8-gnu-toolchain/bin/../lib/gcc/avr/5.4.0/avr5\libgcc.a(_clear_bss.o)
                              main.o (__do_clear_bss)
c:/program files (x86)/atmel/studio/7.0/toolchain/avr8/avr8-gnu-toolchain/bin/../lib/gcc/avr/5.4.0/avr5\libgcc.a(_umulhisi3.o)
                              utils/servo/servo_utils.o (__umulhisi3)
c:/program files (x86)/atmel/studio/7.0/toolchain/avr8/avr8-gnu-toolchain/bin/../lib/gcc/avr/5.4.0/avr5\libgcc.a(_muluhisi3.o)
                              utils/tcrt/tcrt_utils.o (__muluhisi3)
c:/program files (x86)/atmel/studio/7.0/toolchain/avr8/avr8-gnu-toolchain/bin/../lib/gcc/avr/5.4.0/../../../../avr/lib/avr5\libc.a(atoi.o)
                              utils/protocol/protocol_utils.o (atoi)
c:/program files (x86)/atmel/studio/7.0/toolchain/avr8/avr8-gnu-toolchain/bin/../lib/gcc/avr/5.4.0/../../../../avr/lib/avr5\libc.a(strtok.o)
                              utils/protocol/protocol_utils.o (strtok)
c:/program files (x86)/atmel/studio/7.0/toolchain/avr8/avr8-gnu-toolchain/bin/../lib/gcc/avr/5.4.0/../../../../avr/lib/avr5\libc.a(strchr.o)
                              utils/protocol/protocol_utils.o (strchr)
c:/program files (x86)/atmel/studio/7.0/toolchain/avr8/avr8-gnu-toolchain/bin/../lib/gcc/avr/5.4.0/../../../../avr/lib/avr5\libc.a(strtok_r.o)
                              c:/program files (x86)/atmel/studio/7.0/toolchain/avr8/avr8-gnu-toolchain/bin/../lib/gcc/avr/5.4.0/../../../../avr/lib/avr5\libc.a(strtok.o) (strtok_r)
c:/program files (x86)/atmel/studio/7.0/toolchain/avr8/avr8-gnu-toolchain/bin/../lib/gcc/avr/5.4.0/../../../../avr/lib/avr5\libc.a(mul10.o)
                              c:/program files (x86)/atmel/studio/7.0/toolchain/avr8/avr8-gnu-toolchain/bin/../lib/gcc/avr/5.4.0/../../../../avr/lib/avr5\libc.a(atoi.o) (__mulhi_const_10)
c:/program files (x86)/atmel/studio/7.0/toolchain/avr8/avr8-gnu-toolchain/bin/../lib/gcc/avr/5.4.0/../../../../avr/lib/avr5\libc.a(iob.o)
                              main.o (__iob)
c:/program files (x86)/atmel/studio/7.0/toolchain/avr8/avr8-gnu-toolchain/bin/../lib/gcc/avr/5.4.0/../../../../avr/lib/avr5\libc.a(printf.o)
                              utils/legacy_hcsr04/hcsr04_utils.o (printf)
c:/program files (x86)/atmel/studio/7.0/toolchain/avr8/avr8-gnu-toolchain/bin/../lib/gcc/avr/5.4.0/../../../../avr/lib/avr5\libc.a(printf_p.o)
                              main.o (printf_P)
c:/program files (x86)/atmel/studio/7.0/toolchain/avr8/avr8-gnu-toolchain/bin/../lib/gcc/avr/5.4.0/../../../../avr/lib/avr5\libc.a(puts.o)
                              main.o (puts)
c:/program files (x86)/atmel/studio/7.0/toolchain/avr8/avr8-gnu-toolchain/bin/../lib/gcc/avr/5.4.0/../../../../avr/lib/avr5\libc.a(vfprintf_std.o)
                              c:/program files (x86)/atmel/studio/7.0/toolchain/avr8/avr8-gnu-toolchain/bin/../lib/gcc/avr/5.4.0/../../../../avr/lib/avr5\libc.a(printf.o) (vfprintf)
c:/program files (x86)/atmel/studio/7.0/toolchain/avr8/avr8-gnu-toolchain/bin/../lib/gcc/avr/5.4.0/../../../../avr/lib/avr5\libc.a(strnlen_P.o)
                              c:/program files (x86)/atmel/studio/7.0/toolchain/avr8/avr8-gnu-toolchain/bin/../lib/gcc/avr/5.4.0/../../../../avr/lib/avr5\libc.a(vfprintf_std.o) (strnlen_P)
c:/program files (x86)/atmel/studio/7.0/toolchain/avr8/avr8-gnu-toolchain/bin/../lib/gcc/avr/5.4.0/../../../../avr/lib/avr5\libc.a(strnlen.o)
                              c:/program files (x86)/atmel/studio/7.0/toolchain/avr8/avr8-gnu-toolchain/bin/../lib/gcc/avr/5.4.0/../../../../avr/lib/avr5\libc.a(vfprintf_std.o) (strnlen)
c:/program files (x86)/atmel/studio/7.0/toolchain/avr8/avr8-gnu-toolchain/bin/../lib/gcc/avr/5.4.0/../../../../avr/lib/avr5\libc.a(fputc.o)
                              c:/program files (x86)/atmel/studio/7.0/toolchain/avr8/avr8-gnu-toolchain/bin/../lib/gcc/avr/5.4.0/../../../../avr/lib/avr5\libc.a(vfprintf_std.o) (fputc)
c:/program files (x86)/atmel/studio/7.0/toolchain/avr8/avr8-gnu-toolchain/bin/../lib/gcc/avr/5.4.0/../../../../avr/lib/avr5\libc.a(ultoa_invert.o)
                              c:/program files (x86)/atmel/studio/7.0/toolchain/avr8/avr8-gnu-toolchain/bin/../lib/gcc/avr/5.4.0/../../../../avr/lib/avr5\libc.a(vfprintf_std.o) (__ultoa_invert)
C:/Program Files (x86)/Atmel/Studio/7.0/Packs/atmel/ATmega_DFP/1.7.374/gcc/dev/atmega328p/avr5\libatmega328p.a(eerd_block.o)
                              utils/eeprom/eeprom_utils.o (eeprom_read_block)
C:/Program Files (x86)/Atmel/Studio/7.0/Packs/atmel/ATmega_DFP/1.7.374/gcc/dev/atmega328p/avr5\libatmega328p.a(eeupd_block.o)
                              utils/eeprom/eeprom_utils.o (eeprom_update_block)
C:/Program Files (x86)/Atmel/Studio/7.0/Packs/atmel/ATmega_DFP/1.7.374/gcc/dev/atmega328p/avr5\libatmega328p.a(eeupd_byte.o)
                              C:/Program Files (x86)/Atmel/Studio/7.0/Packs/atmel/ATmega_DFP/1.7.374/gcc/dev/atmega328p/avr5\libatmega328p.a(eeupd_block.o) (eeprom_update_r18)
c:/program files (x86)/atmel/studio/7.0/toolchain/avr8/avr8-gnu-toolchain/bin/../lib/gcc/avr/5.4.0/avr5\libgcc.a(_prologue.o)
                              c:/program files (x86)/atmel/studio/7.0/toolchain/avr8/avr8-gnu-toolchain/bin/../lib/gcc/avr/5.4.0/../../../../avr/lib/avr5\libc.a(printf.o) (__prologue_saves__)
c:/program files (x86)/atmel/studio/7.0/toolchain/avr8/avr8-gnu-toolchain/bin/../lib/gcc/avr/5.4.0/avr5\libgcc.a(_epilogue.o)
                              c:/program files (x86)/atmel/studio/7.0/toolchain/avr8/avr8-gnu-toolchain/bin/../lib/gcc/avr/5.4.0/../../../../avr/lib/avr5\libc.a(printf.o) (__epilogue_restores__)

Allocating common symbols
Common symbol       size              file

IR_B                0xf               main.o
servoA              0x6               main.o
transmit_counter    0x1               main.o
salidaA             0x4               main.o
IR_U                0xf               main.o
bandera             0x1               main.o
currentConfig       0x4               main.o
IR_C                0xf               main.o
SorterSystem        0x12              main.o
doActionCmd         0x1               main.o
bandera3            0x1               main.o
bandera2            0x1               main.o
servoC              0x6               main.o
IR_A                0xf               main.o
hcsr04Detector      0x5               main.o
servosArray         0x6               main.o
salidaC             0x4               main.o
ultraSensor         0x11              main.o
servoB              0x6               main.o
__iob               0x6               c:/program files (x86)/atmel/studio/7.0/toolchain/avr8/avr8-gnu-toolchain/bin/../lib/gcc/avr/5.4.0/../../../../avr/lib/avr5\libc.a(iob.o)
protocolService     0x4d              main.o
salidaB             0x4               main.o

Discarded input sections

 .data          0x00000000        0x0 C:/Program Files (x86)/Atmel/Studio/7.0/Packs/atmel/ATmega_DFP/1.7.374/gcc/dev/atmega328p/avr5/crtatmega328p.o
 .bss           0x00000000        0x0 C:/Program Files (x86)/Atmel/Studio/7.0/Packs/atmel/ATmega_DFP/1.7.374/gcc/dev/atmega328p/avr5/crtatmega328p.o
 .text          0x00000000        0x0 main.o
 .data          0x00000000        0x0 main.o
 .bss           0x00000000        0x0 main.o
 .bss.servoAVal
                0x00000000        0x1 main.o
 .bss.servo_active_counter
                0x00000000        0x1 main.o
 .bss.trigger_timeout_counter
                0x00000000        0x1 main.o
 .bss.echo_state
                0x00000000        0x1 main.o
 .bss.target_tick_A
                0x00000000        0x2 main.o
 .data.pulse_width_A
                0x00000000        0x4 main.o
 .bss.servo_counter
                0x00000000        0x1 main.o
 .bss.distance_mm
                0x00000000        0x2 main.o
 .bss.echo_finish_time
                0x00000000        0x2 main.o
 .bss.echo_init_time
                0x00000000        0x2 main.o
 .text          0x00000000        0x0 utils/eeprom/eeprom_utils.o
 .data          0x00000000        0x0 utils/eeprom/eeprom_utils.o
 .bss           0x00000000        0x0 utils/eeprom/eeprom_utils.o
 .text          0x00000000        0x0 utils/legacy_hcsr04/hcsr04_utils.o
 .data          0x00000000        0x0 utils/legacy_hcsr04/hcsr04_utils.o
 .bss           0x00000000        0x0 utils/legacy_hcsr04/hcsr04_utils.o
 .rodata.str1.1
                0x00000000       0x11 utils/legacy_hcsr04/hcsr04_utils.o
 .text.calculate_distance
                0x00000000       0xb2 utils/legacy_hcsr04/hcsr04_utils.o
 .debug_info    0x00000000      0x116 utils/legacy_hcsr04/hcsr04_utils.o
 .debug_abbrev  0x00000000       0x95 utils/legacy_hcsr04/hcsr04_utils.o
 .debug_loc     0x00000000       0x8e utils/legacy_hcsr04/hcsr04_utils.o
 .debug_aranges
                0x00000000       0x20 utils/legacy_hcsr04/hcsr04_utils.o
 .debug_ranges  0x00000000       0x10 utils/legacy_hcsr04/hcsr04_utils.o
 .debug_line    0x00000000      0x119 utils/legacy_hcsr04/hcsr04_utils.o
 .debug_str     0x00000000      0x1fb utils/legacy_hcsr04/hcsr04_utils.o
 .comment       0x00000000       0x31 utils/legacy_hcsr04/hcsr04_utils.o
 .debug_frame   0x00000000       0x40 utils/legacy_hcsr04/hcsr04_utils.o
 .text          0x00000000        0x0 utils/programPath/boxsorter_utils.o
 .data          0x00000000        0x0 utils/programPath/boxsorter_utils.o
 .bss           0x00000000        0x0 utils/programPath/boxsorter_utils.o
 .text          0x00000000        0x0 utils/protocol/protocol_utils.o
 .data          0x00000000        0x0 utils/protocol/protocol_utils.o
 .bss           0x00000000        0x0 utils/protocol/protocol_utils.o
 .text.getResponseCommand
                0x00000000       0x3e utils/protocol/protocol_utils.o
 .progmem.gcc_sw_table.getResponseCommand
                0x00000000       0xa8 utils/protocol/protocol_utils.o
 .text.createPck
                0x00000000       0x88 utils/protocol/protocol_utils.o
 .text.create_payload
                0x00000000      0x3a2 utils/protocol/protocol_utils.o
 .progmem.gcc_sw_table.create_payload
                0x00000000       0x12 utils/protocol/protocol_utils.o
 .progmem.data.__c.2561
                0x00000000        0xc utils/protocol/protocol_utils.o
 .progmem.data.__c.2559
                0x00000000        0xc utils/protocol/protocol_utils.o
 .progmem.data.__c.2557
                0x00000000        0xc utils/protocol/protocol_utils.o
 .progmem.data.__c.2555
                0x00000000       0x11 utils/protocol/protocol_utils.o
 .progmem.data.__c.2553
                0x00000000        0xd utils/protocol/protocol_utils.o
 .progmem.data.__c.2549
                0x00000000       0x1a utils/protocol/protocol_utils.o
 .progmem.data.__c.2543
                0x00000000       0x1a utils/protocol/protocol_utils.o
 .progmem.data.__c.2537
                0x00000000       0x1a utils/protocol/protocol_utils.o
 .text          0x00000000        0x0 utils/servo/servo_utils.o
 .data          0x00000000        0x0 utils/servo/servo_utils.o
 .bss           0x00000000        0x0 utils/servo/servo_utils.o
 .text.servo_set_angle
                0x00000000       0x36 utils/servo/servo_utils.o
 .text          0x00000000        0x0 utils/tcrt/tcrt_utils.o
 .data          0x00000000        0x0 utils/tcrt/tcrt_utils.o
 .bss           0x00000000        0x0 utils/tcrt/tcrt_utils.o
 .text.detect_rising_edge
                0x00000000       0x20 utils/tcrt/tcrt_utils.o
 .text          0x00000000        0x0 utils/ultrasonic_hal.o
 .data          0x00000000        0x0 utils/ultrasonic_hal.o
 .bss           0x00000000        0x0 utils/ultrasonic_hal.o
 .text.ultrasonic_hal_setTrigger_timeout
                0x00000000        0x2 utils/ultrasonic_hal.o
 .text.ultrasonic_hal_echo_timeout
                0x00000000        0xa utils/ultrasonic_hal.o
 .bss.g_timeoutTarget_us
                0x00000000        0x4 utils/ultrasonic_hal.o
 .text          0x00000000        0x0 utils/usart/usart_utils.o
 .data          0x00000000        0x0 utils/usart/usart_utils.o
 .bss           0x00000000        0x0 utils/usart/usart_utils.o
 .text          0x00000000        0x0 D:\Microcontroladores\koba_ultrasonic_lib\koba_ultrasonic_lib\Debug\lib_koba_ultrasonic.a(ultrasonic.o)
 .data          0x00000000        0x0 D:\Microcontroladores\koba_ultrasonic_lib\koba_ultrasonic_lib\Debug\lib_koba_ultrasonic.a(ultrasonic.o)
 .bss           0x00000000        0x0 D:\Microcontroladores\koba_ultrasonic_lib\koba_ultrasonic_lib\Debug\lib_koba_ultrasonic.a(ultrasonic.o)
 .text.ultrasonic_get_distance
                0x00000000        0xc D:\Microcontroladores\koba_ultrasonic_lib\koba_ultrasonic_lib\Debug\lib_koba_ultrasonic.a(ultrasonic.o)
 .text.ultrasonic_set_print_method
                0x00000000        0x8 D:\Microcontroladores\koba_ultrasonic_lib\koba_ultrasonic_lib\Debug\lib_koba_ultrasonic.a(ultrasonic.o)
 .text          0x00000000        0x0 c:/program files (x86)/atmel/studio/7.0/toolchain/avr8/avr8-gnu-toolchain/bin/../lib/gcc/avr/5.4.0/avr5\libgcc.a(_udivmodsi4.o)
 .data          0x00000000        0x0 c:/program files (x86)/atmel/studio/7.0/toolchain/avr8/avr8-gnu-toolchain/bin/../lib/gcc/avr/5.4.0/avr5\libgcc.a(_udivmodsi4.o)
 .bss           0x00000000        0x0 c:/program files (x86)/atmel/studio/7.0/toolchain/avr8/avr8-gnu-toolchain/bin/../lib/gcc/avr/5.4.0/avr5\libgcc.a(_udivmodsi4.o)
 .text.libgcc.mul
                0x00000000        0x0 c:/program files (x86)/atmel/studio/7.0/toolchain/avr8/avr8-gnu-toolchain/bin/../lib/gcc/avr/5.4.0/avr5\libgcc.a(_udivmodsi4.o)
 .text.libgcc   0x00000000        0x0 c:/program files (x86)/atmel/studio/7.0/toolchain/avr8/avr8-gnu-toolchain/bin/../lib/gcc/avr/5.4.0/avr5\libgcc.a(_udivmodsi4.o)
 .text.libgcc.prologue
                0x00000000        0x0 c:/program files (x86)/atmel/studio/7.0/toolchain/avr8/avr8-gnu-toolchain/bin/../lib/gcc/avr/5.4.0/avr5\libgcc.a(_udivmodsi4.o)
 .text.libgcc.builtins
                0x00000000        0x0 c:/program files (x86)/atmel/studio/7.0/toolchain/avr8/avr8-gnu-toolchain/bin/../lib/gcc/avr/5.4.0/avr5\libgcc.a(_udivmodsi4.o)
 .text.libgcc.fmul
                0x00000000        0x0 c:/program files (x86)/atmel/studio/7.0/toolchain/avr8/avr8-gnu-toolchain/bin/../lib/gcc/avr/5.4.0/avr5\libgcc.a(_udivmodsi4.o)
 .text.libgcc.fixed
                0x00000000        0x0 c:/program files (x86)/atmel/studio/7.0/toolchain/avr8/avr8-gnu-toolchain/bin/../lib/gcc/avr/5.4.0/avr5\libgcc.a(_udivmodsi4.o)
 .text          0x00000000        0x0 c:/program files (x86)/atmel/studio/7.0/toolchain/avr8/avr8-gnu-toolchain/bin/../lib/gcc/avr/5.4.0/avr5\libgcc.a(_exit.o)
 .data          0x00000000        0x0 c:/program files (x86)/atmel/studio/7.0/toolchain/avr8/avr8-gnu-toolchain/bin/../lib/gcc/avr/5.4.0/avr5\libgcc.a(_exit.o)
 .bss           0x00000000        0x0 c:/program files (x86)/atmel/studio/7.0/toolchain/avr8/avr8-gnu-toolchain/bin/../lib/gcc/avr/5.4.0/avr5\libgcc.a(_exit.o)
 .text.libgcc.mul
                0x00000000        0x0 c:/program files (x86)/atmel/studio/7.0/toolchain/avr8/avr8-gnu-toolchain/bin/../lib/gcc/avr/5.4.0/avr5\libgcc.a(_exit.o)
 .text.libgcc.div
                0x00000000        0x0 c:/program files (x86)/atmel/studio/7.0/toolchain/avr8/avr8-gnu-toolchain/bin/../lib/gcc/avr/5.4.0/avr5\libgcc.a(_exit.o)
 .text.libgcc   0x00000000        0x0 c:/program files (x86)/atmel/studio/7.0/toolchain/avr8/avr8-gnu-toolchain/bin/../lib/gcc/avr/5.4.0/avr5\libgcc.a(_exit.o)
 .text.libgcc.prologue
                0x00000000        0x0 c:/program files (x86)/atmel/studio/7.0/toolchain/avr8/avr8-gnu-toolchain/bin/../lib/gcc/avr/5.4.0/avr5\libgcc.a(_exit.o)
 .text.libgcc.builtins
                0x00000000        0x0 c:/program files (x86)/atmel/studio/7.0/toolchain/avr8/avr8-gnu-toolchain/bin/../lib/gcc/avr/5.4.0/avr5\libgcc.a(_exit.o)
 .text.libgcc.fmul
                0x00000000        0x0 c:/program files (x86)/atmel/studio/7.0/toolchain/avr8/avr8-gnu-toolchain/bin/../lib/gcc/avr/5.4.0/avr5\libgcc.a(_exit.o)
 .text.libgcc.fixed
                0x00000000        0x0 c:/program files (x86)/atmel/studio/7.0/toolchain/avr8/avr8-gnu-toolchain/bin/../lib/gcc/avr/5.4.0/avr5\libgcc.a(_exit.o)
 .text          0x00000000        0x0 c:/program files (x86)/atmel/studio/7.0/toolchain/avr8/avr8-gnu-toolchain/bin/../lib/gcc/avr/5.4.0/avr5\libgcc.a(_tablejump2.o)
 .data          0x00000000        0x0 c:/program files (x86)/atmel/studio/7.0/toolchain/avr8/avr8-gnu-toolchain/bin/../lib/gcc/avr/5.4.0/avr5\libgcc.a(_tablejump2.o)
 .bss           0x00000000        0x0 c:/program files (x86)/atmel/studio/7.0/toolchain/avr8/avr8-gnu-toolchain/bin/../lib/gcc/avr/5.4.0/avr5\libgcc.a(_tablejump2.o)
 .text.libgcc.mul
                0x00000000        0x0 c:/program files (x86)/atmel/studio/7.0/toolchain/avr8/avr8-gnu-toolchain/bin/../lib/gcc/avr/5.4.0/avr5\libgcc.a(_tablejump2.o)
 .text.libgcc.div
                0x00000000        0x0 c:/program files (x86)/atmel/studio/7.0/toolchain/avr8/avr8-gnu-toolchain/bin/../lib/gcc/avr/5.4.0/avr5\libgcc.a(_tablejump2.o)
 .text.libgcc.prologue
                0x00000000        0x0 c:/program files (x86)/atmel/studio/7.0/toolchain/avr8/avr8-gnu-toolchain/bin/../lib/gcc/avr/5.4.0/avr5\libgcc.a(_tablejump2.o)
 .text.libgcc.builtins
                0x00000000        0x0 c:/program files (x86)/atmel/studio/7.0/toolchain/avr8/avr8-gnu-toolchain/bin/../lib/gcc/avr/5.4.0/avr5\libgcc.a(_tablejump2.o)
 .text.libgcc.fmul
                0x00000000        0x0 c:/program files (x86)/atmel/studio/7.0/toolchain/avr8/avr8-gnu-toolchain/bin/../lib/gcc/avr/5.4.0/avr5\libgcc.a(_tablejump2.o)
 .text.libgcc.fixed
                0x00000000        0x0 c:/program files (x86)/atmel/studio/7.0/toolchain/avr8/avr8-gnu-toolchain/bin/../lib/gcc/avr/5.4.0/avr5\libgcc.a(_tablejump2.o)
 .text          0x00000000        0x0 c:/program files (x86)/atmel/studio/7.0/toolchain/avr8/avr8-gnu-toolchain/bin/../lib/gcc/avr/5.4.0/avr5\libgcc.a(_copy_data.o)
 .data          0x00000000        0x0 c:/program files (x86)/atmel/studio/7.0/toolchain/avr8/avr8-gnu-toolchain/bin/../lib/gcc/avr/5.4.0/avr5\libgcc.a(_copy_data.o)
 .bss           0x00000000        0x0 c:/program files (x86)/atmel/studio/7.0/toolchain/avr8/avr8-gnu-toolchain/bin/../lib/gcc/avr/5.4.0/avr5\libgcc.a(_copy_data.o)
 .text.libgcc.mul
                0x00000000        0x0 c:/program files (x86)/atmel/studio/7.0/toolchain/avr8/avr8-gnu-toolchain/bin/../lib/gcc/avr/5.4.0/avr5\libgcc.a(_copy_data.o)
 .text.libgcc.div
                0x00000000        0x0 c:/program files (x86)/atmel/studio/7.0/toolchain/avr8/avr8-gnu-toolchain/bin/../lib/gcc/avr/5.4.0/avr5\libgcc.a(_copy_data.o)
 .text.libgcc   0x00000000        0x0 c:/program files (x86)/atmel/studio/7.0/toolchain/avr8/avr8-gnu-toolchain/bin/../lib/gcc/avr/5.4.0/avr5\libgcc.a(_copy_data.o)
 .text.libgcc.prologue
                0x00000000        0x0 c:/program files (x86)/atmel/studio/7.0/toolchain/avr8/avr8-gnu-toolchain/bin/../lib/gcc/avr/5.4.0/avr5\libgcc.a(_copy_data.o)
 .text.libgcc.builtins
                0x00000000        0x0 c:/program files (x86)/atmel/studio/7.0/toolchain/avr8/avr8-gnu-toolchain/bin/../lib/gcc/avr/5.4.0/avr5\libgcc.a(_copy_data.o)
 .text.libgcc.fmul
                0x00000000        0x0 c:/program files (x86)/atmel/studio/7.0/toolchain/avr8/avr8-gnu-toolchain/bin/../lib/gcc/avr/5.4.0/avr5\libgcc.a(_copy_data.o)
 .text.libgcc.fixed
                0x00000000        0x0 c:/program files (x86)/atmel/studio/7.0/toolchain/avr8/avr8-gnu-toolchain/bin/../lib/gcc/avr/5.4.0/avr5\libgcc.a(_copy_data.o)
 .text          0x00000000        0x0 c:/program files (x86)/atmel/studio/7.0/toolchain/avr8/avr8-gnu-toolchain/bin/../lib/gcc/avr/5.4.0/avr5\libgcc.a(_clear_bss.o)
 .data          0x00000000        0x0 c:/program files (x86)/atmel/studio/7.0/toolchain/avr8/avr8-gnu-toolchain/bin/../lib/gcc/avr/5.4.0/avr5\libgcc.a(_clear_bss.o)
 .bss           0x00000000        0x0 c:/program files (x86)/atmel/studio/7.0/toolchain/avr8/avr8-gnu-toolchain/bin/../lib/gcc/avr/5.4.0/avr5\libgcc.a(_clear_bss.o)
 .text.libgcc.mul
                0x00000000        0x0 c:/program files (x86)/atmel/studio/7.0/toolchain/avr8/avr8-gnu-toolchain/bin/../lib/gcc/avr/5.4.0/avr5\libgcc.a(_clear_bss.o)
 .text.libgcc.div
                0x00000000        0x0 c:/program files (x86)/atmel/studio/7.0/toolchain/avr8/avr8-gnu-toolchain/bin/../lib/gcc/avr/5.4.0/avr5\libgcc.a(_clear_bss.o)
 .text.libgcc   0x00000000        0x0 c:/program files (x86)/atmel/studio/7.0/toolchain/avr8/avr8-gnu-toolchain/bin/../lib/gcc/avr/5.4.0/avr5\libgcc.a(_clear_bss.o)
 .text.libgcc.prologue
                0x00000000        0x0 c:/program files (x86)/atmel/studio/7.0/toolchain/avr8/avr8-gnu-toolchain/bin/../lib/gcc/avr/5.4.0/avr5\libgcc.a(_clear_bss.o)
 .text.libgcc.builtins
                0x00000000        0x0 c:/program files (x86)/atmel/studio/7.0/toolchain/avr8/avr8-gnu-toolchain/bin/../lib/gcc/avr/5.4.0/avr5\libgcc.a(_clear_bss.o)
 .text.libgcc.fmul
                0x00000000        0x0 c:/program files (x86)/atmel/studio/7.0/toolchain/avr8/avr8-gnu-toolchain/bin/../lib/gcc/avr/5.4.0/avr5\libgcc.a(_clear_bss.o)
 .text.libgcc.fixed
                0x00000000        0x0 c:/program files (x86)/atmel/studio/7.0/toolchain/avr8/avr8-gnu-toolchain/bin/../lib/gcc/avr/5.4.0/avr5\libgcc.a(_clear_bss.o)
 .text          0x00000000        0x0 c:/program files (x86)/atmel/studio/7.0/toolchain/avr8/avr8-gnu-toolchain/bin/../lib/gcc/avr/5.4.0/avr5\libgcc.a(_umulhisi3.o)
 .data          0x00000000        0x0 c:/program files (x86)/atmel/studio/7.0/toolchain/avr8/avr8-gnu-toolchain/bin/../lib/gcc/avr/5.4.0/avr5\libgcc.a(_umulhisi3.o)
 .bss           0x00000000        0x0 c:/program files (x86)/atmel/studio/7.0/toolchain/avr8/avr8-gnu-toolchain/bin/../lib/gcc/avr/5.4.0/avr5\libgcc.a(_umulhisi3.o)
 .text.libgcc.div
                0x00000000        0x0 c:/program files (x86)/atmel/studio/7.0/toolchain/avr8/avr8-gnu-toolchain/bin/../lib/gcc/avr/5.4.0/avr5\libgcc.a(_umulhisi3.o)
 .text.libgcc   0x00000000        0x0 c:/program files (x86)/atmel/studio/7.0/toolchain/avr8/avr8-gnu-toolchain/bin/../lib/gcc/avr/5.4.0/avr5\libgcc.a(_umulhisi3.o)
 .text.libgcc.prologue
                0x00000000        0x0 c:/program files (x86)/atmel/studio/7.0/toolchain/avr8/avr8-gnu-toolchain/bin/../lib/gcc/avr/5.4.0/avr5\libgcc.a(_umulhisi3.o)
 .text.libgcc.builtins
                0x00000000        0x0 c:/program files (x86)/atmel/studio/7.0/toolchain/avr8/avr8-gnu-toolchain/bin/../lib/gcc/avr/5.4.0/avr5\libgcc.a(_umulhisi3.o)
 .text.libgcc.fmul
                0x00000000        0x0 c:/program files (x86)/atmel/studio/7.0/toolchain/avr8/avr8-gnu-toolchain/bin/../lib/gcc/avr/5.4.0/avr5\libgcc.a(_umulhisi3.o)
 .text.libgcc.fixed
                0x00000000        0x0 c:/program files (x86)/atmel/studio/7.0/toolchain/avr8/avr8-gnu-toolchain/bin/../lib/gcc/avr/5.4.0/avr5\libgcc.a(_umulhisi3.o)
 .text          0x00000000        0x0 c:/program files (x86)/atmel/studio/7.0/toolchain/avr8/avr8-gnu-toolchain/bin/../lib/gcc/avr/5.4.0/avr5\libgcc.a(_muluhisi3.o)
 .data          0x00000000        0x0 c:/program files (x86)/atmel/studio/7.0/toolchain/avr8/avr8-gnu-toolchain/bin/../lib/gcc/avr/5.4.0/avr5\libgcc.a(_muluhisi3.o)
 .bss           0x00000000        0x0 c:/program files (x86)/atmel/studio/7.0/toolchain/avr8/avr8-gnu-toolchain/bin/../lib/gcc/avr/5.4.0/avr5\libgcc.a(_muluhisi3.o)
 .text.libgcc.div
                0x00000000        0x0 c:/program files (x86)/atmel/studio/7.0/toolchain/avr8/avr8-gnu-toolchain/bin/../lib/gcc/avr/5.4.0/avr5\libgcc.a(_muluhisi3.o)
 .text.libgcc   0x00000000        0x0 c:/program files (x86)/atmel/studio/7.0/toolchain/avr8/avr8-gnu-toolchain/bin/../lib/gcc/avr/5.4.0/avr5\libgcc.a(_muluhisi3.o)
 .text.libgcc.prologue
                0x00000000        0x0 c:/program files (x86)/atmel/studio/7.0/toolchain/avr8/avr8-gnu-toolchain/bin/../lib/gcc/avr/5.4.0/avr5\libgcc.a(_muluhisi3.o)
 .text.libgcc.builtins
                0x00000000        0x0 c:/program files (x86)/atmel/studio/7.0/toolchain/avr8/avr8-gnu-toolchain/bin/../lib/gcc/avr/5.4.0/avr5\libgcc.a(_muluhisi3.o)
 .text.libgcc.fmul
                0x00000000        0x0 c:/program files (x86)/atmel/studio/7.0/toolchain/avr8/avr8-gnu-toolchain/bin/../lib/gcc/avr/5.4.0/avr5\libgcc.a(_muluhisi3.o)
 .text.libgcc.fixed
                0x00000000        0x0 c:/program files (x86)/atmel/studio/7.0/toolchain/avr8/avr8-gnu-toolchain/bin/../lib/gcc/avr/5.4.0/avr5\libgcc.a(_muluhisi3.o)
 .text          0x00000000        0x0 c:/program files (x86)/atmel/studio/7.0/toolchain/avr8/avr8-gnu-toolchain/bin/../lib/gcc/avr/5.4.0/../../../../avr/lib/avr5\libc.a(atoi.o)
 .data          0x00000000        0x0 c:/program files (x86)/atmel/studio/7.0/toolchain/avr8/avr8-gnu-toolchain/bin/../lib/gcc/avr/5.4.0/../../../../avr/lib/avr5\libc.a(atoi.o)
 .bss           0x00000000        0x0 c:/program files (x86)/atmel/studio/7.0/toolchain/avr8/avr8-gnu-toolchain/bin/../lib/gcc/avr/5.4.0/../../../../avr/lib/avr5\libc.a(atoi.o)
 .text          0x00000000        0x0 c:/program files (x86)/atmel/studio/7.0/toolchain/avr8/avr8-gnu-toolchain/bin/../lib/gcc/avr/5.4.0/../../../../avr/lib/avr5\libc.a(strtok.o)
 .data          0x00000000        0x0 c:/program files (x86)/atmel/studio/7.0/toolchain/avr8/avr8-gnu-toolchain/bin/../lib/gcc/avr/5.4.0/../../../../avr/lib/avr5\libc.a(strtok.o)
 .text          0x00000000        0x0 c:/program files (x86)/atmel/studio/7.0/toolchain/avr8/avr8-gnu-toolchain/bin/../lib/gcc/avr/5.4.0/../../../../avr/lib/avr5\libc.a(strchr.o)
 .data          0x00000000        0x0 c:/program files (x86)/atmel/studio/7.0/toolchain/avr8/avr8-gnu-toolchain/bin/../lib/gcc/avr/5.4.0/../../../../avr/lib/avr5\libc.a(strchr.o)
 .bss           0x00000000        0x0 c:/program files (x86)/atmel/studio/7.0/toolchain/avr8/avr8-gnu-toolchain/bin/../lib/gcc/avr/5.4.0/../../../../avr/lib/avr5\libc.a(strchr.o)
 .text          0x00000000        0x0 c:/program files (x86)/atmel/studio/7.0/toolchain/avr8/avr8-gnu-toolchain/bin/../lib/gcc/avr/5.4.0/../../../../avr/lib/avr5\libc.a(strtok_r.o)
 .data          0x00000000        0x0 c:/program files (x86)/atmel/studio/7.0/toolchain/avr8/avr8-gnu-toolchain/bin/../lib/gcc/avr/5.4.0/../../../../avr/lib/avr5\libc.a(strtok_r.o)
 .bss           0x00000000        0x0 c:/program files (x86)/atmel/studio/7.0/toolchain/avr8/avr8-gnu-toolchain/bin/../lib/gcc/avr/5.4.0/../../../../avr/lib/avr5\libc.a(strtok_r.o)
 .text          0x00000000        0x0 c:/program files (x86)/atmel/studio/7.0/toolchain/avr8/avr8-gnu-toolchain/bin/../lib/gcc/avr/5.4.0/../../../../avr/lib/avr5\libc.a(mul10.o)
 .data          0x00000000        0x0 c:/program files (x86)/atmel/studio/7.0/toolchain/avr8/avr8-gnu-toolchain/bin/../lib/gcc/avr/5.4.0/../../../../avr/lib/avr5\libc.a(mul10.o)
 .bss           0x00000000        0x0 c:/program files (x86)/atmel/studio/7.0/toolchain/avr8/avr8-gnu-toolchain/bin/../lib/gcc/avr/5.4.0/../../../../avr/lib/avr5\libc.a(mul10.o)
 .text          0x00000000        0x0 c:/program files (x86)/atmel/studio/7.0/toolchain/avr8/avr8-gnu-toolchain/bin/../lib/gcc/avr/5.4.0/../../../../avr/lib/avr5\libc.a(iob.o)
 .data          0x00000000        0x0 c:/program files (x86)/atmel/studio/7.0/toolchain/avr8/avr8-gnu-toolchain/bin/../lib/gcc/avr/5.4.0/../../../../avr/lib/avr5\libc.a(iob.o)
 .bss           0x00000000        0x0 c:/program files (x86)/atmel/studio/7.0/toolchain/avr8/avr8-gnu-toolchain/bin/../lib/gcc/avr/5.4.0/../../../../avr/lib/avr5\libc.a(iob.o)
 .text          0x00000000        0x0 c:/program files (x86)/atmel/studio/7.0/toolchain/avr8/avr8-gnu-toolchain/bin/../lib/gcc/avr/5.4.0/../../../../avr/lib/avr5\libc.a(printf.o)
 .data          0x00000000        0x0 c:/program files (x86)/atmel/studio/7.0/toolchain/avr8/avr8-gnu-toolchain/bin/../lib/gcc/avr/5.4.0/../../../../avr/lib/avr5\libc.a(printf.o)
 .bss           0x00000000        0x0 c:/program files (x86)/atmel/studio/7.0/toolchain/avr8/avr8-gnu-toolchain/bin/../lib/gcc/avr/5.4.0/../../../../avr/lib/avr5\libc.a(printf.o)
 .text          0x00000000        0x0 c:/program files (x86)/atmel/studio/7.0/toolchain/avr8/avr8-gnu-toolchain/bin/../lib/gcc/avr/5.4.0/../../../../avr/lib/avr5\libc.a(printf_p.o)
 .data          0x00000000        0x0 c:/program files (x86)/atmel/studio/7.0/toolchain/avr8/avr8-gnu-toolchain/bin/../lib/gcc/avr/5.4.0/../../../../avr/lib/avr5\libc.a(printf_p.o)
 .bss           0x00000000        0x0 c:/program files (x86)/atmel/studio/7.0/toolchain/avr8/avr8-gnu-toolchain/bin/../lib/gcc/avr/5.4.0/../../../../avr/lib/avr5\libc.a(printf_p.o)
 .text          0x00000000        0x0 c:/program files (x86)/atmel/studio/7.0/toolchain/avr8/avr8-gnu-toolchain/bin/../lib/gcc/avr/5.4.0/../../../../avr/lib/avr5\libc.a(puts.o)
 .data          0x00000000        0x0 c:/program files (x86)/atmel/studio/7.0/toolchain/avr8/avr8-gnu-toolchain/bin/../lib/gcc/avr/5.4.0/../../../../avr/lib/avr5\libc.a(puts.o)
 .bss           0x00000000        0x0 c:/program files (x86)/atmel/studio/7.0/toolchain/avr8/avr8-gnu-toolchain/bin/../lib/gcc/avr/5.4.0/../../../../avr/lib/avr5\libc.a(puts.o)
 .text          0x00000000        0x0 c:/program files (x86)/atmel/studio/7.0/toolchain/avr8/avr8-gnu-toolchain/bin/../lib/gcc/avr/5.4.0/../../../../avr/lib/avr5\libc.a(vfprintf_std.o)
 .data          0x00000000        0x0 c:/program files (x86)/atmel/studio/7.0/toolchain/avr8/avr8-gnu-toolchain/bin/../lib/gcc/avr/5.4.0/../../../../avr/lib/avr5\libc.a(vfprintf_std.o)
 .bss           0x00000000        0x0 c:/program files (x86)/atmel/studio/7.0/toolchain/avr8/avr8-gnu-toolchain/bin/../lib/gcc/avr/5.4.0/../../../../avr/lib/avr5\libc.a(vfprintf_std.o)
 .text          0x00000000        0x0 c:/program files (x86)/atmel/studio/7.0/toolchain/avr8/avr8-gnu-toolchain/bin/../lib/gcc/avr/5.4.0/../../../../avr/lib/avr5\libc.a(strnlen_P.o)
 .data          0x00000000        0x0 c:/program files (x86)/atmel/studio/7.0/toolchain/avr8/avr8-gnu-toolchain/bin/../lib/gcc/avr/5.4.0/../../../../avr/lib/avr5\libc.a(strnlen_P.o)
 .bss           0x00000000        0x0 c:/program files (x86)/atmel/studio/7.0/toolchain/avr8/avr8-gnu-toolchain/bin/../lib/gcc/avr/5.4.0/../../../../avr/lib/avr5\libc.a(strnlen_P.o)
 .text          0x00000000        0x0 c:/program files (x86)/atmel/studio/7.0/toolchain/avr8/avr8-gnu-toolchain/bin/../lib/gcc/avr/5.4.0/../../../../avr/lib/avr5\libc.a(strnlen.o)
 .data          0x00000000        0x0 c:/program files (x86)/atmel/studio/7.0/toolchain/avr8/avr8-gnu-toolchain/bin/../lib/gcc/avr/5.4.0/../../../../avr/lib/avr5\libc.a(strnlen.o)
 .bss           0x00000000        0x0 c:/program files (x86)/atmel/studio/7.0/toolchain/avr8/avr8-gnu-toolchain/bin/../lib/gcc/avr/5.4.0/../../../../avr/lib/avr5\libc.a(strnlen.o)
 .text          0x00000000        0x0 c:/program files (x86)/atmel/studio/7.0/toolchain/avr8/avr8-gnu-toolchain/bin/../lib/gcc/avr/5.4.0/../../../../avr/lib/avr5\libc.a(fputc.o)
 .data          0x00000000        0x0 c:/program files (x86)/atmel/studio/7.0/toolchain/avr8/avr8-gnu-toolchain/bin/../lib/gcc/avr/5.4.0/../../../../avr/lib/avr5\libc.a(fputc.o)
 .bss           0x00000000        0x0 c:/program files (x86)/atmel/studio/7.0/toolchain/avr8/avr8-gnu-toolchain/bin/../lib/gcc/avr/5.4.0/../../../../avr/lib/avr5\libc.a(fputc.o)
 .text          0x00000000        0x0 c:/program files (x86)/atmel/studio/7.0/toolchain/avr8/avr8-gnu-toolchain/bin/../lib/gcc/avr/5.4.0/../../../../avr/lib/avr5\libc.a(ultoa_invert.o)
 .data          0x00000000        0x0 c:/program files (x86)/atmel/studio/7.0/toolchain/avr8/avr8-gnu-toolchain/bin/../lib/gcc/avr/5.4.0/../../../../avr/lib/avr5\libc.a(ultoa_invert.o)
 .bss           0x00000000        0x0 c:/program files (x86)/atmel/studio/7.0/toolchain/avr8/avr8-gnu-toolchain/bin/../lib/gcc/avr/5.4.0/../../../../avr/lib/avr5\libc.a(ultoa_invert.o)
 .text          0x00000000        0x0 C:/Program Files (x86)/Atmel/Studio/7.0/Packs/atmel/ATmega_DFP/1.7.374/gcc/dev/atmega328p/avr5\libatmega328p.a(eerd_block.o)
 .data          0x00000000        0x0 C:/Program Files (x86)/Atmel/Studio/7.0/Packs/atmel/ATmega_DFP/1.7.374/gcc/dev/atmega328p/avr5\libatmega328p.a(eerd_block.o)
 .bss           0x00000000        0x0 C:/Program Files (x86)/Atmel/Studio/7.0/Packs/atmel/ATmega_DFP/1.7.374/gcc/dev/atmega328p/avr5\libatmega328p.a(eerd_block.o)
 .text          0x00000000        0x0 C:/Program Files (x86)/Atmel/Studio/7.0/Packs/atmel/ATmega_DFP/1.7.374/gcc/dev/atmega328p/avr5\libatmega328p.a(eeupd_block.o)
 .data          0x00000000        0x0 C:/Program Files (x86)/Atmel/Studio/7.0/Packs/atmel/ATmega_DFP/1.7.374/gcc/dev/atmega328p/avr5\libatmega328p.a(eeupd_block.o)
 .bss           0x00000000        0x0 C:/Program Files (x86)/Atmel/Studio/7.0/Packs/atmel/ATmega_DFP/1.7.374/gcc/dev/atmega328p/avr5\libatmega328p.a(eeupd_block.o)
 .text          0x00000000        0x0 C:/Program Files (x86)/Atmel/Studio/7.0/Packs/atmel/ATmega_DFP/1.7.374/gcc/dev/atmega328p/avr5\libatmega328p.a(eeupd_byte.o)
 .data          0x00000000        0x0 C:/Program Files (x86)/Atmel/Studio/7.0/Packs/atmel/ATmega_DFP/1.7.374/gcc/dev/atmega328p/avr5\libatmega328p.a(eeupd_byte.o)
 .bss           0x00000000        0x0 C:/Program Files (x86)/Atmel/Studio/7.0/Packs/atmel/ATmega_DFP/1.7.374/gcc/dev/atmega328p/avr5\libatmega328p.a(eeupd_byte.o)
 .text          0x00000000        0x0 c:/program files (x86)/atmel/studio/7.0/toolchain/avr8/avr8-gnu-toolchain/bin/../lib/gcc/avr/5.4.0/avr5\libgcc.a(_prologue.o)
 .data          0x00000000        0x0 c:/program files (x86)/atmel/studio/7.0/toolchain/avr8/avr8-gnu-toolchain/bin/../lib/gcc/avr/5.4.0/avr5\libgcc.a(_prologue.o)
 .bss           0x00000000        0x0 c:/program files (x86)/atmel/studio/7.0/toolchain/avr8/avr8-gnu-toolchain/bin/../lib/gcc/avr/5.4.0/avr5\libgcc.a(_prologue.o)
 .text.libgcc.mul
                0x00000000        0x0 c:/program files (x86)/atmel/studio/7.0/toolchain/avr8/avr8-gnu-toolchain/bin/../lib/gcc/avr/5.4.0/avr5\libgcc.a(_prologue.o)
 .text.libgcc.div
                0x00000000        0x0 c:/program files (x86)/atmel/studio/7.0/toolchain/avr8/avr8-gnu-toolchain/bin/../lib/gcc/avr/5.4.0/avr5\libgcc.a(_prologue.o)
 .text.libgcc   0x00000000        0x0 c:/program files (x86)/atmel/studio/7.0/toolchain/avr8/avr8-gnu-toolchain/bin/../lib/gcc/avr/5.4.0/avr5\libgcc.a(_prologue.o)
 .text.libgcc.builtins
                0x00000000        0x0 c:/program files (x86)/atmel/studio/7.0/toolchain/avr8/avr8-gnu-toolchain/bin/../lib/gcc/avr/5.4.0/avr5\libgcc.a(_prologue.o)
 .text.libgcc.fmul
                0x00000000        0x0 c:/program files (x86)/atmel/studio/7.0/toolchain/avr8/avr8-gnu-toolchain/bin/../lib/gcc/avr/5.4.0/avr5\libgcc.a(_prologue.o)
 .text.libgcc.fixed
                0x00000000        0x0 c:/program files (x86)/atmel/studio/7.0/toolchain/avr8/avr8-gnu-toolchain/bin/../lib/gcc/avr/5.4.0/avr5\libgcc.a(_prologue.o)
 .text          0x00000000        0x0 c:/program files (x86)/atmel/studio/7.0/toolchain/avr8/avr8-gnu-toolchain/bin/../lib/gcc/avr/5.4.0/avr5\libgcc.a(_epilogue.o)
 .data          0x00000000        0x0 c:/program files (x86)/atmel/studio/7.0/toolchain/avr8/avr8-gnu-toolchain/bin/../lib/gcc/avr/5.4.0/avr5\libgcc.a(_epilogue.o)
 .bss           0x00000000        0x0 c:/program files (x86)/atmel/studio/7.0/toolchain/avr8/avr8-gnu-toolchain/bin/../lib/gcc/avr/5.4.0/avr5\libgcc.a(_epilogue.o)
 .text.libgcc.mul
                0x00000000        0x0 c:/program files (x86)/atmel/studio/7.0/toolchain/avr8/avr8-gnu-toolchain/bin/../lib/gcc/avr/5.4.0/avr5\libgcc.a(_epilogue.o)
 .text.libgcc.div
                0x00000000        0x0 c:/program files (x86)/atmel/studio/7.0/toolchain/avr8/avr8-gnu-toolchain/bin/../lib/gcc/avr/5.4.0/avr5\libgcc.a(_epilogue.o)
 .text.libgcc   0x00000000        0x0 c:/program files (x86)/atmel/studio/7.0/toolchain/avr8/avr8-gnu-toolchain/bin/../lib/gcc/avr/5.4.0/avr5\libgcc.a(_epilogue.o)
 .text.libgcc.builtins
                0x00000000        0x0 c:/program files (x86)/atmel/studio/7.0/toolchain/avr8/avr8-gnu-toolchain/bin/../lib/gcc/avr/5.4.0/avr5\libgcc.a(_epilogue.o)
 .text.libgcc.fmul
                0x00000000        0x0 c:/program files (x86)/atmel/studio/7.0/toolchain/avr8/avr8-gnu-toolchain/bin/../lib/gcc/avr/5.4.0/avr5\libgcc.a(_epilogue.o)
 .text.libgcc.fixed
                0x00000000        0x0 c:/program files (x86)/atmel/studio/7.0/toolchain/avr8/avr8-gnu-toolchain/bin/../lib/gcc/avr/5.4.0/avr5\libgcc.a(_epilogue.o)

Memory Configuration

Name             Origin             Length             Attributes
text             0x00000000         0x00008000         xr
data             0x00800100         0x00000800         rw !x
eeprom           0x00810000         0x00000400         rw !x
fuse             0x00820000         0x00000003         rw !x
lock             0x00830000         0x00000400         rw !x
signature        0x00840000         0x00000400         rw !x
user_signatures  0x00850000         0x00000400         rw !x
*default*        0x00000000         0xffffffff

Linker script and memory map

Address of section .data set to 0x800100
LOAD C:/Program Files (x86)/Atmel/Studio/7.0/Packs/atmel/ATmega_DFP/1.7.374/gcc/dev/atmega328p/avr5/crtatmega328p.o
LOAD main.o
LOAD utils/eeprom/eeprom_utils.o
LOAD utils/legacy_hcsr04/hcsr04_utils.o
LOAD utils/programPath/boxsorter_utils.o
LOAD utils/protocol/protocol_utils.o
LOAD utils/servo/servo_utils.o
LOAD utils/tcrt/tcrt_utils.o
LOAD utils/ultrasonic_hal.o
LOAD utils/usart/usart_utils.o
START GROUP
LOAD D:\Microcontroladores\koba_ultrasonic_lib\koba_ultrasonic_lib\Debug\lib_koba_ultrasonic.a
END GROUP
START GROUP
LOAD c:/program files (x86)/atmel/studio/7.0/toolchain/avr8/avr8-gnu-toolchain/bin/../lib/gcc/avr/5.4.0/avr5\libgcc.a
LOAD c:/program files (x86)/atmel/studio/7.0/toolchain/avr8/avr8-gnu-toolchain/bin/../lib/gcc/avr/5.4.0/../../../../avr/lib/avr5\libm.a
LOAD c:/program files (x86)/atmel/studio/7.0/toolchain/avr8/avr8-gnu-toolchain/bin/../lib/gcc/avr/5.4.0/../../../../avr/lib/avr5\libc.a
LOAD C:/Program Files (x86)/Atmel/Studio/7.0/Packs/atmel/ATmega_DFP/1.7.374/gcc/dev/atmega328p/avr5\libatmega328p.a
END GROUP
                0x00000000                __TEXT_REGION_ORIGIN__ = DEFINED (__TEXT_REGION_ORIGIN__)?__TEXT_REGION_ORIGIN__:0x0
                [0x00800100]                __DATA_REGION_ORIGIN__ = DEFINED (__DATA_REGION_ORIGIN__)?__DATA_REGION_ORIGIN__:0x800060
                [0x00008000]                __TEXT_REGION_LENGTH__ = DEFINED (__TEXT_REGION_LENGTH__)?__TEXT_REGION_LENGTH__:0x20000
                [0x00000800]                __DATA_REGION_LENGTH__ = DEFINED (__DATA_REGION_LENGTH__)?__DATA_REGION_LENGTH__:0xffa0
                [0x00000400]                __EEPROM_REGION_LENGTH__ = DEFINED (__EEPROM_REGION_LENGTH__)?__EEPROM_REGION_LENGTH__:0x10000
                [0x00000003]                __FUSE_REGION_LENGTH__ = DEFINED (__FUSE_REGION_LENGTH__)?__FUSE_REGION_LENGTH__:0x400
                0x00000400                __LOCK_REGION_LENGTH__ = DEFINED (__LOCK_REGION_LENGTH__)?__LOCK_REGION_LENGTH__:0x400
                0x00000400                __SIGNATURE_REGION_LENGTH__ = DEFINED (__SIGNATURE_REGION_LENGTH__)?__SIGNATURE_REGION_LENGTH__:0x400
                0x00000400                __USER_SIGNATURE_REGION_LENGTH__ = DEFINED (__USER_SIGNATURE_REGION_LENGTH__)?__USER_SIGNATURE_REGION_LENGTH__:0x400

.hash
 *(.hash)

.dynsym
 *(.dynsym)

.dynstr
 *(.dynstr)

.gnu.version
 *(.gnu.version)

.gnu.version_d
 *(.gnu.version_d)

.gnu.version_r
 *(.gnu.version_r)

.rel.init
 *(.rel.init)

.rela.init
 *(.rela.init)

.rel.text
 *(.rel.text)
 *(.rel.text.*)
 *(.rel.gnu.linkonce.t*)

.rela.text
 *(.rela.text)
 *(.rela.text.*)
 *(.rela.gnu.linkonce.t*)

.rel.fini
 *(.rel.fini)

.rela.fini
 *(.rela.fini)

.rel.rodata
 *(.rel.rodata)
 *(.rel.rodata.*)
 *(.rel.gnu.linkonce.r*)

.rela.rodata
 *(.rela.rodata)
 *(.rela.rodata.*)
 *(.rela.gnu.linkonce.r*)

.rel.data
 *(.rel.data)
 *(.rel.data.*)
 *(.rel.gnu.linkonce.d*)

.rela.data
 *(.rela.data)
 *(.rela.data.*)
 *(.rela.gnu.linkonce.d*)

.rel.ctors
 *(.rel.ctors)

.rela.ctors
 *(.rela.ctors)

.rel.dtors
 *(.rel.dtors)

.rela.dtors
 *(.rela.dtors)

.rel.got
 *(.rel.got)

.rela.got
 *(.rela.got)

.rel.bss
 *(.rel.bss)

.rela.bss
 *(.rela.bss)

.rel.plt
 *(.rel.plt)

.rela.plt
 *(.rela.plt)

.text           0x00000000     0x31fe
 *(.vectors)
 .vectors       0x00000000       0x68 C:/Program Files (x86)/Atmel/Studio/7.0/Packs/atmel/ATmega_DFP/1.7.374/gcc/dev/atmega328p/avr5/crtatmega328p.o
                0x00000000                __vector_default
                0x00000000                __vectors
 *(.vectors)
 *(.progmem.gcc*)
 .progmem.gcc_sw_table.doAction
                0x00000068       0xaa utils/protocol/protocol_utils.o
 .progmem.gcc_sw_table.printCommandMessage
                0x00000112       0xaa utils/protocol/protocol_utils.o
                0x000001bc                . = ALIGN (0x2)
                0x000001bc                __trampolines_start = .
 *(.trampolines)
 .trampolines   0x000001bc        0x0 linker stubs
 *(.trampolines*)
                0x000001bc                __trampolines_end = .
 *libprintf_flt.a:*(.progmem.data)
 *libc.a:*(.progmem.data)
 *(.progmem*)
 .progmem.data.__c.2420
                0x000001bc       0x10 main.o
 .progmem.data.__c.2410
                0x000001cc       0x1b main.o
 .progmem.data.__c.2439
                0x000001e7       0x13 main.o
 .progmem.data.__c.2435
                0x000001fa       0x23 main.o
 .progmem.data.__c.2433
                0x0000021d        0xa main.o
 .progmem.data.__c.2399
                0x00000227        0xe main.o
 .progmem.data.__c.2397
                0x00000235       0x1f main.o
 .progmem.data.__c.2395
                0x00000254        0xe main.o
 .progmem.data.__c.2393
                0x00000262       0x1f main.o
 .progmem.data.__c.2391
                0x00000281        0xe main.o
 .progmem.data.__c.2389
                0x0000028f       0x1f main.o
 .progmem.data.__c.2369
                0x000002ae       0x1a main.o
 .progmem.data.__c.2367
                0x000002c8       0x1a main.o
 .progmem.data.__c.2365
                0x000002e2       0x1a main.o
 .progmem.data.__c.2355
                0x000002fc       0x16 main.o
 .progmem.data.__c.2066
                0x00000312       0x20 utils/eeprom/eeprom_utils.o
 .progmem.data.__c.2063
                0x00000332       0x1a utils/eeprom/eeprom_utils.o
 .progmem.data.__c.2055
                0x0000034c       0x3d utils/eeprom/eeprom_utils.o
 .progmem.data.__c.2046
                0x00000389       0x1b utils/eeprom/eeprom_utils.o
 .progmem.data.__c.2306
                0x000003a4        0xf utils/programPath/boxsorter_utils.o
 .progmem.data.__c.2304
                0x000003b3        0xf utils/programPath/boxsorter_utils.o
 .progmem.data.__c.2302
                0x000003c2        0xf utils/programPath/boxsorter_utils.o
 .progmem.data.__c.2300
                0x000003d1        0xf utils/programPath/boxsorter_utils.o
 .progmem.data.__c.2298
                0x000003e0       0x1a utils/programPath/boxsorter_utils.o
 .progmem.data.__c.2295
                0x000003fa       0x11 utils/programPath/boxsorter_utils.o
 .progmem.data.__c.2293
                0x0000040b        0xc utils/programPath/boxsorter_utils.o
 .progmem.data.__c.2287
                0x00000417       0x29 utils/programPath/boxsorter_utils.o
 .progmem.data.__c.2285
                0x00000440       0x15 utils/programPath/boxsorter_utils.o
 .progmem.data.__c.2283
                0x00000455       0x15 utils/programPath/boxsorter_utils.o
 .progmem.data.__c.2281
                0x0000046a       0x15 utils/programPath/boxsorter_utils.o
 .progmem.data.__c.2279
                0x0000047f       0x29 utils/programPath/boxsorter_utils.o
 .progmem.data.__c.2276
                0x000004a8       0x30 utils/programPath/boxsorter_utils.o
 .progmem.data.__c.2270
                0x000004d8       0x26 utils/programPath/boxsorter_utils.o
 .progmem.data.__c.2268
                0x000004fe       0x37 utils/programPath/boxsorter_utils.o
 .progmem.data.__c.2261
                0x00000535       0x1c utils/programPath/boxsorter_utils.o
 .progmem.data.__c.2616
                0x00000551       0x15 utils/protocol/protocol_utils.o
 .progmem.data.__c.2613
                0x00000566       0x12 utils/protocol/protocol_utils.o
 .progmem.data.__c.2610
                0x00000578       0x18 utils/protocol/protocol_utils.o
 .progmem.data.__c.2607
                0x00000590       0x15 utils/protocol/protocol_utils.o
 .progmem.data.__c.2604
                0x000005a5       0x16 utils/protocol/protocol_utils.o
 .progmem.data.__c.2601
                0x000005bb       0x16 utils/protocol/protocol_utils.o
 .progmem.data.__c.2598
                0x000005d1       0x12 utils/protocol/protocol_utils.o
 .progmem.data.__c.2595
                0x000005e3       0x17 utils/protocol/protocol_utils.o
 .progmem.data.__c.2592
                0x000005fa       0x1c utils/protocol/protocol_utils.o
 .progmem.data.__c.2589
                0x00000616       0x13 utils/protocol/protocol_utils.o
 .progmem.data.__c.2586
                0x00000629       0x13 utils/protocol/protocol_utils.o
 .progmem.data.__c.2582
                0x0000063c       0x18 utils/protocol/protocol_utils.o
 .progmem.data.__c.2518
                0x00000654       0x13 utils/protocol/protocol_utils.o
 .progmem.data.__c.2513
                0x00000667       0x16 utils/protocol/protocol_utils.o
 .progmem.data.__c.2505
                0x0000067d        0xf utils/protocol/protocol_utils.o
 .progmem.data.__c.2498
                0x0000068c       0x1f utils/protocol/protocol_utils.o
 .progmem.data.__c.2495
                0x000006ab       0x1b utils/protocol/protocol_utils.o
 .progmem.data.__c.2465
                0x000006c6        0xc utils/protocol/protocol_utils.o
 .progmem.data.__c.2460
                0x000006d2        0x7 utils/protocol/protocol_utils.o
 .progmem.data.__c.2454
                0x000006d9       0x30 utils/protocol/protocol_utils.o
 .progmem.data.__c.2452
                0x00000709       0x12 utils/protocol/protocol_utils.o
 .progmem.data.__c.2450
                0x0000071b       0x10 utils/protocol/protocol_utils.o
                0x0000072c                . = ALIGN (0x2)
 *fill*         0x0000072b        0x1 
 *(.jumptables)
 *(.jumptables*)
 *(.lowtext)
 *(.lowtext*)
                0x0000072c                __ctors_start = .
 *(.ctors)
                0x0000072c                __ctors_end = .
                0x0000072c                __dtors_start = .
 *(.dtors)
                0x0000072c                __dtors_end = .
 SORT(*)(.ctors)
 SORT(*)(.dtors)
 *(.init0)
 .init0         0x0000072c        0x0 C:/Program Files (x86)/Atmel/Studio/7.0/Packs/atmel/ATmega_DFP/1.7.374/gcc/dev/atmega328p/avr5/crtatmega328p.o
                0x0000072c                __init
 *(.init0)
 *(.init1)
 *(.init1)
 *(.init2)
 .init2         0x0000072c        0xc C:/Program Files (x86)/Atmel/Studio/7.0/Packs/atmel/ATmega_DFP/1.7.374/gcc/dev/atmega328p/avr5/crtatmega328p.o
 *(.init2)
 *(.init3)
 *(.init3)
 *(.init4)
 .init4         0x00000738       0x16 c:/program files (x86)/atmel/studio/7.0/toolchain/avr8/avr8-gnu-toolchain/bin/../lib/gcc/avr/5.4.0/avr5\libgcc.a(_copy_data.o)
                0x00000738                __do_copy_data
 .init4         0x0000074e       0x10 c:/program files (x86)/atmel/studio/7.0/toolchain/avr8/avr8-gnu-toolchain/bin/../lib/gcc/avr/5.4.0/avr5\libgcc.a(_clear_bss.o)
                0x0000074e                __do_clear_bss
 *(.init4)
 *(.init5)
 *(.init5)
 *(.init6)
 *(.init6)
 *(.init7)
 *(.init7)
 *(.init8)
 *(.init8)
 *(.init9)
 .init9         0x0000075e        0x8 C:/Program Files (x86)/Atmel/Studio/7.0/Packs/atmel/ATmega_DFP/1.7.374/gcc/dev/atmega328p/avr5/crtatmega328p.o
 *(.init9)
 *(.text)
 .text          0x00000766        0x4 C:/Program Files (x86)/Atmel/Studio/7.0/Packs/atmel/ATmega_DFP/1.7.374/gcc/dev/atmega328p/avr5/crtatmega328p.o
                0x00000766                __vector_22
                0x00000766                __vector_1
                0x00000766                __vector_24
                0x00000766                __bad_interrupt
                0x00000766                __vector_6
                0x00000766                __vector_3
                0x00000766                __vector_23
                0x00000766                __vector_25
                0x00000766                __vector_17
                0x00000766                __vector_5
                0x00000766                __vector_4
                0x00000766                __vector_9
                0x00000766                __vector_2
                0x00000766                __vector_21
                0x00000766                __vector_15
                0x00000766                __vector_8
                0x00000766                __vector_14
                0x00000766                __vector_16
                0x00000766                __vector_20
                0x0000076a                . = ALIGN (0x2)
 *(.text.*)
 .text.printfWrapper
                0x0000076a        0x6 main.o
                0x0000076a                printfWrapper
 .text.__vector_10
                0x00000770       0xc0 main.o
                0x00000770                __vector_10
 .text.__vector_13
                0x00000830       0x22 main.o
                0x00000830                __vector_13
 .text.__vector_11
                0x00000852      0x138 main.o
                0x00000852                __vector_11
 .text.__vector_12
                0x0000098a      0x2e8 main.o
                0x0000098a                __vector_12
 .text.__vector_18
                0x00000c72       0xc6 main.o
                0x00000c72                __vector_18
 .text.__vector_19
                0x00000d38       0xac main.o
                0x00000d38                __vector_19
 .text.__vector_7
                0x00000de4      0x2d8 main.o
                0x00000de4                __vector_7
 .text.timer1_init
                0x000010bc       0x3c main.o
                0x000010bc                timer1_init
 .text.timer2_init
                0x000010f8       0x20 main.o
                0x000010f8                timer2_init
 .text.main     0x00001118      0x366 main.o
                0x00001118                main
 .text.calculate_config_checksum
                0x0000147e        0xe utils/eeprom/eeprom_utils.o
                0x0000147e                calculate_config_checksum
 .text.saveConfigurationRAM
                0x0000148c       0x56 utils/eeprom/eeprom_utils.o
                0x0000148c                saveConfigurationRAM
 .text.loadConfigurationRAM
                0x000014e2       0x44 utils/eeprom/eeprom_utils.o
                0x000014e2                loadConfigurationRAM
 .text.existConfig
                0x00001526       0x7c utils/eeprom/eeprom_utils.o
                0x00001526                existConfig
 .text.initDetector
                0x000015a2       0x28 utils/programPath/boxsorter_utils.o
                0x000015a2                initDetector
 .text.initOutputs
                0x000015ca       0xbe utils/programPath/boxsorter_utils.o
                0x000015ca                initOutputs
 .text.initSorter
                0x00001688       0x4c utils/programPath/boxsorter_utils.o
                0x00001688                initSorter
 .text.classify_box
                0x000016d4      0x124 utils/programPath/boxsorter_utils.o
                0x000016d4                classify_box
 .text.ultraSensorTask
                0x000017f8      0x2d6 utils/programPath/boxsorter_utils.o
                0x000017f8                ultraSensorTask
 .text.irSensorsTask
                0x00001ace      0x1c6 utils/programPath/boxsorter_utils.o
                0x00001ace                irSensorsTask
 .text.servosTask
                0x00001c94        0x2 utils/programPath/boxsorter_utils.o
                0x00001c94                servosTask
 .text.verify_header
                0x00001c96       0xf0 utils/protocol/protocol_utils.o
                0x00001c96                verify_header
 .text.process_protocol_buffer
                0x00001d86       0x2e utils/protocol/protocol_utils.o
                0x00001d86                process_protocol_buffer
 .text.clear_receive_pck
                0x00001db4       0x10 utils/protocol/protocol_utils.o
                0x00001db4                clear_receive_pck
 .text.initProtocolService
                0x00001dc4       0x14 utils/protocol/protocol_utils.o
                0x00001dc4                initProtocolService
 .text.calculatePayload
                0x00001dd8       0x84 utils/protocol/protocol_utils.o
                0x00001dd8                calculatePayload
 .text.validatePck
                0x00001e5c      0x13e utils/protocol/protocol_utils.o
                0x00001e5c                validatePck
 .text.doAction
                0x00001f9a      0x276 utils/protocol/protocol_utils.o
                0x00001f9a                doAction
 .text.protocolTask
                0x00002210      0x142 utils/protocol/protocol_utils.o
                0x00002210                protocolTask
 .text.printCommandMessage
                0x00002352       0xf0 utils/protocol/protocol_utils.o
                0x00002352                printCommandMessage
 .text.calculate_angle_pulseUs
                0x00002442       0x26 utils/servo/servo_utils.o
                0x00002442                calculate_angle_pulseUs
 .text.initServo
                0x00002468       0x30 utils/servo/servo_utils.o
                0x00002468                initServo
 .text.tcrt_init
                0x00002498       0x1a utils/tcrt/tcrt_utils.o
                0x00002498                tcrt_init
 .text.tcrt_read_channel
                0x000024b2       0x32 utils/tcrt/tcrt_utils.o
                0x000024b2                tcrt_read_channel
 .text.TCRT_init_Handlers
                0x000024e4       0x72 utils/tcrt/tcrt_utils.o
                0x000024e4                TCRT_init_Handlers
 .text.calibrateIRSensor
                0x00002556       0x7e utils/tcrt/tcrt_utils.o
                0x00002556                calibrateIRSensor
 .text.tcrt_read
                0x000025d4       0x62 utils/tcrt/tcrt_utils.o
                0x000025d4                tcrt_read
 .text.tcrt_is_box_detected
                0x00002636       0x9c utils/tcrt/tcrt_utils.o
                0x00002636                tcrt_is_box_detected
 .text.ultrasonic_hal_trigger_setHigh
                0x000026d2        0x8 utils/ultrasonic_hal.o
                0x000026d2                ultrasonic_hal_trigger_setHigh
 .text.ultrasonic_hal_trigger_setLow
                0x000026da        0x8 utils/ultrasonic_hal.o
                0x000026da                ultrasonic_hal_trigger_setLow
 .text.ultrasonic_hal_echo_setRisingEdge
                0x000026e2        0xc utils/ultrasonic_hal.o
                0x000026e2                ultrasonic_hal_echo_setRisingEdge
 .text.ultrasonic_hal_echo_setFallingEdge
                0x000026ee        0xc utils/ultrasonic_hal.o
                0x000026ee                ultrasonic_hal_echo_setFallingEdge
 .text.USART_Init
                0x000026fa       0x16 utils/usart/usart_utils.o
                0x000026fa                USART_Init
 .text.USART_putchar_blocking
                0x00002710       0x12 utils/usart/usart_utils.o
                0x00002710                USART_putchar_blocking
 .text.USART_getchar
                0x00002722       0x44 utils/usart/usart_utils.o
                0x00002722                USART_getchar
 .text.ultrasonic_set_debug_mode
                0x00002766        0x6 D:\Microcontroladores\koba_ultrasonic_lib\koba_ultrasonic_lib\Debug\lib_koba_ultrasonic.a(ultrasonic.o)
                0x00002766                ultrasonic_set_debug_mode
 .text.ultrasonic_calculate_distance
                0x0000276c       0x8a D:\Microcontroladores\koba_ultrasonic_lib\koba_ultrasonic_lib\Debug\lib_koba_ultrasonic.a(ultrasonic.o)
                0x0000276c                ultrasonic_calculate_distance
 .text.ultrasonic_print
                0x000027f6       0x14 D:\Microcontroladores\koba_ultrasonic_lib\koba_ultrasonic_lib\Debug\lib_koba_ultrasonic.a(ultrasonic.o)
                0x000027f6                ultrasonic_print
 .text.ultrasonic_init_flags
                0x0000280a       0x4a D:\Microcontroladores\koba_ultrasonic_lib\koba_ultrasonic_lib\Debug\lib_koba_ultrasonic.a(ultrasonic.o)
                0x0000280a                ultrasonic_init_flags
 .text.ultrasonic_init
                0x00002854       0x3e D:\Microcontroladores\koba_ultrasonic_lib\koba_ultrasonic_lib\Debug\lib_koba_ultrasonic.a(ultrasonic.o)
                0x00002854                ultrasonic_init
 .text.ultrasonic_timeout_clear
                0x00002892       0x3a D:\Microcontroladores\koba_ultrasonic_lib\koba_ultrasonic_lib\Debug\lib_koba_ultrasonic.a(ultrasonic.o)
                0x00002892                ultrasonic_timeout_clear
 .text.ultrasonic_start
                0x000028cc       0x5c D:\Microcontroladores\koba_ultrasonic_lib\koba_ultrasonic_lib\Debug\lib_koba_ultrasonic.a(ultrasonic.o)
                0x000028cc                ultrasonic_start
 .text.ultrasonic_update
                0x00002928       0xc8 D:\Microcontroladores\koba_ultrasonic_lib\koba_ultrasonic_lib\Debug\lib_koba_ultrasonic.a(ultrasonic.o)
                0x00002928                ultrasonic_update
 .text.libgcc.div
                0x000029f0       0x44 c:/program files (x86)/atmel/studio/7.0/toolchain/avr8/avr8-gnu-toolchain/bin/../lib/gcc/avr/5.4.0/avr5\libgcc.a(_udivmodsi4.o)
                0x000029f0                __udivmodsi4
 .text.libgcc   0x00002a34        0xc c:/program files (x86)/atmel/studio/7.0/toolchain/avr8/avr8-gnu-toolchain/bin/../lib/gcc/avr/5.4.0/avr5\libgcc.a(_tablejump2.o)
                0x00002a34                __tablejump2__
 .text.libgcc.mul
                0x00002a40       0x1e c:/program files (x86)/atmel/studio/7.0/toolchain/avr8/avr8-gnu-toolchain/bin/../lib/gcc/avr/5.4.0/avr5\libgcc.a(_umulhisi3.o)
                0x00002a40                __umulhisi3
 .text.libgcc.mul
                0x00002a5e       0x16 c:/program files (x86)/atmel/studio/7.0/toolchain/avr8/avr8-gnu-toolchain/bin/../lib/gcc/avr/5.4.0/avr5\libgcc.a(_muluhisi3.o)
                0x00002a5e                __muluhisi3
 .text.avr-libc
                0x00002a74       0x3c c:/program files (x86)/atmel/studio/7.0/toolchain/avr8/avr8-gnu-toolchain/bin/../lib/gcc/avr/5.4.0/../../../../avr/lib/avr5\libc.a(atoi.o)
                0x00002a74                atoi
 .text.avr-libc
                0x00002ab0        0xa c:/program files (x86)/atmel/studio/7.0/toolchain/avr8/avr8-gnu-toolchain/bin/../lib/gcc/avr/5.4.0/../../../../avr/lib/avr5\libc.a(strtok.o)
                0x00002ab0                strtok
 .text.avr-libc
                0x00002aba       0x16 c:/program files (x86)/atmel/studio/7.0/toolchain/avr8/avr8-gnu-toolchain/bin/../lib/gcc/avr/5.4.0/../../../../avr/lib/avr5\libc.a(strchr.o)
                0x00002aba                strchr
 .text.avr-libc
                0x00002ad0       0x4e c:/program files (x86)/atmel/studio/7.0/toolchain/avr8/avr8-gnu-toolchain/bin/../lib/gcc/avr/5.4.0/../../../../avr/lib/avr5\libc.a(strtok_r.o)
                0x00002ad0                strtok_r
 .text.avr-libc
                0x00002b1e       0x10 c:/program files (x86)/atmel/studio/7.0/toolchain/avr8/avr8-gnu-toolchain/bin/../lib/gcc/avr/5.4.0/../../../../avr/lib/avr5\libc.a(mul10.o)
                0x00002b1e                __mulhi_const_10
 .text.avr-libc
                0x00002b2e       0x2c c:/program files (x86)/atmel/studio/7.0/toolchain/avr8/avr8-gnu-toolchain/bin/../lib/gcc/avr/5.4.0/../../../../avr/lib/avr5\libc.a(printf.o)
                0x00002b2e                printf
 .text.avr-libc
                0x00002b5a       0x4c c:/program files (x86)/atmel/studio/7.0/toolchain/avr8/avr8-gnu-toolchain/bin/../lib/gcc/avr/5.4.0/../../../../avr/lib/avr5\libc.a(printf_p.o)
                0x00002b5a                printf_P
 .text.avr-libc
                0x00002ba6       0x60 c:/program files (x86)/atmel/studio/7.0/toolchain/avr8/avr8-gnu-toolchain/bin/../lib/gcc/avr/5.4.0/../../../../avr/lib/avr5\libc.a(puts.o)
                0x00002ba6                puts
 .text.avr-libc
                0x00002c06      0x3c2 c:/program files (x86)/atmel/studio/7.0/toolchain/avr8/avr8-gnu-toolchain/bin/../lib/gcc/avr/5.4.0/../../../../avr/lib/avr5\libc.a(vfprintf_std.o)
                0x00002c06                vfprintf
 .text.avr-libc
                0x00002fc8       0x16 c:/program files (x86)/atmel/studio/7.0/toolchain/avr8/avr8-gnu-toolchain/bin/../lib/gcc/avr/5.4.0/../../../../avr/lib/avr5\libc.a(strnlen_P.o)
                0x00002fc8                strnlen_P
 .text.avr-libc
                0x00002fde       0x16 c:/program files (x86)/atmel/studio/7.0/toolchain/avr8/avr8-gnu-toolchain/bin/../lib/gcc/avr/5.4.0/../../../../avr/lib/avr5\libc.a(strnlen.o)
                0x00002fde                strnlen
 .text.avr-libc
                0x00002ff4       0x78 c:/program files (x86)/atmel/studio/7.0/toolchain/avr8/avr8-gnu-toolchain/bin/../lib/gcc/avr/5.4.0/../../../../avr/lib/avr5\libc.a(fputc.o)
                0x00002ff4                fputc
 .text.avr-libc
                0x0000306c       0xbc c:/program files (x86)/atmel/studio/7.0/toolchain/avr8/avr8-gnu-toolchain/bin/../lib/gcc/avr/5.4.0/../../../../avr/lib/avr5\libc.a(ultoa_invert.o)
                0x0000306c                __ultoa_invert
 .text.avr-libc
                0x00003128       0x20 C:/Program Files (x86)/Atmel/Studio/7.0/Packs/atmel/ATmega_DFP/1.7.374/gcc/dev/atmega328p/avr5\libatmega328p.a(eerd_block.o)
                0x00003128                eeprom_read_block
                0x0000312c                eeprom_read_blraw
 .text.avr-libc
                0x00003148       0x20 C:/Program Files (x86)/Atmel/Studio/7.0/Packs/atmel/ATmega_DFP/1.7.374/gcc/dev/atmega328p/avr5\libatmega328p.a(eeupd_block.o)
                0x00003148                eeprom_update_block
 .text.avr-libc
                0x00003168       0x24 C:/Program Files (x86)/Atmel/Studio/7.0/Packs/atmel/ATmega_DFP/1.7.374/gcc/dev/atmega328p/avr5\libatmega328p.a(eeupd_byte.o)
                0x00003168                eeprom_update_byte
                0x0000316a                eeprom_update_r18
 .text.libgcc.prologue
                0x0000318c       0x38 c:/program files (x86)/atmel/studio/7.0/toolchain/avr8/avr8-gnu-toolchain/bin/../lib/gcc/avr/5.4.0/avr5\libgcc.a(_prologue.o)
                0x0000318c                __prologue_saves__
 .text.libgcc.prologue
                0x000031c4       0x36 c:/program files (x86)/atmel/studio/7.0/toolchain/avr8/avr8-gnu-toolchain/bin/../lib/gcc/avr/5.4.0/avr5\libgcc.a(_epilogue.o)
                0x000031c4                __epilogue_restores__
                0x000031fa                . = ALIGN (0x2)
 *(.fini9)
 .fini9         0x000031fa        0x0 c:/program files (x86)/atmel/studio/7.0/toolchain/avr8/avr8-gnu-toolchain/bin/../lib/gcc/avr/5.4.0/avr5\libgcc.a(_exit.o)
                0x000031fa                _exit
                0x000031fa                exit
 *(.fini9)
 *(.fini8)
 *(.fini8)
 *(.fini7)
 *(.fini7)
 *(.fini6)
 *(.fini6)
 *(.fini5)
 *(.fini5)
 *(.fini4)
 *(.fini4)
 *(.fini3)
 *(.fini3)
 *(.fini2)
 *(.fini2)
 *(.fini1)
 *(.fini1)
 *(.fini0)
 .fini0         0x000031fa        0x4 c:/program files (x86)/atmel/studio/7.0/toolchain/avr8/avr8-gnu-toolchain/bin/../lib/gcc/avr/5.4.0/avr5\libgcc.a(_exit.o)
 *(.fini0)
                0x000031fe                _etext = .

.data           0x00800100      0x338 load address 0x000031fe
                0x00800100                PROVIDE (__data_start, .)
 *(.data)
 *(.data*)
 .data.mystdin  0x00800100        0xe main.o
                0x00800100                mystdin
 .data.mystdout
                0x0080010e        0xe main.o
                0x0080010e                mystdout
 .data.local_box_ranges.2267
                0x0080011c        0x6 utils/programPath/boxsorter_utils.o
 *(.gnu.linkonce.d*)
 *(.rodata)
 *(.rodata*)
 .rodata.str1.1
                0x00800122      0x134 utils/programPath/boxsorter_utils.o
 .rodata.str1.1
                0x00800256       0x49 utils/protocol/protocol_utils.o
                                 0x51 (size before relaxing)
 .rodata.str1.1
                0x0080029f       0x4a utils/tcrt/tcrt_utils.o
 .rodata.str1.1
                0x008002e9      0x14f D:\Microcontroladores\koba_ultrasonic_lib\koba_ultrasonic_lib\Debug\lib_koba_ultrasonic.a(ultrasonic.o)
                                0x171 (size before relaxing)
 *(.gnu.linkonce.r*)
                0x00800438                . = ALIGN (0x2)
                0x00800438                _edata = .
                0x00800438                PROVIDE (__data_end, .)

.bss            0x00800438       0xed
                0x00800438                PROVIDE (__bss_start, .)
 *(.bss)
 .bss           0x00800438        0x2 c:/program files (x86)/atmel/studio/7.0/toolchain/avr8/avr8-gnu-toolchain/bin/../lib/gcc/avr/5.4.0/../../../../avr/lib/avr5\libc.a(strtok.o)
 *(.bss*)
 .bss.init_done.2409
                0x0080043a        0x1 main.o
 .bss.current_servo
                0x0080043b        0x1 main.o
                0x0080043b                current_servo
 .bss.veintems_counter
                0x0080043c        0x1 main.o
                0x0080043c                veintems_counter
 .bss.diezMsCounter
                0x0080043d        0x1 main.o
                0x0080043d                diezMsCounter
 .bss.btn_pressed_time
                0x0080043e        0x1 main.o
                0x0080043e                btn_pressed_time
 .bss.wait_time
                0x0080043f        0x1 main.o
                0x0080043f                wait_time
 .bss.ovf_count
                0x00800440        0x1 main.o
                0x00800440                ovf_count
 *(COMMON)
 COMMON         0x00800441       0xde main.o
                0x00800441                IR_B
                0x00800450                servoA
                0x00800456                transmit_counter
                0x00800457                salidaA
                0x0080045b                IR_U
                0x0080046a                bandera
                0x0080046b                currentConfig
                0x0080046f                IR_C
                0x0080047e                SorterSystem
                0x00800490                doActionCmd
                0x00800491                bandera3
                0x00800492                bandera2
                0x00800493                servoC
                0x00800499                IR_A
                0x008004a8                hcsr04Detector
                0x008004ad                servosArray
                0x008004b3                salidaC
                0x008004b7                ultraSensor
                0x008004c8                servoB
                0x008004ce                protocolService
                0x0080051b                salidaB
 COMMON         0x0080051f        0x6 c:/program files (x86)/atmel/studio/7.0/toolchain/avr8/avr8-gnu-toolchain/bin/../lib/gcc/avr/5.4.0/../../../../avr/lib/avr5\libc.a(iob.o)
                0x0080051f                __iob
                0x00800525                PROVIDE (__bss_end, .)
                0x000031fe                __data_load_start = LOADADDR (.data)
                0x00003536                __data_load_end = (__data_load_start + SIZEOF (.data))

.noinit         0x00800525        0x0
                [!provide]                PROVIDE (__noinit_start, .)
 *(.noinit*)
                [!provide]                PROVIDE (__noinit_end, .)
                0x00800525                _end = .
                [!provide]                PROVIDE (__heap_start, .)

.eeprom         0x00810000        0x4
 *(.eeprom*)
 .eeprom        0x00810000        0x4 main.o
                0x00810000                eepromConfig
                0x00810004                __eeprom_end = .

.fuse
 *(.fuse)
 *(.lfuse)
 *(.hfuse)
 *(.efuse)

.lock
 *(.lock*)

.signature
 *(.signature*)

.user_signatures
 *(.user_signatures*)

.stab
 *(.stab)

.stabstr
 *(.stabstr)

.stab.excl
 *(.stab.excl)

.stab.exclstr
 *(.stab.exclstr)

.stab.index
 *(.stab.index)

.stab.indexstr
 *(.stab.indexstr)

.comment        0x00000000       0x5c
 *(.comment)
 .comment       0x00000000       0x30 main.o
                                 0x31 (size before relaxing)
 .comment       0x00000030       0x31 utils/eeprom/eeprom_utils.o
 .comment       0x00000030       0x31 utils/programPath/boxsorter_utils.o
 .comment       0x00000030       0x31 utils/protocol/protocol_utils.o
 .comment       0x00000030       0x31 utils/servo/servo_utils.o
 .comment       0x00000030       0x31 utils/tcrt/tcrt_utils.o
 .comment       0x00000030       0x31 utils/ultrasonic_hal.o
 .comment       0x00000030       0x31 utils/usart/usart_utils.o
 .comment       0x00000030       0x31 D:\Microcontroladores\koba_ultrasonic_lib\koba_ultrasonic_lib\Debug\lib_koba_ultrasonic.a(ultrasonic.o)
 .comment       0x00000030       0x31 c:/program files (x86)/atmel/studio/7.0/toolchain/avr8/avr8-gnu-toolchain/bin/../lib/gcc/avr/5.4.0/../../../../avr/lib/avr5\libc.a(strtok.o)
 .comment       0x00000030       0x31 c:/program files (x86)/atmel/studio/7.0/toolchain/avr8/avr8-gnu-toolchain/bin/../lib/gcc/avr/5.4.0/../../../../avr/lib/avr5\libc.a(iob.o)
 .comment       0x00000030       0x31 c:/program files (x86)/atmel/studio/7.0/toolchain/avr8/avr8-gnu-toolchain/bin/../lib/gcc/avr/5.4.0/../../../../avr/lib/avr5\libc.a(printf.o)
 .comment       0x00000030       0x31 c:/program files (x86)/atmel/studio/7.0/toolchain/avr8/avr8-gnu-toolchain/bin/../lib/gcc/avr/5.4.0/../../../../avr/lib/avr5\libc.a(printf_p.o)
 .comment       0x00000030       0x31 c:/program files (x86)/atmel/studio/7.0/toolchain/avr8/avr8-gnu-toolchain/bin/../lib/gcc/avr/5.4.0/../../../../avr/lib/avr5\libc.a(puts.o)
 .comment       0x00000030       0x2c c:/program files (x86)/atmel/studio/7.0/toolchain/avr8/avr8-gnu-toolchain/bin/../lib/gcc/avr/5.4.0/../../../../avr/lib/avr5\libc.a(vfprintf_std.o)
                                 0x2d (size before relaxing)
 .comment       0x0000005c       0x31 c:/program files (x86)/atmel/studio/7.0/toolchain/avr8/avr8-gnu-toolchain/bin/../lib/gcc/avr/5.4.0/../../../../avr/lib/avr5\libc.a(fputc.o)

.note.gnu.avr.deviceinfo
                0x00000000       0x40
 .note.gnu.avr.deviceinfo
                0x00000000       0x40 C:/Program Files (x86)/Atmel/Studio/7.0/Packs/atmel/ATmega_DFP/1.7.374/gcc/dev/atmega328p/avr5/crtatmega328p.o

.note.gnu.build-id
 *(.note.gnu.build-id)

.debug
 *(.debug)

.line
 *(.line)

.debug_srcinfo
 *(.debug_srcinfo)

.debug_sfnames
 *(.debug_sfnames)

.debug_aranges  0x00000000      0x330
 *(.debug_aranges)
 .debug_aranges
                0x00000000       0x70 main.o
 .debug_aranges
                0x00000070       0x38 utils/eeprom/eeprom_utils.o
 .debug_aranges
                0x000000a8       0x50 utils/programPath/boxsorter_utils.o
 .debug_aranges
                0x000000f8       0x78 utils/protocol/protocol_utils.o
 .debug_aranges
                0x00000170       0x30 utils/servo/servo_utils.o
 .debug_aranges
                0x000001a0       0x50 utils/tcrt/tcrt_utils.o
 .debug_aranges
                0x000001f0       0x48 utils/ultrasonic_hal.o
 .debug_aranges
                0x00000238       0x30 utils/usart/usart_utils.o
 .debug_aranges
                0x00000268       0x68 D:\Microcontroladores\koba_ultrasonic_lib\koba_ultrasonic_lib\Debug\lib_koba_ultrasonic.a(ultrasonic.o)
 .debug_aranges
                0x000002d0       0x20 C:/Program Files (x86)/Atmel/Studio/7.0/Packs/atmel/ATmega_DFP/1.7.374/gcc/dev/atmega328p/avr5\libatmega328p.a(eerd_block.o)
 .debug_aranges
                0x000002f0       0x20 C:/Program Files (x86)/Atmel/Studio/7.0/Packs/atmel/ATmega_DFP/1.7.374/gcc/dev/atmega328p/avr5\libatmega328p.a(eeupd_block.o)
 .debug_aranges
                0x00000310       0x20 C:/Program Files (x86)/Atmel/Studio/7.0/Packs/atmel/ATmega_DFP/1.7.374/gcc/dev/atmega328p/avr5\libatmega328p.a(eeupd_byte.o)

.debug_pubnames
 *(.debug_pubnames)

.debug_info     0x00000000     0x4db7
 *(.debug_info .gnu.linkonce.wi.*)
 .debug_info    0x00000000      0x5f4 C:/Program Files (x86)/Atmel/Studio/7.0/Packs/atmel/ATmega_DFP/1.7.374/gcc/dev/atmega328p/avr5/crtatmega328p.o
 .debug_info    0x000005f4     0x1285 main.o
 .debug_info    0x00001879      0x45b utils/eeprom/eeprom_utils.o
 .debug_info    0x00001cd4      0xe1f utils/programPath/boxsorter_utils.o
 .debug_info    0x00002af3      0xbb9 utils/protocol/protocol_utils.o
 .debug_info    0x000036ac      0x2fc utils/servo/servo_utils.o
 .debug_info    0x000039a8      0x41d utils/tcrt/tcrt_utils.o
 .debug_info    0x00003dc5      0x39d utils/ultrasonic_hal.o
 .debug_info    0x00004162      0x3ff utils/usart/usart_utils.o
 .debug_info    0x00004561      0x684 D:\Microcontroladores\koba_ultrasonic_lib\koba_ultrasonic_lib\Debug\lib_koba_ultrasonic.a(ultrasonic.o)
 .debug_info    0x00004be5       0x9b C:/Program Files (x86)/Atmel/Studio/7.0/Packs/atmel/ATmega_DFP/1.7.374/gcc/dev/atmega328p/avr5\libatmega328p.a(eerd_block.o)
 .debug_info    0x00004c80       0x9c C:/Program Files (x86)/Atmel/Studio/7.0/Packs/atmel/ATmega_DFP/1.7.374/gcc/dev/atmega328p/avr5\libatmega328p.a(eeupd_block.o)
 .debug_info    0x00004d1c       0x9b C:/Program Files (x86)/Atmel/Studio/7.0/Packs/atmel/ATmega_DFP/1.7.374/gcc/dev/atmega328p/avr5\libatmega328p.a(eeupd_byte.o)

.debug_abbrev   0x00000000     0x1805
 *(.debug_abbrev)
 .debug_abbrev  0x00000000      0x5a2 C:/Program Files (x86)/Atmel/Studio/7.0/Packs/atmel/ATmega_DFP/1.7.374/gcc/dev/atmega328p/avr5/crtatmega328p.o
 .debug_abbrev  0x000005a2      0x360 main.o
 .debug_abbrev  0x00000902      0x17d utils/eeprom/eeprom_utils.o
 .debug_abbrev  0x00000a7f      0x29a utils/programPath/boxsorter_utils.o
 .debug_abbrev  0x00000d19      0x33c utils/protocol/protocol_utils.o
 .debug_abbrev  0x00001055      0x14b utils/servo/servo_utils.o
 .debug_abbrev  0x000011a0      0x1c1 utils/tcrt/tcrt_utils.o
 .debug_abbrev  0x00001361      0x119 utils/ultrasonic_hal.o
 .debug_abbrev  0x0000147a      0x18b utils/usart/usart_utils.o
 .debug_abbrev  0x00001605      0x1c4 D:\Microcontroladores\koba_ultrasonic_lib\koba_ultrasonic_lib\Debug\lib_koba_ultrasonic.a(ultrasonic.o)
 .debug_abbrev  0x000017c9       0x14 C:/Program Files (x86)/Atmel/Studio/7.0/Packs/atmel/ATmega_DFP/1.7.374/gcc/dev/atmega328p/avr5\libatmega328p.a(eerd_block.o)
 .debug_abbrev  0x000017dd       0x14 C:/Program Files (x86)/Atmel/Studio/7.0/Packs/atmel/ATmega_DFP/1.7.374/gcc/dev/atmega328p/avr5\libatmega328p.a(eeupd_block.o)
 .debug_abbrev  0x000017f1       0x14 C:/Program Files (x86)/Atmel/Studio/7.0/Packs/atmel/ATmega_DFP/1.7.374/gcc/dev/atmega328p/avr5\libatmega328p.a(eeupd_byte.o)

.debug_line     0x00000000     0x2d56
 *(.debug_line .debug_line.* .debug_line_end)
 .debug_line    0x00000000      0x134 C:/Program Files (x86)/Atmel/Studio/7.0/Packs/atmel/ATmega_DFP/1.7.374/gcc/dev/atmega328p/avr5/crtatmega328p.o
 .debug_line    0x00000134      0xa65 main.o
 .debug_line    0x00000b99      0x26d utils/eeprom/eeprom_utils.o
 .debug_line    0x00000e06      0x792 utils/programPath/boxsorter_utils.o
 .debug_line    0x00001598      0xa3e utils/protocol/protocol_utils.o
 .debug_line    0x00001fd6      0x1a9 utils/servo/servo_utils.o
 .debug_line    0x0000217f      0x38c utils/tcrt/tcrt_utils.o
 .debug_line    0x0000250b      0x165 utils/ultrasonic_hal.o
 .debug_line    0x00002670      0x1b2 utils/usart/usart_utils.o
 .debug_line    0x00002822      0x32e D:\Microcontroladores\koba_ultrasonic_lib\koba_ultrasonic_lib\Debug\lib_koba_ultrasonic.a(ultrasonic.o)
 .debug_line    0x00002b50       0xab C:/Program Files (x86)/Atmel/Studio/7.0/Packs/atmel/ATmega_DFP/1.7.374/gcc/dev/atmega328p/avr5\libatmega328p.a(eerd_block.o)
 .debug_line    0x00002bfb       0xa5 C:/Program Files (x86)/Atmel/Studio/7.0/Packs/atmel/ATmega_DFP/1.7.374/gcc/dev/atmega328p/avr5\libatmega328p.a(eeupd_block.o)
 .debug_line    0x00002ca0       0xb6 C:/Program Files (x86)/Atmel/Studio/7.0/Packs/atmel/ATmega_DFP/1.7.374/gcc/dev/atmega328p/avr5\libatmega328p.a(eeupd_byte.o)

.debug_frame    0x00000000      0xa78
 *(.debug_frame)
 .debug_frame   0x00000000      0x310 main.o
 .debug_frame   0x00000310       0x80 utils/eeprom/eeprom_utils.o
 .debug_frame   0x00000390      0x17c utils/programPath/boxsorter_utils.o
 .debug_frame   0x0000050c      0x260 utils/protocol/protocol_utils.o
 .debug_frame   0x0000076c       0x64 utils/servo/servo_utils.o
 .debug_frame   0x000007d0       0xe4 utils/tcrt/tcrt_utils.o
 .debug_frame   0x000008b4       0x74 utils/ultrasonic_hal.o
 .debug_frame   0x00000928       0x44 utils/usart/usart_utils.o
 .debug_frame   0x0000096c      0x10c D:\Microcontroladores\koba_ultrasonic_lib\koba_ultrasonic_lib\Debug\lib_koba_ultrasonic.a(ultrasonic.o)

.debug_str      0x00000000     0x11f0
 *(.debug_str)
 .debug_str     0x00000000      0x208 C:/Program Files (x86)/Atmel/Studio/7.0/Packs/atmel/ATmega_DFP/1.7.374/gcc/dev/atmega328p/avr5/crtatmega328p.o
 .debug_str     0x00000208      0x8ac main.o
                                0x95e (size before relaxing)
 .debug_str     0x00000ab4       0x95 utils/eeprom/eeprom_utils.o
                                0x2b9 (size before relaxing)
 .debug_str     0x00000b49       0xf2 utils/programPath/boxsorter_utils.o
                                0x6ca (size before relaxing)
 .debug_str     0x00000c3b      0x306 utils/protocol/protocol_utils.o
                                0x734 (size before relaxing)
 .debug_str     0x00000f41       0x4c utils/servo/servo_utils.o
                                0x27b (size before relaxing)
 .debug_str     0x00000f8d       0x7b utils/tcrt/tcrt_utils.o
                                0x341 (size before relaxing)
 .debug_str     0x00001008       0xbd utils/ultrasonic_hal.o
                                0x39a (size before relaxing)
 .debug_str     0x000010c5       0x4e utils/usart/usart_utils.o
                                0x2b8 (size before relaxing)
 .debug_str     0x00001113       0xdd D:\Microcontroladores\koba_ultrasonic_lib\koba_ultrasonic_lib\Debug\lib_koba_ultrasonic.a(ultrasonic.o)
                                0x407 (size before relaxing)

.debug_loc      0x00000000     0x28b8
 *(.debug_loc)
 .debug_loc     0x00000000      0x81c main.o
 .debug_loc     0x0000081c      0x171 utils/eeprom/eeprom_utils.o
 .debug_loc     0x0000098d      0x736 utils/programPath/boxsorter_utils.o
 .debug_loc     0x000010c3      0xe51 utils/protocol/protocol_utils.o
 .debug_loc     0x00001f14      0x184 utils/servo/servo_utils.o
 .debug_loc     0x00002098      0x2db utils/tcrt/tcrt_utils.o
 .debug_loc     0x00002373       0x98 utils/ultrasonic_hal.o
 .debug_loc     0x0000240b       0x7e utils/usart/usart_utils.o
 .debug_loc     0x00002489      0x42f D:\Microcontroladores\koba_ultrasonic_lib\koba_ultrasonic_lib\Debug\lib_koba_ultrasonic.a(ultrasonic.o)

.debug_macinfo
 *(.debug_macinfo)

.debug_weaknames
 *(.debug_weaknames)

.debug_funcnames
 *(.debug_funcnames)

.debug_typenames
 *(.debug_typenames)

.debug_varnames
 *(.debug_varnames)

.debug_pubtypes
 *(.debug_pubtypes)

.debug_ranges   0x00000000      0x288
 *(.debug_ranges)
 .debug_ranges  0x00000000       0x60 main.o
 .debug_ranges  0x00000060       0x28 utils/eeprom/eeprom_utils.o
 .debug_ranges  0x00000088       0x40 utils/programPath/boxsorter_utils.o
 .debug_ranges  0x000000c8       0xb0 utils/protocol/protocol_utils.o
 .debug_ranges  0x00000178       0x20 utils/servo/servo_utils.o
 .debug_ranges  0x00000198       0x40 utils/tcrt/tcrt_utils.o
 .debug_ranges  0x000001d8       0x38 utils/ultrasonic_hal.o
 .debug_ranges  0x00000210       0x20 utils/usart/usart_utils.o
 .debug_ranges  0x00000230       0x58 D:\Microcontroladores\koba_ultrasonic_lib\koba_ultrasonic_lib\Debug\lib_koba_ultrasonic.a(ultrasonic.o)

.debug_macro
 *(.debug_macro)
OUTPUT(GccApplication1.elf elf32-avr)
LOAD linker stubs
