Archive member included to satisfy reference by file (symbol)

D:\Microcontroladores\koba_ultrasonic_lib\koba_ultrasonic_lib\Debug\lib_koba_ultrasonic.a(ultrasonic.o)
                              main.o (ultrasonic_set_debug_mode)
c:/program files (x86)/atmel/studio/7.0/toolchain/avr8/avr8-gnu-toolchain/bin/../lib/gcc/avr/5.4.0/avr5\libgcc.a(_udivmodsi4.o)
                              utils/legacy_hcsr04/hcsr04_utils.o (__udivmodsi4)
c:/program files (x86)/atmel/studio/7.0/toolchain/avr8/avr8-gnu-toolchain/bin/../lib/gcc/avr/5.4.0/avr5\libgcc.a(_exit.o)
                              C:/Program Files (x86)/Atmel/Studio/7.0/Packs/atmel/ATmega_DFP/1.7.374/gcc/dev/atmega328p/avr5/crtatmega328p.o (exit)
c:/program files (x86)/atmel/studio/7.0/toolchain/avr8/avr8-gnu-toolchain/bin/../lib/gcc/avr/5.4.0/avr5\libgcc.a(_copy_data.o)
                              main.o (__do_copy_data)
c:/program files (x86)/atmel/studio/7.0/toolchain/avr8/avr8-gnu-toolchain/bin/../lib/gcc/avr/5.4.0/avr5\libgcc.a(_clear_bss.o)
                              main.o (__do_clear_bss)
c:/program files (x86)/atmel/studio/7.0/toolchain/avr8/avr8-gnu-toolchain/bin/../lib/gcc/avr/5.4.0/avr5\libgcc.a(_umulhisi3.o)
                              utils/servo/servo_utils.o (__umulhisi3)
c:/program files (x86)/atmel/studio/7.0/toolchain/avr8/avr8-gnu-toolchain/bin/../lib/gcc/avr/5.4.0/avr5\libgcc.a(_muluhisi3.o)
                              utils/tcrt/tcrt_utils.o (__muluhisi3)
c:/program files (x86)/atmel/studio/7.0/toolchain/avr8/avr8-gnu-toolchain/bin/../lib/gcc/avr/5.4.0/../../../../avr/lib/avr5\libc.a(iob.o)
                              main.o (__iob)
c:/program files (x86)/atmel/studio/7.0/toolchain/avr8/avr8-gnu-toolchain/bin/../lib/gcc/avr/5.4.0/../../../../avr/lib/avr5\libc.a(printf.o)
                              main.o (printf)
c:/program files (x86)/atmel/studio/7.0/toolchain/avr8/avr8-gnu-toolchain/bin/../lib/gcc/avr/5.4.0/../../../../avr/lib/avr5\libc.a(puts.o)
                              main.o (puts)
c:/program files (x86)/atmel/studio/7.0/toolchain/avr8/avr8-gnu-toolchain/bin/../lib/gcc/avr/5.4.0/../../../../avr/lib/avr5\libc.a(vfprintf_std.o)
                              c:/program files (x86)/atmel/studio/7.0/toolchain/avr8/avr8-gnu-toolchain/bin/../lib/gcc/avr/5.4.0/../../../../avr/lib/avr5\libc.a(printf.o) (vfprintf)
c:/program files (x86)/atmel/studio/7.0/toolchain/avr8/avr8-gnu-toolchain/bin/../lib/gcc/avr/5.4.0/../../../../avr/lib/avr5\libc.a(strnlen_P.o)
                              c:/program files (x86)/atmel/studio/7.0/toolchain/avr8/avr8-gnu-toolchain/bin/../lib/gcc/avr/5.4.0/../../../../avr/lib/avr5\libc.a(vfprintf_std.o) (strnlen_P)
c:/program files (x86)/atmel/studio/7.0/toolchain/avr8/avr8-gnu-toolchain/bin/../lib/gcc/avr/5.4.0/../../../../avr/lib/avr5\libc.a(strnlen.o)
                              c:/program files (x86)/atmel/studio/7.0/toolchain/avr8/avr8-gnu-toolchain/bin/../lib/gcc/avr/5.4.0/../../../../avr/lib/avr5\libc.a(vfprintf_std.o) (strnlen)
c:/program files (x86)/atmel/studio/7.0/toolchain/avr8/avr8-gnu-toolchain/bin/../lib/gcc/avr/5.4.0/../../../../avr/lib/avr5\libc.a(fputc.o)
                              c:/program files (x86)/atmel/studio/7.0/toolchain/avr8/avr8-gnu-toolchain/bin/../lib/gcc/avr/5.4.0/../../../../avr/lib/avr5\libc.a(vfprintf_std.o) (fputc)
c:/program files (x86)/atmel/studio/7.0/toolchain/avr8/avr8-gnu-toolchain/bin/../lib/gcc/avr/5.4.0/../../../../avr/lib/avr5\libc.a(ultoa_invert.o)
                              c:/program files (x86)/atmel/studio/7.0/toolchain/avr8/avr8-gnu-toolchain/bin/../lib/gcc/avr/5.4.0/../../../../avr/lib/avr5\libc.a(vfprintf_std.o) (__ultoa_invert)
c:/program files (x86)/atmel/studio/7.0/toolchain/avr8/avr8-gnu-toolchain/bin/../lib/gcc/avr/5.4.0/avr5\libgcc.a(_prologue.o)
                              c:/program files (x86)/atmel/studio/7.0/toolchain/avr8/avr8-gnu-toolchain/bin/../lib/gcc/avr/5.4.0/../../../../avr/lib/avr5\libc.a(printf.o) (__prologue_saves__)
c:/program files (x86)/atmel/studio/7.0/toolchain/avr8/avr8-gnu-toolchain/bin/../lib/gcc/avr/5.4.0/avr5\libgcc.a(_epilogue.o)
                              c:/program files (x86)/atmel/studio/7.0/toolchain/avr8/avr8-gnu-toolchain/bin/../lib/gcc/avr/5.4.0/../../../../avr/lib/avr5\libc.a(printf.o) (__epilogue_restores__)

Allocating common symbols
Common symbol       size              file

IR_B                0xf               main.o
servoA              0x6               main.o
salidaA             0x3               main.o
IR_U                0xf               main.o
bandera             0x1               main.o
IR_C                0xf               main.o
SorterSystem        0x18              main.o
bandera3            0x1               main.o
bandera2            0x1               main.o
servoC              0x6               main.o
IR_A                0xf               main.o
hcsr04Detector      0x5               main.o
servosArray         0x6               main.o
salidaC             0x3               main.o
ultraSensor         0x11              main.o
servoB              0x6               main.o
__iob               0x6               c:/program files (x86)/atmel/studio/7.0/toolchain/avr8/avr8-gnu-toolchain/bin/../lib/gcc/avr/5.4.0/../../../../avr/lib/avr5\libc.a(iob.o)
salidaB             0x3               main.o

Discarded input sections

 .data          0x00000000        0x0 C:/Program Files (x86)/Atmel/Studio/7.0/Packs/atmel/ATmega_DFP/1.7.374/gcc/dev/atmega328p/avr5/crtatmega328p.o
 .bss           0x00000000        0x0 C:/Program Files (x86)/Atmel/Studio/7.0/Packs/atmel/ATmega_DFP/1.7.374/gcc/dev/atmega328p/avr5/crtatmega328p.o
 .text          0x00000000        0x0 main.o
 .data          0x00000000        0x0 main.o
 .bss           0x00000000        0x0 main.o
 .text.external_interrupt_init
                0x00000000       0x12 main.o
 .bss.servoAVal
                0x00000000        0x1 main.o
 .bss.servo_active_counter
                0x00000000        0x1 main.o
 .bss.trigger_timeout_counter
                0x00000000        0x1 main.o
 .bss.echo_state
                0x00000000        0x1 main.o
 .bss.target_tick_A
                0x00000000        0x2 main.o
 .data.pulse_width_A
                0x00000000        0x4 main.o
 .bss.servo_counter
                0x00000000        0x1 main.o
 .bss.distance_mm
                0x00000000        0x2 main.o
 .bss.echo_finish_time
                0x00000000        0x2 main.o
 .bss.echo_init_time
                0x00000000        0x2 main.o
 .text          0x00000000        0x0 utils/legacy_hcsr04/hcsr04_utils.o
 .data          0x00000000        0x0 utils/legacy_hcsr04/hcsr04_utils.o
 .bss           0x00000000        0x0 utils/legacy_hcsr04/hcsr04_utils.o
 .rodata.str1.1
                0x00000000       0x11 utils/legacy_hcsr04/hcsr04_utils.o
 .text.calculate_distance
                0x00000000       0xb2 utils/legacy_hcsr04/hcsr04_utils.o
 .debug_info    0x00000000      0x116 utils/legacy_hcsr04/hcsr04_utils.o
 .debug_abbrev  0x00000000       0x95 utils/legacy_hcsr04/hcsr04_utils.o
 .debug_loc     0x00000000       0x8e utils/legacy_hcsr04/hcsr04_utils.o
 .debug_aranges
                0x00000000       0x20 utils/legacy_hcsr04/hcsr04_utils.o
 .debug_ranges  0x00000000       0x10 utils/legacy_hcsr04/hcsr04_utils.o
 .debug_line    0x00000000      0x119 utils/legacy_hcsr04/hcsr04_utils.o
 .debug_str     0x00000000      0x1fb utils/legacy_hcsr04/hcsr04_utils.o
 .comment       0x00000000       0x31 utils/legacy_hcsr04/hcsr04_utils.o
 .debug_frame   0x00000000       0x40 utils/legacy_hcsr04/hcsr04_utils.o
 .text          0x00000000        0x0 utils/programPath/boxsorter_utils.o
 .data          0x00000000        0x0 utils/programPath/boxsorter_utils.o
 .bss           0x00000000        0x0 utils/programPath/boxsorter_utils.o
 .text          0x00000000        0x0 utils/servo/servo_utils.o
 .data          0x00000000        0x0 utils/servo/servo_utils.o
 .bss           0x00000000        0x0 utils/servo/servo_utils.o
 .text.servo_set_angle
                0x00000000       0x36 utils/servo/servo_utils.o
 .text          0x00000000        0x0 utils/tcrt/tcrt_utils.o
 .data          0x00000000        0x0 utils/tcrt/tcrt_utils.o
 .bss           0x00000000        0x0 utils/tcrt/tcrt_utils.o
 .text.detect_rising_edge
                0x00000000       0x20 utils/tcrt/tcrt_utils.o
 .text          0x00000000        0x0 utils/ultrasonic_hal.o
 .data          0x00000000        0x0 utils/ultrasonic_hal.o
 .bss           0x00000000        0x0 utils/ultrasonic_hal.o
 .text.ultrasonic_hal_setTrigger_timeout
                0x00000000        0x2 utils/ultrasonic_hal.o
 .text.ultrasonic_hal_echo_timeout
                0x00000000        0xa utils/ultrasonic_hal.o
 .bss.g_timeoutTarget_us
                0x00000000        0x4 utils/ultrasonic_hal.o
 .text          0x00000000        0x0 utils/usart/usart_utils.o
 .data          0x00000000        0x0 utils/usart/usart_utils.o
 .bss           0x00000000        0x0 utils/usart/usart_utils.o
 .text          0x00000000        0x0 D:\Microcontroladores\koba_ultrasonic_lib\koba_ultrasonic_lib\Debug\lib_koba_ultrasonic.a(ultrasonic.o)
 .data          0x00000000        0x0 D:\Microcontroladores\koba_ultrasonic_lib\koba_ultrasonic_lib\Debug\lib_koba_ultrasonic.a(ultrasonic.o)
 .bss           0x00000000        0x0 D:\Microcontroladores\koba_ultrasonic_lib\koba_ultrasonic_lib\Debug\lib_koba_ultrasonic.a(ultrasonic.o)
 .text.ultrasonic_get_distance
                0x00000000        0xc D:\Microcontroladores\koba_ultrasonic_lib\koba_ultrasonic_lib\Debug\lib_koba_ultrasonic.a(ultrasonic.o)
 .text.ultrasonic_set_print_method
                0x00000000        0x8 D:\Microcontroladores\koba_ultrasonic_lib\koba_ultrasonic_lib\Debug\lib_koba_ultrasonic.a(ultrasonic.o)
 .text          0x00000000        0x0 c:/program files (x86)/atmel/studio/7.0/toolchain/avr8/avr8-gnu-toolchain/bin/../lib/gcc/avr/5.4.0/avr5\libgcc.a(_udivmodsi4.o)
 .data          0x00000000        0x0 c:/program files (x86)/atmel/studio/7.0/toolchain/avr8/avr8-gnu-toolchain/bin/../lib/gcc/avr/5.4.0/avr5\libgcc.a(_udivmodsi4.o)
 .bss           0x00000000        0x0 c:/program files (x86)/atmel/studio/7.0/toolchain/avr8/avr8-gnu-toolchain/bin/../lib/gcc/avr/5.4.0/avr5\libgcc.a(_udivmodsi4.o)
 .text.libgcc.mul
                0x00000000        0x0 c:/program files (x86)/atmel/studio/7.0/toolchain/avr8/avr8-gnu-toolchain/bin/../lib/gcc/avr/5.4.0/avr5\libgcc.a(_udivmodsi4.o)
 .text.libgcc   0x00000000        0x0 c:/program files (x86)/atmel/studio/7.0/toolchain/avr8/avr8-gnu-toolchain/bin/../lib/gcc/avr/5.4.0/avr5\libgcc.a(_udivmodsi4.o)
 .text.libgcc.prologue
                0x00000000        0x0 c:/program files (x86)/atmel/studio/7.0/toolchain/avr8/avr8-gnu-toolchain/bin/../lib/gcc/avr/5.4.0/avr5\libgcc.a(_udivmodsi4.o)
 .text.libgcc.builtins
                0x00000000        0x0 c:/program files (x86)/atmel/studio/7.0/toolchain/avr8/avr8-gnu-toolchain/bin/../lib/gcc/avr/5.4.0/avr5\libgcc.a(_udivmodsi4.o)
 .text.libgcc.fmul
                0x00000000        0x0 c:/program files (x86)/atmel/studio/7.0/toolchain/avr8/avr8-gnu-toolchain/bin/../lib/gcc/avr/5.4.0/avr5\libgcc.a(_udivmodsi4.o)
 .text.libgcc.fixed
                0x00000000        0x0 c:/program files (x86)/atmel/studio/7.0/toolchain/avr8/avr8-gnu-toolchain/bin/../lib/gcc/avr/5.4.0/avr5\libgcc.a(_udivmodsi4.o)
 .text          0x00000000        0x0 c:/program files (x86)/atmel/studio/7.0/toolchain/avr8/avr8-gnu-toolchain/bin/../lib/gcc/avr/5.4.0/avr5\libgcc.a(_exit.o)
 .data          0x00000000        0x0 c:/program files (x86)/atmel/studio/7.0/toolchain/avr8/avr8-gnu-toolchain/bin/../lib/gcc/avr/5.4.0/avr5\libgcc.a(_exit.o)
 .bss           0x00000000        0x0 c:/program files (x86)/atmel/studio/7.0/toolchain/avr8/avr8-gnu-toolchain/bin/../lib/gcc/avr/5.4.0/avr5\libgcc.a(_exit.o)
 .text.libgcc.mul
                0x00000000        0x0 c:/program files (x86)/atmel/studio/7.0/toolchain/avr8/avr8-gnu-toolchain/bin/../lib/gcc/avr/5.4.0/avr5\libgcc.a(_exit.o)
 .text.libgcc.div
                0x00000000        0x0 c:/program files (x86)/atmel/studio/7.0/toolchain/avr8/avr8-gnu-toolchain/bin/../lib/gcc/avr/5.4.0/avr5\libgcc.a(_exit.o)
 .text.libgcc   0x00000000        0x0 c:/program files (x86)/atmel/studio/7.0/toolchain/avr8/avr8-gnu-toolchain/bin/../lib/gcc/avr/5.4.0/avr5\libgcc.a(_exit.o)
 .text.libgcc.prologue
                0x00000000        0x0 c:/program files (x86)/atmel/studio/7.0/toolchain/avr8/avr8-gnu-toolchain/bin/../lib/gcc/avr/5.4.0/avr5\libgcc.a(_exit.o)
 .text.libgcc.builtins
                0x00000000        0x0 c:/program files (x86)/atmel/studio/7.0/toolchain/avr8/avr8-gnu-toolchain/bin/../lib/gcc/avr/5.4.0/avr5\libgcc.a(_exit.o)
 .text.libgcc.fmul
                0x00000000        0x0 c:/program files (x86)/atmel/studio/7.0/toolchain/avr8/avr8-gnu-toolchain/bin/../lib/gcc/avr/5.4.0/avr5\libgcc.a(_exit.o)
 .text.libgcc.fixed
                0x00000000        0x0 c:/program files (x86)/atmel/studio/7.0/toolchain/avr8/avr8-gnu-toolchain/bin/../lib/gcc/avr/5.4.0/avr5\libgcc.a(_exit.o)
 .text          0x00000000        0x0 c:/program files (x86)/atmel/studio/7.0/toolchain/avr8/avr8-gnu-toolchain/bin/../lib/gcc/avr/5.4.0/avr5\libgcc.a(_copy_data.o)
 .data          0x00000000        0x0 c:/program files (x86)/atmel/studio/7.0/toolchain/avr8/avr8-gnu-toolchain/bin/../lib/gcc/avr/5.4.0/avr5\libgcc.a(_copy_data.o)
 .bss           0x00000000        0x0 c:/program files (x86)/atmel/studio/7.0/toolchain/avr8/avr8-gnu-toolchain/bin/../lib/gcc/avr/5.4.0/avr5\libgcc.a(_copy_data.o)
 .text.libgcc.mul
                0x00000000        0x0 c:/program files (x86)/atmel/studio/7.0/toolchain/avr8/avr8-gnu-toolchain/bin/../lib/gcc/avr/5.4.0/avr5\libgcc.a(_copy_data.o)
 .text.libgcc.div
                0x00000000        0x0 c:/program files (x86)/atmel/studio/7.0/toolchain/avr8/avr8-gnu-toolchain/bin/../lib/gcc/avr/5.4.0/avr5\libgcc.a(_copy_data.o)
 .text.libgcc   0x00000000        0x0 c:/program files (x86)/atmel/studio/7.0/toolchain/avr8/avr8-gnu-toolchain/bin/../lib/gcc/avr/5.4.0/avr5\libgcc.a(_copy_data.o)
 .text.libgcc.prologue
                0x00000000        0x0 c:/program files (x86)/atmel/studio/7.0/toolchain/avr8/avr8-gnu-toolchain/bin/../lib/gcc/avr/5.4.0/avr5\libgcc.a(_copy_data.o)
 .text.libgcc.builtins
                0x00000000        0x0 c:/program files (x86)/atmel/studio/7.0/toolchain/avr8/avr8-gnu-toolchain/bin/../lib/gcc/avr/5.4.0/avr5\libgcc.a(_copy_data.o)
 .text.libgcc.fmul
                0x00000000        0x0 c:/program files (x86)/atmel/studio/7.0/toolchain/avr8/avr8-gnu-toolchain/bin/../lib/gcc/avr/5.4.0/avr5\libgcc.a(_copy_data.o)
 .text.libgcc.fixed
                0x00000000        0x0 c:/program files (x86)/atmel/studio/7.0/toolchain/avr8/avr8-gnu-toolchain/bin/../lib/gcc/avr/5.4.0/avr5\libgcc.a(_copy_data.o)
 .text          0x00000000        0x0 c:/program files (x86)/atmel/studio/7.0/toolchain/avr8/avr8-gnu-toolchain/bin/../lib/gcc/avr/5.4.0/avr5\libgcc.a(_clear_bss.o)
 .data          0x00000000        0x0 c:/program files (x86)/atmel/studio/7.0/toolchain/avr8/avr8-gnu-toolchain/bin/../lib/gcc/avr/5.4.0/avr5\libgcc.a(_clear_bss.o)
 .bss           0x00000000        0x0 c:/program files (x86)/atmel/studio/7.0/toolchain/avr8/avr8-gnu-toolchain/bin/../lib/gcc/avr/5.4.0/avr5\libgcc.a(_clear_bss.o)
 .text.libgcc.mul
                0x00000000        0x0 c:/program files (x86)/atmel/studio/7.0/toolchain/avr8/avr8-gnu-toolchain/bin/../lib/gcc/avr/5.4.0/avr5\libgcc.a(_clear_bss.o)
 .text.libgcc.div
                0x00000000        0x0 c:/program files (x86)/atmel/studio/7.0/toolchain/avr8/avr8-gnu-toolchain/bin/../lib/gcc/avr/5.4.0/avr5\libgcc.a(_clear_bss.o)
 .text.libgcc   0x00000000        0x0 c:/program files (x86)/atmel/studio/7.0/toolchain/avr8/avr8-gnu-toolchain/bin/../lib/gcc/avr/5.4.0/avr5\libgcc.a(_clear_bss.o)
 .text.libgcc.prologue
                0x00000000        0x0 c:/program files (x86)/atmel/studio/7.0/toolchain/avr8/avr8-gnu-toolchain/bin/../lib/gcc/avr/5.4.0/avr5\libgcc.a(_clear_bss.o)
 .text.libgcc.builtins
                0x00000000        0x0 c:/program files (x86)/atmel/studio/7.0/toolchain/avr8/avr8-gnu-toolchain/bin/../lib/gcc/avr/5.4.0/avr5\libgcc.a(_clear_bss.o)
 .text.libgcc.fmul
                0x00000000        0x0 c:/program files (x86)/atmel/studio/7.0/toolchain/avr8/avr8-gnu-toolchain/bin/../lib/gcc/avr/5.4.0/avr5\libgcc.a(_clear_bss.o)
 .text.libgcc.fixed
                0x00000000        0x0 c:/program files (x86)/atmel/studio/7.0/toolchain/avr8/avr8-gnu-toolchain/bin/../lib/gcc/avr/5.4.0/avr5\libgcc.a(_clear_bss.o)
 .text          0x00000000        0x0 c:/program files (x86)/atmel/studio/7.0/toolchain/avr8/avr8-gnu-toolchain/bin/../lib/gcc/avr/5.4.0/avr5\libgcc.a(_umulhisi3.o)
 .data          0x00000000        0x0 c:/program files (x86)/atmel/studio/7.0/toolchain/avr8/avr8-gnu-toolchain/bin/../lib/gcc/avr/5.4.0/avr5\libgcc.a(_umulhisi3.o)
 .bss           0x00000000        0x0 c:/program files (x86)/atmel/studio/7.0/toolchain/avr8/avr8-gnu-toolchain/bin/../lib/gcc/avr/5.4.0/avr5\libgcc.a(_umulhisi3.o)
 .text.libgcc.div
                0x00000000        0x0 c:/program files (x86)/atmel/studio/7.0/toolchain/avr8/avr8-gnu-toolchain/bin/../lib/gcc/avr/5.4.0/avr5\libgcc.a(_umulhisi3.o)
 .text.libgcc   0x00000000        0x0 c:/program files (x86)/atmel/studio/7.0/toolchain/avr8/avr8-gnu-toolchain/bin/../lib/gcc/avr/5.4.0/avr5\libgcc.a(_umulhisi3.o)
 .text.libgcc.prologue
                0x00000000        0x0 c:/program files (x86)/atmel/studio/7.0/toolchain/avr8/avr8-gnu-toolchain/bin/../lib/gcc/avr/5.4.0/avr5\libgcc.a(_umulhisi3.o)
 .text.libgcc.builtins
                0x00000000        0x0 c:/program files (x86)/atmel/studio/7.0/toolchain/avr8/avr8-gnu-toolchain/bin/../lib/gcc/avr/5.4.0/avr5\libgcc.a(_umulhisi3.o)
 .text.libgcc.fmul
                0x00000000        0x0 c:/program files (x86)/atmel/studio/7.0/toolchain/avr8/avr8-gnu-toolchain/bin/../lib/gcc/avr/5.4.0/avr5\libgcc.a(_umulhisi3.o)
 .text.libgcc.fixed
                0x00000000        0x0 c:/program files (x86)/atmel/studio/7.0/toolchain/avr8/avr8-gnu-toolchain/bin/../lib/gcc/avr/5.4.0/avr5\libgcc.a(_umulhisi3.o)
 .text          0x00000000        0x0 c:/program files (x86)/atmel/studio/7.0/toolchain/avr8/avr8-gnu-toolchain/bin/../lib/gcc/avr/5.4.0/avr5\libgcc.a(_muluhisi3.o)
 .data          0x00000000        0x0 c:/program files (x86)/atmel/studio/7.0/toolchain/avr8/avr8-gnu-toolchain/bin/../lib/gcc/avr/5.4.0/avr5\libgcc.a(_muluhisi3.o)
 .bss           0x00000000        0x0 c:/program files (x86)/atmel/studio/7.0/toolchain/avr8/avr8-gnu-toolchain/bin/../lib/gcc/avr/5.4.0/avr5\libgcc.a(_muluhisi3.o)
 .text.libgcc.div
                0x00000000        0x0 c:/program files (x86)/atmel/studio/7.0/toolchain/avr8/avr8-gnu-toolchain/bin/../lib/gcc/avr/5.4.0/avr5\libgcc.a(_muluhisi3.o)
 .text.libgcc   0x00000000        0x0 c:/program files (x86)/atmel/studio/7.0/toolchain/avr8/avr8-gnu-toolchain/bin/../lib/gcc/avr/5.4.0/avr5\libgcc.a(_muluhisi3.o)
 .text.libgcc.prologue
                0x00000000        0x0 c:/program files (x86)/atmel/studio/7.0/toolchain/avr8/avr8-gnu-toolchain/bin/../lib/gcc/avr/5.4.0/avr5\libgcc.a(_muluhisi3.o)
 .text.libgcc.builtins
                0x00000000        0x0 c:/program files (x86)/atmel/studio/7.0/toolchain/avr8/avr8-gnu-toolchain/bin/../lib/gcc/avr/5.4.0/avr5\libgcc.a(_muluhisi3.o)
 .text.libgcc.fmul
                0x00000000        0x0 c:/program files (x86)/atmel/studio/7.0/toolchain/avr8/avr8-gnu-toolchain/bin/../lib/gcc/avr/5.4.0/avr5\libgcc.a(_muluhisi3.o)
 .text.libgcc.fixed
                0x00000000        0x0 c:/program files (x86)/atmel/studio/7.0/toolchain/avr8/avr8-gnu-toolchain/bin/../lib/gcc/avr/5.4.0/avr5\libgcc.a(_muluhisi3.o)
 .text          0x00000000        0x0 c:/program files (x86)/atmel/studio/7.0/toolchain/avr8/avr8-gnu-toolchain/bin/../lib/gcc/avr/5.4.0/../../../../avr/lib/avr5\libc.a(iob.o)
 .data          0x00000000        0x0 c:/program files (x86)/atmel/studio/7.0/toolchain/avr8/avr8-gnu-toolchain/bin/../lib/gcc/avr/5.4.0/../../../../avr/lib/avr5\libc.a(iob.o)
 .bss           0x00000000        0x0 c:/program files (x86)/atmel/studio/7.0/toolchain/avr8/avr8-gnu-toolchain/bin/../lib/gcc/avr/5.4.0/../../../../avr/lib/avr5\libc.a(iob.o)
 .text          0x00000000        0x0 c:/program files (x86)/atmel/studio/7.0/toolchain/avr8/avr8-gnu-toolchain/bin/../lib/gcc/avr/5.4.0/../../../../avr/lib/avr5\libc.a(printf.o)
 .data          0x00000000        0x0 c:/program files (x86)/atmel/studio/7.0/toolchain/avr8/avr8-gnu-toolchain/bin/../lib/gcc/avr/5.4.0/../../../../avr/lib/avr5\libc.a(printf.o)
 .bss           0x00000000        0x0 c:/program files (x86)/atmel/studio/7.0/toolchain/avr8/avr8-gnu-toolchain/bin/../lib/gcc/avr/5.4.0/../../../../avr/lib/avr5\libc.a(printf.o)
 .text          0x00000000        0x0 c:/program files (x86)/atmel/studio/7.0/toolchain/avr8/avr8-gnu-toolchain/bin/../lib/gcc/avr/5.4.0/../../../../avr/lib/avr5\libc.a(puts.o)
 .data          0x00000000        0x0 c:/program files (x86)/atmel/studio/7.0/toolchain/avr8/avr8-gnu-toolchain/bin/../lib/gcc/avr/5.4.0/../../../../avr/lib/avr5\libc.a(puts.o)
 .bss           0x00000000        0x0 c:/program files (x86)/atmel/studio/7.0/toolchain/avr8/avr8-gnu-toolchain/bin/../lib/gcc/avr/5.4.0/../../../../avr/lib/avr5\libc.a(puts.o)
 .text          0x00000000        0x0 c:/program files (x86)/atmel/studio/7.0/toolchain/avr8/avr8-gnu-toolchain/bin/../lib/gcc/avr/5.4.0/../../../../avr/lib/avr5\libc.a(vfprintf_std.o)
 .data          0x00000000        0x0 c:/program files (x86)/atmel/studio/7.0/toolchain/avr8/avr8-gnu-toolchain/bin/../lib/gcc/avr/5.4.0/../../../../avr/lib/avr5\libc.a(vfprintf_std.o)
 .bss           0x00000000        0x0 c:/program files (x86)/atmel/studio/7.0/toolchain/avr8/avr8-gnu-toolchain/bin/../lib/gcc/avr/5.4.0/../../../../avr/lib/avr5\libc.a(vfprintf_std.o)
 .text          0x00000000        0x0 c:/program files (x86)/atmel/studio/7.0/toolchain/avr8/avr8-gnu-toolchain/bin/../lib/gcc/avr/5.4.0/../../../../avr/lib/avr5\libc.a(strnlen_P.o)
 .data          0x00000000        0x0 c:/program files (x86)/atmel/studio/7.0/toolchain/avr8/avr8-gnu-toolchain/bin/../lib/gcc/avr/5.4.0/../../../../avr/lib/avr5\libc.a(strnlen_P.o)
 .bss           0x00000000        0x0 c:/program files (x86)/atmel/studio/7.0/toolchain/avr8/avr8-gnu-toolchain/bin/../lib/gcc/avr/5.4.0/../../../../avr/lib/avr5\libc.a(strnlen_P.o)
 .text          0x00000000        0x0 c:/program files (x86)/atmel/studio/7.0/toolchain/avr8/avr8-gnu-toolchain/bin/../lib/gcc/avr/5.4.0/../../../../avr/lib/avr5\libc.a(strnlen.o)
 .data          0x00000000        0x0 c:/program files (x86)/atmel/studio/7.0/toolchain/avr8/avr8-gnu-toolchain/bin/../lib/gcc/avr/5.4.0/../../../../avr/lib/avr5\libc.a(strnlen.o)
 .bss           0x00000000        0x0 c:/program files (x86)/atmel/studio/7.0/toolchain/avr8/avr8-gnu-toolchain/bin/../lib/gcc/avr/5.4.0/../../../../avr/lib/avr5\libc.a(strnlen.o)
 .text          0x00000000        0x0 c:/program files (x86)/atmel/studio/7.0/toolchain/avr8/avr8-gnu-toolchain/bin/../lib/gcc/avr/5.4.0/../../../../avr/lib/avr5\libc.a(fputc.o)
 .data          0x00000000        0x0 c:/program files (x86)/atmel/studio/7.0/toolchain/avr8/avr8-gnu-toolchain/bin/../lib/gcc/avr/5.4.0/../../../../avr/lib/avr5\libc.a(fputc.o)
 .bss           0x00000000        0x0 c:/program files (x86)/atmel/studio/7.0/toolchain/avr8/avr8-gnu-toolchain/bin/../lib/gcc/avr/5.4.0/../../../../avr/lib/avr5\libc.a(fputc.o)
 .text          0x00000000        0x0 c:/program files (x86)/atmel/studio/7.0/toolchain/avr8/avr8-gnu-toolchain/bin/../lib/gcc/avr/5.4.0/../../../../avr/lib/avr5\libc.a(ultoa_invert.o)
 .data          0x00000000        0x0 c:/program files (x86)/atmel/studio/7.0/toolchain/avr8/avr8-gnu-toolchain/bin/../lib/gcc/avr/5.4.0/../../../../avr/lib/avr5\libc.a(ultoa_invert.o)
 .bss           0x00000000        0x0 c:/program files (x86)/atmel/studio/7.0/toolchain/avr8/avr8-gnu-toolchain/bin/../lib/gcc/avr/5.4.0/../../../../avr/lib/avr5\libc.a(ultoa_invert.o)
 .text          0x00000000        0x0 c:/program files (x86)/atmel/studio/7.0/toolchain/avr8/avr8-gnu-toolchain/bin/../lib/gcc/avr/5.4.0/avr5\libgcc.a(_prologue.o)
 .data          0x00000000        0x0 c:/program files (x86)/atmel/studio/7.0/toolchain/avr8/avr8-gnu-toolchain/bin/../lib/gcc/avr/5.4.0/avr5\libgcc.a(_prologue.o)
 .bss           0x00000000        0x0 c:/program files (x86)/atmel/studio/7.0/toolchain/avr8/avr8-gnu-toolchain/bin/../lib/gcc/avr/5.4.0/avr5\libgcc.a(_prologue.o)
 .text.libgcc.mul
                0x00000000        0x0 c:/program files (x86)/atmel/studio/7.0/toolchain/avr8/avr8-gnu-toolchain/bin/../lib/gcc/avr/5.4.0/avr5\libgcc.a(_prologue.o)
 .text.libgcc.div
                0x00000000        0x0 c:/program files (x86)/atmel/studio/7.0/toolchain/avr8/avr8-gnu-toolchain/bin/../lib/gcc/avr/5.4.0/avr5\libgcc.a(_prologue.o)
 .text.libgcc   0x00000000        0x0 c:/program files (x86)/atmel/studio/7.0/toolchain/avr8/avr8-gnu-toolchain/bin/../lib/gcc/avr/5.4.0/avr5\libgcc.a(_prologue.o)
 .text.libgcc.builtins
                0x00000000        0x0 c:/program files (x86)/atmel/studio/7.0/toolchain/avr8/avr8-gnu-toolchain/bin/../lib/gcc/avr/5.4.0/avr5\libgcc.a(_prologue.o)
 .text.libgcc.fmul
                0x00000000        0x0 c:/program files (x86)/atmel/studio/7.0/toolchain/avr8/avr8-gnu-toolchain/bin/../lib/gcc/avr/5.4.0/avr5\libgcc.a(_prologue.o)
 .text.libgcc.fixed
                0x00000000        0x0 c:/program files (x86)/atmel/studio/7.0/toolchain/avr8/avr8-gnu-toolchain/bin/../lib/gcc/avr/5.4.0/avr5\libgcc.a(_prologue.o)
 .text          0x00000000        0x0 c:/program files (x86)/atmel/studio/7.0/toolchain/avr8/avr8-gnu-toolchain/bin/../lib/gcc/avr/5.4.0/avr5\libgcc.a(_epilogue.o)
 .data          0x00000000        0x0 c:/program files (x86)/atmel/studio/7.0/toolchain/avr8/avr8-gnu-toolchain/bin/../lib/gcc/avr/5.4.0/avr5\libgcc.a(_epilogue.o)
 .bss           0x00000000        0x0 c:/program files (x86)/atmel/studio/7.0/toolchain/avr8/avr8-gnu-toolchain/bin/../lib/gcc/avr/5.4.0/avr5\libgcc.a(_epilogue.o)
 .text.libgcc.mul
                0x00000000        0x0 c:/program files (x86)/atmel/studio/7.0/toolchain/avr8/avr8-gnu-toolchain/bin/../lib/gcc/avr/5.4.0/avr5\libgcc.a(_epilogue.o)
 .text.libgcc.div
                0x00000000        0x0 c:/program files (x86)/atmel/studio/7.0/toolchain/avr8/avr8-gnu-toolchain/bin/../lib/gcc/avr/5.4.0/avr5\libgcc.a(_epilogue.o)
 .text.libgcc   0x00000000        0x0 c:/program files (x86)/atmel/studio/7.0/toolchain/avr8/avr8-gnu-toolchain/bin/../lib/gcc/avr/5.4.0/avr5\libgcc.a(_epilogue.o)
 .text.libgcc.builtins
                0x00000000        0x0 c:/program files (x86)/atmel/studio/7.0/toolchain/avr8/avr8-gnu-toolchain/bin/../lib/gcc/avr/5.4.0/avr5\libgcc.a(_epilogue.o)
 .text.libgcc.fmul
                0x00000000        0x0 c:/program files (x86)/atmel/studio/7.0/toolchain/avr8/avr8-gnu-toolchain/bin/../lib/gcc/avr/5.4.0/avr5\libgcc.a(_epilogue.o)
 .text.libgcc.fixed
                0x00000000        0x0 c:/program files (x86)/atmel/studio/7.0/toolchain/avr8/avr8-gnu-toolchain/bin/../lib/gcc/avr/5.4.0/avr5\libgcc.a(_epilogue.o)

Memory Configuration

Name             Origin             Length             Attributes
text             0x00000000         0x00008000         xr
data             0x00800100         0x00000800         rw !x
eeprom           0x00810000         0x00000400         rw !x
fuse             0x00820000         0x00000003         rw !x
lock             0x00830000         0x00000400         rw !x
signature        0x00840000         0x00000400         rw !x
user_signatures  0x00850000         0x00000400         rw !x
*default*        0x00000000         0xffffffff

Linker script and memory map

Address of section .data set to 0x800100
LOAD C:/Program Files (x86)/Atmel/Studio/7.0/Packs/atmel/ATmega_DFP/1.7.374/gcc/dev/atmega328p/avr5/crtatmega328p.o
LOAD main.o
LOAD utils/legacy_hcsr04/hcsr04_utils.o
LOAD utils/programPath/boxsorter_utils.o
LOAD utils/servo/servo_utils.o
LOAD utils/tcrt/tcrt_utils.o
LOAD utils/ultrasonic_hal.o
LOAD utils/usart/usart_utils.o
START GROUP
LOAD D:\Microcontroladores\koba_ultrasonic_lib\koba_ultrasonic_lib\Debug\lib_koba_ultrasonic.a
END GROUP
START GROUP
LOAD c:/program files (x86)/atmel/studio/7.0/toolchain/avr8/avr8-gnu-toolchain/bin/../lib/gcc/avr/5.4.0/avr5\libgcc.a
LOAD c:/program files (x86)/atmel/studio/7.0/toolchain/avr8/avr8-gnu-toolchain/bin/../lib/gcc/avr/5.4.0/../../../../avr/lib/avr5\libm.a
LOAD c:/program files (x86)/atmel/studio/7.0/toolchain/avr8/avr8-gnu-toolchain/bin/../lib/gcc/avr/5.4.0/../../../../avr/lib/avr5\libc.a
LOAD C:/Program Files (x86)/Atmel/Studio/7.0/Packs/atmel/ATmega_DFP/1.7.374/gcc/dev/atmega328p/avr5\libatmega328p.a
END GROUP
                0x00000000                __TEXT_REGION_ORIGIN__ = DEFINED (__TEXT_REGION_ORIGIN__)?__TEXT_REGION_ORIGIN__:0x0
                [0x00800100]                __DATA_REGION_ORIGIN__ = DEFINED (__DATA_REGION_ORIGIN__)?__DATA_REGION_ORIGIN__:0x800060
                [0x00008000]                __TEXT_REGION_LENGTH__ = DEFINED (__TEXT_REGION_LENGTH__)?__TEXT_REGION_LENGTH__:0x20000
                [0x00000800]                __DATA_REGION_LENGTH__ = DEFINED (__DATA_REGION_LENGTH__)?__DATA_REGION_LENGTH__:0xffa0
                [0x00000400]                __EEPROM_REGION_LENGTH__ = DEFINED (__EEPROM_REGION_LENGTH__)?__EEPROM_REGION_LENGTH__:0x10000
                [0x00000003]                __FUSE_REGION_LENGTH__ = DEFINED (__FUSE_REGION_LENGTH__)?__FUSE_REGION_LENGTH__:0x400
                0x00000400                __LOCK_REGION_LENGTH__ = DEFINED (__LOCK_REGION_LENGTH__)?__LOCK_REGION_LENGTH__:0x400
                0x00000400                __SIGNATURE_REGION_LENGTH__ = DEFINED (__SIGNATURE_REGION_LENGTH__)?__SIGNATURE_REGION_LENGTH__:0x400
                0x00000400                __USER_SIGNATURE_REGION_LENGTH__ = DEFINED (__USER_SIGNATURE_REGION_LENGTH__)?__USER_SIGNATURE_REGION_LENGTH__:0x400

.hash
 *(.hash)

.dynsym
 *(.dynsym)

.dynstr
 *(.dynstr)

.gnu.version
 *(.gnu.version)

.gnu.version_d
 *(.gnu.version_d)

.gnu.version_r
 *(.gnu.version_r)

.rel.init
 *(.rel.init)

.rela.init
 *(.rela.init)

.rel.text
 *(.rel.text)
 *(.rel.text.*)
 *(.rel.gnu.linkonce.t*)

.rela.text
 *(.rela.text)
 *(.rela.text.*)
 *(.rela.gnu.linkonce.t*)

.rel.fini
 *(.rel.fini)

.rela.fini
 *(.rela.fini)

.rel.rodata
 *(.rel.rodata)
 *(.rel.rodata.*)
 *(.rel.gnu.linkonce.r*)

.rela.rodata
 *(.rela.rodata)
 *(.rela.rodata.*)
 *(.rela.gnu.linkonce.r*)

.rel.data
 *(.rel.data)
 *(.rel.data.*)
 *(.rel.gnu.linkonce.d*)

.rela.data
 *(.rela.data)
 *(.rela.data.*)
 *(.rela.gnu.linkonce.d*)

.rel.ctors
 *(.rel.ctors)

.rela.ctors
 *(.rela.ctors)

.rel.dtors
 *(.rel.dtors)

.rela.dtors
 *(.rela.dtors)

.rel.got
 *(.rel.got)

.rela.got
 *(.rela.got)

.rel.bss
 *(.rel.bss)

.rela.bss
 *(.rela.bss)

.rel.plt
 *(.rel.plt)

.rela.plt
 *(.rela.plt)

.text           0x00000000     0x1cb4
 *(.vectors)
 .vectors       0x00000000       0x68 C:/Program Files (x86)/Atmel/Studio/7.0/Packs/atmel/ATmega_DFP/1.7.374/gcc/dev/atmega328p/avr5/crtatmega328p.o
                0x00000000                __vector_default
                0x00000000                __vectors
 *(.vectors)
 *(.progmem.gcc*)
                0x00000068                . = ALIGN (0x2)
                0x00000068                __trampolines_start = .
 *(.trampolines)
 .trampolines   0x00000068        0x0 linker stubs
 *(.trampolines*)
                0x00000068                __trampolines_end = .
 *libprintf_flt.a:*(.progmem.data)
 *libc.a:*(.progmem.data)
 *(.progmem*)
                0x00000068                . = ALIGN (0x2)
 *(.jumptables)
 *(.jumptables*)
 *(.lowtext)
 *(.lowtext*)
                0x00000068                __ctors_start = .
 *(.ctors)
                0x00000068                __ctors_end = .
                0x00000068                __dtors_start = .
 *(.dtors)
                0x00000068                __dtors_end = .
 SORT(*)(.ctors)
 SORT(*)(.dtors)
 *(.init0)
 .init0         0x00000068        0x0 C:/Program Files (x86)/Atmel/Studio/7.0/Packs/atmel/ATmega_DFP/1.7.374/gcc/dev/atmega328p/avr5/crtatmega328p.o
                0x00000068                __init
 *(.init0)
 *(.init1)
 *(.init1)
 *(.init2)
 .init2         0x00000068        0xc C:/Program Files (x86)/Atmel/Studio/7.0/Packs/atmel/ATmega_DFP/1.7.374/gcc/dev/atmega328p/avr5/crtatmega328p.o
 *(.init2)
 *(.init3)
 *(.init3)
 *(.init4)
 .init4         0x00000074       0x16 c:/program files (x86)/atmel/studio/7.0/toolchain/avr8/avr8-gnu-toolchain/bin/../lib/gcc/avr/5.4.0/avr5\libgcc.a(_copy_data.o)
                0x00000074                __do_copy_data
 .init4         0x0000008a       0x10 c:/program files (x86)/atmel/studio/7.0/toolchain/avr8/avr8-gnu-toolchain/bin/../lib/gcc/avr/5.4.0/avr5\libgcc.a(_clear_bss.o)
                0x0000008a                __do_clear_bss
 *(.init4)
 *(.init5)
 *(.init5)
 *(.init6)
 *(.init6)
 *(.init7)
 *(.init7)
 *(.init8)
 *(.init8)
 *(.init9)
 .init9         0x0000009a        0x8 C:/Program Files (x86)/Atmel/Studio/7.0/Packs/atmel/ATmega_DFP/1.7.374/gcc/dev/atmega328p/avr5/crtatmega328p.o
 *(.init9)
 *(.text)
 .text          0x000000a2        0x4 C:/Program Files (x86)/Atmel/Studio/7.0/Packs/atmel/ATmega_DFP/1.7.374/gcc/dev/atmega328p/avr5/crtatmega328p.o
                0x000000a2                __vector_22
                0x000000a2                __vector_1
                0x000000a2                __vector_24
                0x000000a2                __bad_interrupt
                0x000000a2                __vector_6
                0x000000a2                __vector_3
                0x000000a2                __vector_23
                0x000000a2                __vector_25
                0x000000a2                __vector_17
                0x000000a2                __vector_19
                0x000000a2                __vector_5
                0x000000a2                __vector_4
                0x000000a2                __vector_9
                0x000000a2                __vector_2
                0x000000a2                __vector_21
                0x000000a2                __vector_15
                0x000000a2                __vector_8
                0x000000a2                __vector_14
                0x000000a2                __vector_16
                0x000000a2                __vector_18
                0x000000a2                __vector_20
                0x000000a6                . = ALIGN (0x2)
 *(.text.*)
 .text.printfWrapper
                0x000000a6        0x6 main.o
                0x000000a6                printfWrapper
 .text.__vector_10
                0x000000ac       0xc0 main.o
                0x000000ac                __vector_10
 .text.__vector_13
                0x0000016c       0x22 main.o
                0x0000016c                __vector_13
 .text.__vector_11
                0x0000018e      0x130 main.o
                0x0000018e                __vector_11
 .text.__vector_12
                0x000002be      0x2ac main.o
                0x000002be                __vector_12
 .text.timer1_init
                0x0000056a       0x3c main.o
                0x0000056a                timer1_init
 .text.timer2_init
                0x000005a6       0x20 main.o
                0x000005a6                timer2_init
 .text.gpio_pins_init
                0x000005c6       0x42 main.o
                0x000005c6                gpio_pins_init
 .text.__vector_7
                0x00000608      0x1de main.o
                0x00000608                __vector_7
 .text.main     0x000007e6      0x28c main.o
                0x000007e6                main
 .text.initDetector
                0x00000a72       0x34 utils/programPath/boxsorter_utils.o
                0x00000a72                initDetector
 .text.initOutputs
                0x00000aa6       0x9a utils/programPath/boxsorter_utils.o
                0x00000aa6                initOutputs
 .text.initSorter
                0x00000b40       0x3c utils/programPath/boxsorter_utils.o
                0x00000b40                initSorter
 .text.classify_box
                0x00000b7c      0x124 utils/programPath/boxsorter_utils.o
                0x00000b7c                classify_box
 .text.ultraSensorTask
                0x00000ca0      0x264 utils/programPath/boxsorter_utils.o
                0x00000ca0                ultraSensorTask
 .text.irSensorsTask
                0x00000f04      0x166 utils/programPath/boxsorter_utils.o
                0x00000f04                irSensorsTask
 .text.servosTask
                0x0000106a        0x2 utils/programPath/boxsorter_utils.o
                0x0000106a                servosTask
 .text.calculate_angle_pulseUs
                0x0000106c       0x26 utils/servo/servo_utils.o
                0x0000106c                calculate_angle_pulseUs
 .text.initServo
                0x00001092       0x48 utils/servo/servo_utils.o
                0x00001092                initServo
 .text.tcrt_init
                0x000010da       0x1a utils/tcrt/tcrt_utils.o
                0x000010da                tcrt_init
 .text.tcrt_read_channel
                0x000010f4       0x32 utils/tcrt/tcrt_utils.o
                0x000010f4                tcrt_read_channel
 .text.TCRT_init_Handlers
                0x00001126       0x72 utils/tcrt/tcrt_utils.o
                0x00001126                TCRT_init_Handlers
 .text.calibrateIRSensor
                0x00001198       0x7e utils/tcrt/tcrt_utils.o
                0x00001198                calibrateIRSensor
 .text.tcrt_read
                0x00001216       0x62 utils/tcrt/tcrt_utils.o
                0x00001216                tcrt_read
 .text.tcrt_is_box_detected
                0x00001278       0x9c utils/tcrt/tcrt_utils.o
                0x00001278                tcrt_is_box_detected
 .text.ultrasonic_hal_trigger_setHigh
                0x00001314        0x8 utils/ultrasonic_hal.o
                0x00001314                ultrasonic_hal_trigger_setHigh
 .text.ultrasonic_hal_trigger_setLow
                0x0000131c        0x8 utils/ultrasonic_hal.o
                0x0000131c                ultrasonic_hal_trigger_setLow
 .text.ultrasonic_hal_echo_setRisingEdge
                0x00001324        0xc utils/ultrasonic_hal.o
                0x00001324                ultrasonic_hal_echo_setRisingEdge
 .text.ultrasonic_hal_echo_setFallingEdge
                0x00001330        0xc utils/ultrasonic_hal.o
                0x00001330                ultrasonic_hal_echo_setFallingEdge
 .text.USART_Init
                0x0000133c       0x16 utils/usart/usart_utils.o
                0x0000133c                USART_Init
 .text.USART_Transmit
                0x00001352        0xe utils/usart/usart_utils.o
                0x00001352                USART_Transmit
 .text.USART_Receive
                0x00001360        0xe utils/usart/usart_utils.o
                0x00001360                USART_Receive
 .text.USART_putchar
                0x0000136e       0x1c utils/usart/usart_utils.o
                0x0000136e                USART_putchar
 .text.USART_getchar
                0x0000138a        0x8 utils/usart/usart_utils.o
                0x0000138a                USART_getchar
 .text.ultrasonic_set_debug_mode
                0x00001392        0x6 D:\Microcontroladores\koba_ultrasonic_lib\koba_ultrasonic_lib\Debug\lib_koba_ultrasonic.a(ultrasonic.o)
                0x00001392                ultrasonic_set_debug_mode
 .text.ultrasonic_calculate_distance
                0x00001398       0x8a D:\Microcontroladores\koba_ultrasonic_lib\koba_ultrasonic_lib\Debug\lib_koba_ultrasonic.a(ultrasonic.o)
                0x00001398                ultrasonic_calculate_distance
 .text.ultrasonic_print
                0x00001422       0x14 D:\Microcontroladores\koba_ultrasonic_lib\koba_ultrasonic_lib\Debug\lib_koba_ultrasonic.a(ultrasonic.o)
                0x00001422                ultrasonic_print
 .text.ultrasonic_init_flags
                0x00001436       0x4a D:\Microcontroladores\koba_ultrasonic_lib\koba_ultrasonic_lib\Debug\lib_koba_ultrasonic.a(ultrasonic.o)
                0x00001436                ultrasonic_init_flags
 .text.ultrasonic_init
                0x00001480       0x3e D:\Microcontroladores\koba_ultrasonic_lib\koba_ultrasonic_lib\Debug\lib_koba_ultrasonic.a(ultrasonic.o)
                0x00001480                ultrasonic_init
 .text.ultrasonic_timeout_clear
                0x000014be       0x3a D:\Microcontroladores\koba_ultrasonic_lib\koba_ultrasonic_lib\Debug\lib_koba_ultrasonic.a(ultrasonic.o)
                0x000014be                ultrasonic_timeout_clear
 .text.ultrasonic_start
                0x000014f8       0x5c D:\Microcontroladores\koba_ultrasonic_lib\koba_ultrasonic_lib\Debug\lib_koba_ultrasonic.a(ultrasonic.o)
                0x000014f8                ultrasonic_start
 .text.ultrasonic_update
                0x00001554       0xc8 D:\Microcontroladores\koba_ultrasonic_lib\koba_ultrasonic_lib\Debug\lib_koba_ultrasonic.a(ultrasonic.o)
                0x00001554                ultrasonic_update
 .text.libgcc.div
                0x0000161c       0x44 c:/program files (x86)/atmel/studio/7.0/toolchain/avr8/avr8-gnu-toolchain/bin/../lib/gcc/avr/5.4.0/avr5\libgcc.a(_udivmodsi4.o)
                0x0000161c                __udivmodsi4
 .text.libgcc.mul
                0x00001660       0x1e c:/program files (x86)/atmel/studio/7.0/toolchain/avr8/avr8-gnu-toolchain/bin/../lib/gcc/avr/5.4.0/avr5\libgcc.a(_umulhisi3.o)
                0x00001660                __umulhisi3
 .text.libgcc.mul
                0x0000167e       0x16 c:/program files (x86)/atmel/studio/7.0/toolchain/avr8/avr8-gnu-toolchain/bin/../lib/gcc/avr/5.4.0/avr5\libgcc.a(_muluhisi3.o)
                0x0000167e                __muluhisi3
 .text.avr-libc
                0x00001694       0x2c c:/program files (x86)/atmel/studio/7.0/toolchain/avr8/avr8-gnu-toolchain/bin/../lib/gcc/avr/5.4.0/../../../../avr/lib/avr5\libc.a(printf.o)
                0x00001694                printf
 .text.avr-libc
                0x000016c0       0x60 c:/program files (x86)/atmel/studio/7.0/toolchain/avr8/avr8-gnu-toolchain/bin/../lib/gcc/avr/5.4.0/../../../../avr/lib/avr5\libc.a(puts.o)
                0x000016c0                puts
 .text.avr-libc
                0x00001720      0x3c2 c:/program files (x86)/atmel/studio/7.0/toolchain/avr8/avr8-gnu-toolchain/bin/../lib/gcc/avr/5.4.0/../../../../avr/lib/avr5\libc.a(vfprintf_std.o)
                0x00001720                vfprintf
 .text.avr-libc
                0x00001ae2       0x16 c:/program files (x86)/atmel/studio/7.0/toolchain/avr8/avr8-gnu-toolchain/bin/../lib/gcc/avr/5.4.0/../../../../avr/lib/avr5\libc.a(strnlen_P.o)
                0x00001ae2                strnlen_P
 .text.avr-libc
                0x00001af8       0x16 c:/program files (x86)/atmel/studio/7.0/toolchain/avr8/avr8-gnu-toolchain/bin/../lib/gcc/avr/5.4.0/../../../../avr/lib/avr5\libc.a(strnlen.o)
                0x00001af8                strnlen
 .text.avr-libc
                0x00001b0e       0x78 c:/program files (x86)/atmel/studio/7.0/toolchain/avr8/avr8-gnu-toolchain/bin/../lib/gcc/avr/5.4.0/../../../../avr/lib/avr5\libc.a(fputc.o)
                0x00001b0e                fputc
 .text.avr-libc
                0x00001b86       0xbc c:/program files (x86)/atmel/studio/7.0/toolchain/avr8/avr8-gnu-toolchain/bin/../lib/gcc/avr/5.4.0/../../../../avr/lib/avr5\libc.a(ultoa_invert.o)
                0x00001b86                __ultoa_invert
 .text.libgcc.prologue
                0x00001c42       0x38 c:/program files (x86)/atmel/studio/7.0/toolchain/avr8/avr8-gnu-toolchain/bin/../lib/gcc/avr/5.4.0/avr5\libgcc.a(_prologue.o)
                0x00001c42                __prologue_saves__
 .text.libgcc.prologue
                0x00001c7a       0x36 c:/program files (x86)/atmel/studio/7.0/toolchain/avr8/avr8-gnu-toolchain/bin/../lib/gcc/avr/5.4.0/avr5\libgcc.a(_epilogue.o)
                0x00001c7a                __epilogue_restores__
                0x00001cb0                . = ALIGN (0x2)
 *(.fini9)
 .fini9         0x00001cb0        0x0 c:/program files (x86)/atmel/studio/7.0/toolchain/avr8/avr8-gnu-toolchain/bin/../lib/gcc/avr/5.4.0/avr5\libgcc.a(_exit.o)
                0x00001cb0                _exit
                0x00001cb0                exit
 *(.fini9)
 *(.fini8)
 *(.fini8)
 *(.fini7)
 *(.fini7)
 *(.fini6)
 *(.fini6)
 *(.fini5)
 *(.fini5)
 *(.fini4)
 *(.fini4)
 *(.fini3)
 *(.fini3)
 *(.fini2)
 *(.fini2)
 *(.fini1)
 *(.fini1)
 *(.fini0)
 .fini0         0x00001cb0        0x4 c:/program files (x86)/atmel/studio/7.0/toolchain/avr8/avr8-gnu-toolchain/bin/../lib/gcc/avr/5.4.0/avr5\libgcc.a(_exit.o)
 *(.fini0)
                0x00001cb4                _etext = .

.data           0x00800100      0x4f2 load address 0x00001cb4
                0x00800100                PROVIDE (__data_start, .)
 *(.data)
 *(.data*)
 .data.mystdin  0x00800100        0xe main.o
                0x00800100                mystdin
 .data.mystdout
                0x0080010e        0xe main.o
                0x0080010e                mystdout
 .data.local_box_ranges.2007
                0x0080011c        0x6 utils/programPath/boxsorter_utils.o
 *(.gnu.linkonce.d*)
 *(.rodata)
 *(.rodata*)
 .rodata.str1.1
                0x00800122       0xac main.o
                                 0xb5 (size before relaxing)
 .rodata.str1.1
                0x008001ce      0x27c utils/programPath/boxsorter_utils.o
                                0x287 (size before relaxing)
 .rodata.str1.1
                0x0080044a        0xf utils/servo/servo_utils.o
 .rodata.str1.1
                0x00800459       0x4a utils/tcrt/tcrt_utils.o
 .rodata.str1.1
                0x008004a3      0x14f D:\Microcontroladores\koba_ultrasonic_lib\koba_ultrasonic_lib\Debug\lib_koba_ultrasonic.a(ultrasonic.o)
                                0x171 (size before relaxing)
 *(.gnu.linkonce.r*)
                0x008005f2                . = ALIGN (0x2)
                0x008005f2                _edata = .
                0x008005f2                PROVIDE (__data_end, .)

.bss            0x008005f2       0x9b
                0x008005f2                PROVIDE (__bss_start, .)
 *(.bss)
 *(.bss*)
 .bss.init_done.2099
                0x008005f2        0x1 main.o
 .bss.current_servo
                0x008005f3        0x1 main.o
                0x008005f3                current_servo
 .bss.veintems_counter
                0x008005f4        0x1 main.o
                0x008005f4                veintems_counter
 .bss.diezMsCounter
                0x008005f5        0x1 main.o
                0x008005f5                diezMsCounter
 .bss.btn_pressed_time
                0x008005f6        0x1 main.o
                0x008005f6                btn_pressed_time
 .bss.wait_time
                0x008005f7        0x1 main.o
                0x008005f7                wait_time
 .bss.ovf_count
                0x008005f8        0x1 main.o
                0x008005f8                ovf_count
 *(COMMON)
 COMMON         0x008005f9       0x8e main.o
                0x008005f9                IR_B
                0x00800608                servoA
                0x0080060e                salidaA
                0x00800611                IR_U
                0x00800620                bandera
                0x00800621                IR_C
                0x00800630                SorterSystem
                0x00800648                bandera3
                0x00800649                bandera2
                0x0080064a                servoC
                0x00800650                IR_A
                0x0080065f                hcsr04Detector
                0x00800664                servosArray
                0x0080066a                salidaC
                0x0080066d                ultraSensor
                0x0080067e                servoB
                0x00800684                salidaB
 COMMON         0x00800687        0x6 c:/program files (x86)/atmel/studio/7.0/toolchain/avr8/avr8-gnu-toolchain/bin/../lib/gcc/avr/5.4.0/../../../../avr/lib/avr5\libc.a(iob.o)
                0x00800687                __iob
                0x0080068d                PROVIDE (__bss_end, .)
                0x00001cb4                __data_load_start = LOADADDR (.data)
                0x000021a6                __data_load_end = (__data_load_start + SIZEOF (.data))

.noinit         0x0080068d        0x0
                [!provide]                PROVIDE (__noinit_start, .)
 *(.noinit*)
                [!provide]                PROVIDE (__noinit_end, .)
                0x0080068d                _end = .
                [!provide]                PROVIDE (__heap_start, .)

.eeprom         0x00810000        0x0
 *(.eeprom*)
                0x00810000                __eeprom_end = .

.fuse
 *(.fuse)
 *(.lfuse)
 *(.hfuse)
 *(.efuse)

.lock
 *(.lock*)

.signature
 *(.signature*)

.user_signatures
 *(.user_signatures*)

.stab
 *(.stab)

.stabstr
 *(.stabstr)

.stab.excl
 *(.stab.excl)

.stab.exclstr
 *(.stab.exclstr)

.stab.index
 *(.stab.index)

.stab.indexstr
 *(.stab.indexstr)

.comment        0x00000000       0x5c
 *(.comment)
 .comment       0x00000000       0x30 main.o
                                 0x31 (size before relaxing)
 .comment       0x00000030       0x31 utils/programPath/boxsorter_utils.o
 .comment       0x00000030       0x31 utils/servo/servo_utils.o
 .comment       0x00000030       0x31 utils/tcrt/tcrt_utils.o
 .comment       0x00000030       0x31 utils/ultrasonic_hal.o
 .comment       0x00000030       0x31 utils/usart/usart_utils.o
 .comment       0x00000030       0x31 D:\Microcontroladores\koba_ultrasonic_lib\koba_ultrasonic_lib\Debug\lib_koba_ultrasonic.a(ultrasonic.o)
 .comment       0x00000030       0x31 c:/program files (x86)/atmel/studio/7.0/toolchain/avr8/avr8-gnu-toolchain/bin/../lib/gcc/avr/5.4.0/../../../../avr/lib/avr5\libc.a(iob.o)
 .comment       0x00000030       0x31 c:/program files (x86)/atmel/studio/7.0/toolchain/avr8/avr8-gnu-toolchain/bin/../lib/gcc/avr/5.4.0/../../../../avr/lib/avr5\libc.a(printf.o)
 .comment       0x00000030       0x31 c:/program files (x86)/atmel/studio/7.0/toolchain/avr8/avr8-gnu-toolchain/bin/../lib/gcc/avr/5.4.0/../../../../avr/lib/avr5\libc.a(puts.o)
 .comment       0x00000030       0x2c c:/program files (x86)/atmel/studio/7.0/toolchain/avr8/avr8-gnu-toolchain/bin/../lib/gcc/avr/5.4.0/../../../../avr/lib/avr5\libc.a(vfprintf_std.o)
                                 0x2d (size before relaxing)
 .comment       0x0000005c       0x31 c:/program files (x86)/atmel/studio/7.0/toolchain/avr8/avr8-gnu-toolchain/bin/../lib/gcc/avr/5.4.0/../../../../avr/lib/avr5\libc.a(fputc.o)

.note.gnu.avr.deviceinfo
                0x00000000       0x40
 .note.gnu.avr.deviceinfo
                0x00000000       0x40 C:/Program Files (x86)/Atmel/Studio/7.0/Packs/atmel/ATmega_DFP/1.7.374/gcc/dev/atmega328p/avr5/crtatmega328p.o

.note.gnu.build-id
 *(.note.gnu.build-id)

.debug
 *(.debug)

.line
 *(.line)

.debug_srcinfo
 *(.debug_srcinfo)

.debug_sfnames
 *(.debug_sfnames)

.debug_aranges  0x00000000      0x230
 *(.debug_aranges)
 .debug_aranges
                0x00000000       0x70 main.o
 .debug_aranges
                0x00000070       0x50 utils/programPath/boxsorter_utils.o
 .debug_aranges
                0x000000c0       0x30 utils/servo/servo_utils.o
 .debug_aranges
                0x000000f0       0x50 utils/tcrt/tcrt_utils.o
 .debug_aranges
                0x00000140       0x48 utils/ultrasonic_hal.o
 .debug_aranges
                0x00000188       0x40 utils/usart/usart_utils.o
 .debug_aranges
                0x000001c8       0x68 D:\Microcontroladores\koba_ultrasonic_lib\koba_ultrasonic_lib\Debug\lib_koba_ultrasonic.a(ultrasonic.o)

.debug_pubnames
 *(.debug_pubnames)

.debug_info     0x00000000     0x3733
 *(.debug_info .gnu.linkonce.wi.*)
 .debug_info    0x00000000      0x5f4 C:/Program Files (x86)/Atmel/Studio/7.0/Packs/atmel/ATmega_DFP/1.7.374/gcc/dev/atmega328p/avr5/crtatmega328p.o
 .debug_info    0x000005f4      0xfb2 main.o
 .debug_info    0x000015a6      0xddf utils/programPath/boxsorter_utils.o
 .debug_info    0x00002385      0x313 utils/servo/servo_utils.o
 .debug_info    0x00002698      0x41d utils/tcrt/tcrt_utils.o
 .debug_info    0x00002ab5      0x39d utils/ultrasonic_hal.o
 .debug_info    0x00002e52      0x25d utils/usart/usart_utils.o
 .debug_info    0x000030af      0x684 D:\Microcontroladores\koba_ultrasonic_lib\koba_ultrasonic_lib\Debug\lib_koba_ultrasonic.a(ultrasonic.o)

.debug_abbrev   0x00000000     0x12bd
 *(.debug_abbrev)
 .debug_abbrev  0x00000000      0x5a2 C:/Program Files (x86)/Atmel/Studio/7.0/Packs/atmel/ATmega_DFP/1.7.374/gcc/dev/atmega328p/avr5/crtatmega328p.o
 .debug_abbrev  0x000005a2      0x331 main.o
 .debug_abbrev  0x000008d3      0x276 utils/programPath/boxsorter_utils.o
 .debug_abbrev  0x00000b49      0x15d utils/servo/servo_utils.o
 .debug_abbrev  0x00000ca6      0x1c1 utils/tcrt/tcrt_utils.o
 .debug_abbrev  0x00000e67      0x119 utils/ultrasonic_hal.o
 .debug_abbrev  0x00000f80      0x179 utils/usart/usart_utils.o
 .debug_abbrev  0x000010f9      0x1c4 D:\Microcontroladores\koba_ultrasonic_lib\koba_ultrasonic_lib\Debug\lib_koba_ultrasonic.a(ultrasonic.o)

.debug_line     0x00000000     0x1aed
 *(.debug_line .debug_line.* .debug_line_end)
 .debug_line    0x00000000      0x134 C:/Program Files (x86)/Atmel/Studio/7.0/Packs/atmel/ATmega_DFP/1.7.374/gcc/dev/atmega328p/avr5/crtatmega328p.o
 .debug_line    0x00000134      0x867 main.o
 .debug_line    0x0000099b      0x669 utils/programPath/boxsorter_utils.o
 .debug_line    0x00001004      0x194 utils/servo/servo_utils.o
 .debug_line    0x00001198      0x369 utils/tcrt/tcrt_utils.o
 .debug_line    0x00001501      0x165 utils/ultrasonic_hal.o
 .debug_line    0x00001666      0x159 utils/usart/usart_utils.o
 .debug_line    0x000017bf      0x32e D:\Microcontroladores\koba_ultrasonic_lib\koba_ultrasonic_lib\Debug\lib_koba_ultrasonic.a(ultrasonic.o)

.debug_frame    0x00000000      0x66c
 *(.debug_frame)
 .debug_frame   0x00000000      0x210 main.o
 .debug_frame   0x00000210      0x118 utils/programPath/boxsorter_utils.o
 .debug_frame   0x00000328       0x74 utils/servo/servo_utils.o
 .debug_frame   0x0000039c       0xe4 utils/tcrt/tcrt_utils.o
 .debug_frame   0x00000480       0x74 utils/ultrasonic_hal.o
 .debug_frame   0x000004f4       0x6c utils/usart/usart_utils.o
 .debug_frame   0x00000560      0x10c D:\Microcontroladores\koba_ultrasonic_lib\koba_ultrasonic_lib\Debug\lib_koba_ultrasonic.a(ultrasonic.o)

.debug_str      0x00000000      0xd75
 *(.debug_str)
 .debug_str     0x00000000      0x208 C:/Program Files (x86)/Atmel/Studio/7.0/Packs/atmel/ATmega_DFP/1.7.374/gcc/dev/atmega328p/avr5/crtatmega328p.o
 .debug_str     0x00000208      0x78c main.o
                                0x7fc (size before relaxing)
 .debug_str     0x00000994      0x118 utils/programPath/boxsorter_utils.o
                                0x69f (size before relaxing)
 .debug_str     0x00000aac       0x52 utils/servo/servo_utils.o
                                0x282 (size before relaxing)
 .debug_str     0x00000afe       0x7b utils/tcrt/tcrt_utils.o
                                0x341 (size before relaxing)
 .debug_str     0x00000b79       0xbd utils/ultrasonic_hal.o
                                0x39a (size before relaxing)
 .debug_str     0x00000c36       0x62 utils/usart/usart_utils.o
                                0x202 (size before relaxing)
 .debug_str     0x00000c98       0xdd D:\Microcontroladores\koba_ultrasonic_lib\koba_ultrasonic_lib\Debug\lib_koba_ultrasonic.a(ultrasonic.o)
                                0x407 (size before relaxing)

.debug_loc      0x00000000     0x1413
 *(.debug_loc)
 .debug_loc     0x00000000      0x42b main.o
 .debug_loc     0x0000042b      0x5c1 utils/programPath/boxsorter_utils.o
 .debug_loc     0x000009ec      0x1c5 utils/servo/servo_utils.o
 .debug_loc     0x00000bb1      0x2db utils/tcrt/tcrt_utils.o
 .debug_loc     0x00000e8c       0x98 utils/ultrasonic_hal.o
 .debug_loc     0x00000f24       0xc0 utils/usart/usart_utils.o
 .debug_loc     0x00000fe4      0x42f D:\Microcontroladores\koba_ultrasonic_lib\koba_ultrasonic_lib\Debug\lib_koba_ultrasonic.a(ultrasonic.o)

.debug_macinfo
 *(.debug_macinfo)

.debug_weaknames
 *(.debug_weaknames)

.debug_funcnames
 *(.debug_funcnames)

.debug_typenames
 *(.debug_typenames)

.debug_varnames
 *(.debug_varnames)

.debug_pubtypes
 *(.debug_pubtypes)

.debug_ranges   0x00000000      0x1c0
 *(.debug_ranges)
 .debug_ranges  0x00000000       0x60 main.o
 .debug_ranges  0x00000060       0x40 utils/programPath/boxsorter_utils.o
 .debug_ranges  0x000000a0       0x20 utils/servo/servo_utils.o
 .debug_ranges  0x000000c0       0x40 utils/tcrt/tcrt_utils.o
 .debug_ranges  0x00000100       0x38 utils/ultrasonic_hal.o
 .debug_ranges  0x00000138       0x30 utils/usart/usart_utils.o
 .debug_ranges  0x00000168       0x58 D:\Microcontroladores\koba_ultrasonic_lib\koba_ultrasonic_lib\Debug\lib_koba_ultrasonic.a(ultrasonic.o)

.debug_macro
 *(.debug_macro)
OUTPUT(GccApplication1.elf elf32-avr)
LOAD linker stubs
