Archive member included to satisfy reference by file (symbol)

D:\Microcontroladores\koba_ultrasonic_lib\koba_ultrasonic_lib\Debug\lib_koba_ultrasonic.a(ultrasonic.o)
                              main.o (ultrasonic_set_debug_mode)
c:/program files (x86)/atmel/studio/7.0/toolchain/avr8/avr8-gnu-toolchain/bin/../lib/gcc/avr/5.4.0/avr5\libgcc.a(_udivmodsi4.o)
                              utils/legacy_hcsr04/hcsr04_utils.o (__udivmodsi4)
c:/program files (x86)/atmel/studio/7.0/toolchain/avr8/avr8-gnu-toolchain/bin/../lib/gcc/avr/5.4.0/avr5\libgcc.a(_exit.o)
                              C:/Program Files (x86)/Atmel/Studio/7.0/Packs/atmel/ATmega_DFP/1.7.374/gcc/dev/atmega328p/avr5/crtatmega328p.o (exit)
c:/program files (x86)/atmel/studio/7.0/toolchain/avr8/avr8-gnu-toolchain/bin/../lib/gcc/avr/5.4.0/avr5\libgcc.a(_copy_data.o)
                              main.o (__do_copy_data)
c:/program files (x86)/atmel/studio/7.0/toolchain/avr8/avr8-gnu-toolchain/bin/../lib/gcc/avr/5.4.0/avr5\libgcc.a(_clear_bss.o)
                              main.o (__do_clear_bss)
c:/program files (x86)/atmel/studio/7.0/toolchain/avr8/avr8-gnu-toolchain/bin/../lib/gcc/avr/5.4.0/avr5\libgcc.a(_umulhisi3.o)
                              utils/servo/servo_utils.o (__umulhisi3)
c:/program files (x86)/atmel/studio/7.0/toolchain/avr8/avr8-gnu-toolchain/bin/../lib/gcc/avr/5.4.0/avr5\libgcc.a(_muluhisi3.o)
                              utils/tcrt/tcrt_utils.o (__muluhisi3)
c:/program files (x86)/atmel/studio/7.0/toolchain/avr8/avr8-gnu-toolchain/bin/../lib/gcc/avr/5.4.0/../../../../avr/lib/avr5\libc.a(iob.o)
                              main.o (__iob)
c:/program files (x86)/atmel/studio/7.0/toolchain/avr8/avr8-gnu-toolchain/bin/../lib/gcc/avr/5.4.0/../../../../avr/lib/avr5\libc.a(printf.o)
                              utils/legacy_hcsr04/hcsr04_utils.o (printf)
c:/program files (x86)/atmel/studio/7.0/toolchain/avr8/avr8-gnu-toolchain/bin/../lib/gcc/avr/5.4.0/../../../../avr/lib/avr5\libc.a(printf_p.o)
                              main.o (printf_P)
c:/program files (x86)/atmel/studio/7.0/toolchain/avr8/avr8-gnu-toolchain/bin/../lib/gcc/avr/5.4.0/../../../../avr/lib/avr5\libc.a(puts.o)
                              main.o (puts)
c:/program files (x86)/atmel/studio/7.0/toolchain/avr8/avr8-gnu-toolchain/bin/../lib/gcc/avr/5.4.0/../../../../avr/lib/avr5\libc.a(vfprintf_std.o)
                              c:/program files (x86)/atmel/studio/7.0/toolchain/avr8/avr8-gnu-toolchain/bin/../lib/gcc/avr/5.4.0/../../../../avr/lib/avr5\libc.a(printf.o) (vfprintf)
c:/program files (x86)/atmel/studio/7.0/toolchain/avr8/avr8-gnu-toolchain/bin/../lib/gcc/avr/5.4.0/../../../../avr/lib/avr5\libc.a(strnlen_P.o)
                              c:/program files (x86)/atmel/studio/7.0/toolchain/avr8/avr8-gnu-toolchain/bin/../lib/gcc/avr/5.4.0/../../../../avr/lib/avr5\libc.a(vfprintf_std.o) (strnlen_P)
c:/program files (x86)/atmel/studio/7.0/toolchain/avr8/avr8-gnu-toolchain/bin/../lib/gcc/avr/5.4.0/../../../../avr/lib/avr5\libc.a(strnlen.o)
                              c:/program files (x86)/atmel/studio/7.0/toolchain/avr8/avr8-gnu-toolchain/bin/../lib/gcc/avr/5.4.0/../../../../avr/lib/avr5\libc.a(vfprintf_std.o) (strnlen)
c:/program files (x86)/atmel/studio/7.0/toolchain/avr8/avr8-gnu-toolchain/bin/../lib/gcc/avr/5.4.0/../../../../avr/lib/avr5\libc.a(fputc.o)
                              c:/program files (x86)/atmel/studio/7.0/toolchain/avr8/avr8-gnu-toolchain/bin/../lib/gcc/avr/5.4.0/../../../../avr/lib/avr5\libc.a(vfprintf_std.o) (fputc)
c:/program files (x86)/atmel/studio/7.0/toolchain/avr8/avr8-gnu-toolchain/bin/../lib/gcc/avr/5.4.0/../../../../avr/lib/avr5\libc.a(ultoa_invert.o)
                              c:/program files (x86)/atmel/studio/7.0/toolchain/avr8/avr8-gnu-toolchain/bin/../lib/gcc/avr/5.4.0/../../../../avr/lib/avr5\libc.a(vfprintf_std.o) (__ultoa_invert)
c:/program files (x86)/atmel/studio/7.0/toolchain/avr8/avr8-gnu-toolchain/bin/../lib/gcc/avr/5.4.0/avr5\libgcc.a(_prologue.o)
                              c:/program files (x86)/atmel/studio/7.0/toolchain/avr8/avr8-gnu-toolchain/bin/../lib/gcc/avr/5.4.0/../../../../avr/lib/avr5\libc.a(printf.o) (__prologue_saves__)
c:/program files (x86)/atmel/studio/7.0/toolchain/avr8/avr8-gnu-toolchain/bin/../lib/gcc/avr/5.4.0/avr5\libgcc.a(_epilogue.o)
                              c:/program files (x86)/atmel/studio/7.0/toolchain/avr8/avr8-gnu-toolchain/bin/../lib/gcc/avr/5.4.0/../../../../avr/lib/avr5\libc.a(printf.o) (__epilogue_restores__)

Allocating common symbols
Common symbol       size              file

IR_B                0xf               main.o
servoA              0x6               main.o
salidaA             0x4               main.o
IR_U                0xf               main.o
bandera             0x1               main.o
IR_C                0xf               main.o
SorterSystem        0x12              main.o
bandera3            0x1               main.o
bandera2            0x1               main.o
servoC              0x6               main.o
IR_A                0xf               main.o
hcsr04Detector      0x5               main.o
servosArray         0x6               main.o
salidaC             0x4               main.o
ultraSensor         0x11              main.o
servoB              0x6               main.o
__iob               0x6               c:/program files (x86)/atmel/studio/7.0/toolchain/avr8/avr8-gnu-toolchain/bin/../lib/gcc/avr/5.4.0/../../../../avr/lib/avr5\libc.a(iob.o)
protocolService     0x35              main.o
salidaB             0x4               main.o

Discarded input sections

 .data          0x00000000        0x0 C:/Program Files (x86)/Atmel/Studio/7.0/Packs/atmel/ATmega_DFP/1.7.374/gcc/dev/atmega328p/avr5/crtatmega328p.o
 .bss           0x00000000        0x0 C:/Program Files (x86)/Atmel/Studio/7.0/Packs/atmel/ATmega_DFP/1.7.374/gcc/dev/atmega328p/avr5/crtatmega328p.o
 .text          0x00000000        0x0 main.o
 .data          0x00000000        0x0 main.o
 .bss           0x00000000        0x0 main.o
 .bss.servoAVal
                0x00000000        0x1 main.o
 .bss.servo_active_counter
                0x00000000        0x1 main.o
 .bss.trigger_timeout_counter
                0x00000000        0x1 main.o
 .bss.echo_state
                0x00000000        0x1 main.o
 .bss.target_tick_A
                0x00000000        0x2 main.o
 .data.pulse_width_A
                0x00000000        0x4 main.o
 .bss.servo_counter
                0x00000000        0x1 main.o
 .bss.distance_mm
                0x00000000        0x2 main.o
 .bss.echo_finish_time
                0x00000000        0x2 main.o
 .bss.echo_init_time
                0x00000000        0x2 main.o
 .text          0x00000000        0x0 utils/legacy_hcsr04/hcsr04_utils.o
 .data          0x00000000        0x0 utils/legacy_hcsr04/hcsr04_utils.o
 .bss           0x00000000        0x0 utils/legacy_hcsr04/hcsr04_utils.o
 .rodata.str1.1
                0x00000000       0x11 utils/legacy_hcsr04/hcsr04_utils.o
 .text.calculate_distance
                0x00000000       0xb2 utils/legacy_hcsr04/hcsr04_utils.o
 .debug_info    0x00000000      0x116 utils/legacy_hcsr04/hcsr04_utils.o
 .debug_abbrev  0x00000000       0x95 utils/legacy_hcsr04/hcsr04_utils.o
 .debug_loc     0x00000000       0x8e utils/legacy_hcsr04/hcsr04_utils.o
 .debug_aranges
                0x00000000       0x20 utils/legacy_hcsr04/hcsr04_utils.o
 .debug_ranges  0x00000000       0x10 utils/legacy_hcsr04/hcsr04_utils.o
 .debug_line    0x00000000      0x119 utils/legacy_hcsr04/hcsr04_utils.o
 .debug_str     0x00000000      0x1fb utils/legacy_hcsr04/hcsr04_utils.o
 .comment       0x00000000       0x31 utils/legacy_hcsr04/hcsr04_utils.o
 .debug_frame   0x00000000       0x40 utils/legacy_hcsr04/hcsr04_utils.o
 .text          0x00000000        0x0 utils/programPath/boxsorter_utils.o
 .data          0x00000000        0x0 utils/programPath/boxsorter_utils.o
 .bss           0x00000000        0x0 utils/programPath/boxsorter_utils.o
 .text          0x00000000        0x0 utils/protocol/protocol_utils.o
 .data          0x00000000        0x0 utils/protocol/protocol_utils.o
 .bss           0x00000000        0x0 utils/protocol/protocol_utils.o
 .text.calculate_checksum
                0x00000000       0x60 utils/protocol/protocol_utils.o
 .text.send_protocol_frame
                0x00000000        0x2 utils/protocol/protocol_utils.o
 .text.receive_protocol_frame
                0x00000000        0x6 utils/protocol/protocol_utils.o
 .text          0x00000000        0x0 utils/servo/servo_utils.o
 .data          0x00000000        0x0 utils/servo/servo_utils.o
 .bss           0x00000000        0x0 utils/servo/servo_utils.o
 .text.servo_set_angle
                0x00000000       0x36 utils/servo/servo_utils.o
 .text          0x00000000        0x0 utils/tcrt/tcrt_utils.o
 .data          0x00000000        0x0 utils/tcrt/tcrt_utils.o
 .bss           0x00000000        0x0 utils/tcrt/tcrt_utils.o
 .text.detect_rising_edge
                0x00000000       0x20 utils/tcrt/tcrt_utils.o
 .text          0x00000000        0x0 utils/ultrasonic_hal.o
 .data          0x00000000        0x0 utils/ultrasonic_hal.o
 .bss           0x00000000        0x0 utils/ultrasonic_hal.o
 .text.ultrasonic_hal_setTrigger_timeout
                0x00000000        0x2 utils/ultrasonic_hal.o
 .text.ultrasonic_hal_echo_timeout
                0x00000000        0xa utils/ultrasonic_hal.o
 .bss.g_timeoutTarget_us
                0x00000000        0x4 utils/ultrasonic_hal.o
 .text          0x00000000        0x0 utils/usart/usart_utils.o
 .data          0x00000000        0x0 utils/usart/usart_utils.o
 .bss           0x00000000        0x0 utils/usart/usart_utils.o
 .text.USART_Transmit
                0x00000000        0xe utils/usart/usart_utils.o
 .text.USART_Receive
                0x00000000        0xe utils/usart/usart_utils.o
 .text          0x00000000        0x0 D:\Microcontroladores\koba_ultrasonic_lib\koba_ultrasonic_lib\Debug\lib_koba_ultrasonic.a(ultrasonic.o)
 .data          0x00000000        0x0 D:\Microcontroladores\koba_ultrasonic_lib\koba_ultrasonic_lib\Debug\lib_koba_ultrasonic.a(ultrasonic.o)
 .bss           0x00000000        0x0 D:\Microcontroladores\koba_ultrasonic_lib\koba_ultrasonic_lib\Debug\lib_koba_ultrasonic.a(ultrasonic.o)
 .text.ultrasonic_get_distance
                0x00000000        0xc D:\Microcontroladores\koba_ultrasonic_lib\koba_ultrasonic_lib\Debug\lib_koba_ultrasonic.a(ultrasonic.o)
 .text.ultrasonic_set_print_method
                0x00000000        0x8 D:\Microcontroladores\koba_ultrasonic_lib\koba_ultrasonic_lib\Debug\lib_koba_ultrasonic.a(ultrasonic.o)
 .text          0x00000000        0x0 c:/program files (x86)/atmel/studio/7.0/toolchain/avr8/avr8-gnu-toolchain/bin/../lib/gcc/avr/5.4.0/avr5\libgcc.a(_udivmodsi4.o)
 .data          0x00000000        0x0 c:/program files (x86)/atmel/studio/7.0/toolchain/avr8/avr8-gnu-toolchain/bin/../lib/gcc/avr/5.4.0/avr5\libgcc.a(_udivmodsi4.o)
 .bss           0x00000000        0x0 c:/program files (x86)/atmel/studio/7.0/toolchain/avr8/avr8-gnu-toolchain/bin/../lib/gcc/avr/5.4.0/avr5\libgcc.a(_udivmodsi4.o)
 .text.libgcc.mul
                0x00000000        0x0 c:/program files (x86)/atmel/studio/7.0/toolchain/avr8/avr8-gnu-toolchain/bin/../lib/gcc/avr/5.4.0/avr5\libgcc.a(_udivmodsi4.o)
 .text.libgcc   0x00000000        0x0 c:/program files (x86)/atmel/studio/7.0/toolchain/avr8/avr8-gnu-toolchain/bin/../lib/gcc/avr/5.4.0/avr5\libgcc.a(_udivmodsi4.o)
 .text.libgcc.prologue
                0x00000000        0x0 c:/program files (x86)/atmel/studio/7.0/toolchain/avr8/avr8-gnu-toolchain/bin/../lib/gcc/avr/5.4.0/avr5\libgcc.a(_udivmodsi4.o)
 .text.libgcc.builtins
                0x00000000        0x0 c:/program files (x86)/atmel/studio/7.0/toolchain/avr8/avr8-gnu-toolchain/bin/../lib/gcc/avr/5.4.0/avr5\libgcc.a(_udivmodsi4.o)
 .text.libgcc.fmul
                0x00000000        0x0 c:/program files (x86)/atmel/studio/7.0/toolchain/avr8/avr8-gnu-toolchain/bin/../lib/gcc/avr/5.4.0/avr5\libgcc.a(_udivmodsi4.o)
 .text.libgcc.fixed
                0x00000000        0x0 c:/program files (x86)/atmel/studio/7.0/toolchain/avr8/avr8-gnu-toolchain/bin/../lib/gcc/avr/5.4.0/avr5\libgcc.a(_udivmodsi4.o)
 .text          0x00000000        0x0 c:/program files (x86)/atmel/studio/7.0/toolchain/avr8/avr8-gnu-toolchain/bin/../lib/gcc/avr/5.4.0/avr5\libgcc.a(_exit.o)
 .data          0x00000000        0x0 c:/program files (x86)/atmel/studio/7.0/toolchain/avr8/avr8-gnu-toolchain/bin/../lib/gcc/avr/5.4.0/avr5\libgcc.a(_exit.o)
 .bss           0x00000000        0x0 c:/program files (x86)/atmel/studio/7.0/toolchain/avr8/avr8-gnu-toolchain/bin/../lib/gcc/avr/5.4.0/avr5\libgcc.a(_exit.o)
 .text.libgcc.mul
                0x00000000        0x0 c:/program files (x86)/atmel/studio/7.0/toolchain/avr8/avr8-gnu-toolchain/bin/../lib/gcc/avr/5.4.0/avr5\libgcc.a(_exit.o)
 .text.libgcc.div
                0x00000000        0x0 c:/program files (x86)/atmel/studio/7.0/toolchain/avr8/avr8-gnu-toolchain/bin/../lib/gcc/avr/5.4.0/avr5\libgcc.a(_exit.o)
 .text.libgcc   0x00000000        0x0 c:/program files (x86)/atmel/studio/7.0/toolchain/avr8/avr8-gnu-toolchain/bin/../lib/gcc/avr/5.4.0/avr5\libgcc.a(_exit.o)
 .text.libgcc.prologue
                0x00000000        0x0 c:/program files (x86)/atmel/studio/7.0/toolchain/avr8/avr8-gnu-toolchain/bin/../lib/gcc/avr/5.4.0/avr5\libgcc.a(_exit.o)
 .text.libgcc.builtins
                0x00000000        0x0 c:/program files (x86)/atmel/studio/7.0/toolchain/avr8/avr8-gnu-toolchain/bin/../lib/gcc/avr/5.4.0/avr5\libgcc.a(_exit.o)
 .text.libgcc.fmul
                0x00000000        0x0 c:/program files (x86)/atmel/studio/7.0/toolchain/avr8/avr8-gnu-toolchain/bin/../lib/gcc/avr/5.4.0/avr5\libgcc.a(_exit.o)
 .text.libgcc.fixed
                0x00000000        0x0 c:/program files (x86)/atmel/studio/7.0/toolchain/avr8/avr8-gnu-toolchain/bin/../lib/gcc/avr/5.4.0/avr5\libgcc.a(_exit.o)
 .text          0x00000000        0x0 c:/program files (x86)/atmel/studio/7.0/toolchain/avr8/avr8-gnu-toolchain/bin/../lib/gcc/avr/5.4.0/avr5\libgcc.a(_copy_data.o)
 .data          0x00000000        0x0 c:/program files (x86)/atmel/studio/7.0/toolchain/avr8/avr8-gnu-toolchain/bin/../lib/gcc/avr/5.4.0/avr5\libgcc.a(_copy_data.o)
 .bss           0x00000000        0x0 c:/program files (x86)/atmel/studio/7.0/toolchain/avr8/avr8-gnu-toolchain/bin/../lib/gcc/avr/5.4.0/avr5\libgcc.a(_copy_data.o)
 .text.libgcc.mul
                0x00000000        0x0 c:/program files (x86)/atmel/studio/7.0/toolchain/avr8/avr8-gnu-toolchain/bin/../lib/gcc/avr/5.4.0/avr5\libgcc.a(_copy_data.o)
 .text.libgcc.div
                0x00000000        0x0 c:/program files (x86)/atmel/studio/7.0/toolchain/avr8/avr8-gnu-toolchain/bin/../lib/gcc/avr/5.4.0/avr5\libgcc.a(_copy_data.o)
 .text.libgcc   0x00000000        0x0 c:/program files (x86)/atmel/studio/7.0/toolchain/avr8/avr8-gnu-toolchain/bin/../lib/gcc/avr/5.4.0/avr5\libgcc.a(_copy_data.o)
 .text.libgcc.prologue
                0x00000000        0x0 c:/program files (x86)/atmel/studio/7.0/toolchain/avr8/avr8-gnu-toolchain/bin/../lib/gcc/avr/5.4.0/avr5\libgcc.a(_copy_data.o)
 .text.libgcc.builtins
                0x00000000        0x0 c:/program files (x86)/atmel/studio/7.0/toolchain/avr8/avr8-gnu-toolchain/bin/../lib/gcc/avr/5.4.0/avr5\libgcc.a(_copy_data.o)
 .text.libgcc.fmul
                0x00000000        0x0 c:/program files (x86)/atmel/studio/7.0/toolchain/avr8/avr8-gnu-toolchain/bin/../lib/gcc/avr/5.4.0/avr5\libgcc.a(_copy_data.o)
 .text.libgcc.fixed
                0x00000000        0x0 c:/program files (x86)/atmel/studio/7.0/toolchain/avr8/avr8-gnu-toolchain/bin/../lib/gcc/avr/5.4.0/avr5\libgcc.a(_copy_data.o)
 .text          0x00000000        0x0 c:/program files (x86)/atmel/studio/7.0/toolchain/avr8/avr8-gnu-toolchain/bin/../lib/gcc/avr/5.4.0/avr5\libgcc.a(_clear_bss.o)
 .data          0x00000000        0x0 c:/program files (x86)/atmel/studio/7.0/toolchain/avr8/avr8-gnu-toolchain/bin/../lib/gcc/avr/5.4.0/avr5\libgcc.a(_clear_bss.o)
 .bss           0x00000000        0x0 c:/program files (x86)/atmel/studio/7.0/toolchain/avr8/avr8-gnu-toolchain/bin/../lib/gcc/avr/5.4.0/avr5\libgcc.a(_clear_bss.o)
 .text.libgcc.mul
                0x00000000        0x0 c:/program files (x86)/atmel/studio/7.0/toolchain/avr8/avr8-gnu-toolchain/bin/../lib/gcc/avr/5.4.0/avr5\libgcc.a(_clear_bss.o)
 .text.libgcc.div
                0x00000000        0x0 c:/program files (x86)/atmel/studio/7.0/toolchain/avr8/avr8-gnu-toolchain/bin/../lib/gcc/avr/5.4.0/avr5\libgcc.a(_clear_bss.o)
 .text.libgcc   0x00000000        0x0 c:/program files (x86)/atmel/studio/7.0/toolchain/avr8/avr8-gnu-toolchain/bin/../lib/gcc/avr/5.4.0/avr5\libgcc.a(_clear_bss.o)
 .text.libgcc.prologue
                0x00000000        0x0 c:/program files (x86)/atmel/studio/7.0/toolchain/avr8/avr8-gnu-toolchain/bin/../lib/gcc/avr/5.4.0/avr5\libgcc.a(_clear_bss.o)
 .text.libgcc.builtins
                0x00000000        0x0 c:/program files (x86)/atmel/studio/7.0/toolchain/avr8/avr8-gnu-toolchain/bin/../lib/gcc/avr/5.4.0/avr5\libgcc.a(_clear_bss.o)
 .text.libgcc.fmul
                0x00000000        0x0 c:/program files (x86)/atmel/studio/7.0/toolchain/avr8/avr8-gnu-toolchain/bin/../lib/gcc/avr/5.4.0/avr5\libgcc.a(_clear_bss.o)
 .text.libgcc.fixed
                0x00000000        0x0 c:/program files (x86)/atmel/studio/7.0/toolchain/avr8/avr8-gnu-toolchain/bin/../lib/gcc/avr/5.4.0/avr5\libgcc.a(_clear_bss.o)
 .text          0x00000000        0x0 c:/program files (x86)/atmel/studio/7.0/toolchain/avr8/avr8-gnu-toolchain/bin/../lib/gcc/avr/5.4.0/avr5\libgcc.a(_umulhisi3.o)
 .data          0x00000000        0x0 c:/program files (x86)/atmel/studio/7.0/toolchain/avr8/avr8-gnu-toolchain/bin/../lib/gcc/avr/5.4.0/avr5\libgcc.a(_umulhisi3.o)
 .bss           0x00000000        0x0 c:/program files (x86)/atmel/studio/7.0/toolchain/avr8/avr8-gnu-toolchain/bin/../lib/gcc/avr/5.4.0/avr5\libgcc.a(_umulhisi3.o)
 .text.libgcc.div
                0x00000000        0x0 c:/program files (x86)/atmel/studio/7.0/toolchain/avr8/avr8-gnu-toolchain/bin/../lib/gcc/avr/5.4.0/avr5\libgcc.a(_umulhisi3.o)
 .text.libgcc   0x00000000        0x0 c:/program files (x86)/atmel/studio/7.0/toolchain/avr8/avr8-gnu-toolchain/bin/../lib/gcc/avr/5.4.0/avr5\libgcc.a(_umulhisi3.o)
 .text.libgcc.prologue
                0x00000000        0x0 c:/program files (x86)/atmel/studio/7.0/toolchain/avr8/avr8-gnu-toolchain/bin/../lib/gcc/avr/5.4.0/avr5\libgcc.a(_umulhisi3.o)
 .text.libgcc.builtins
                0x00000000        0x0 c:/program files (x86)/atmel/studio/7.0/toolchain/avr8/avr8-gnu-toolchain/bin/../lib/gcc/avr/5.4.0/avr5\libgcc.a(_umulhisi3.o)
 .text.libgcc.fmul
                0x00000000        0x0 c:/program files (x86)/atmel/studio/7.0/toolchain/avr8/avr8-gnu-toolchain/bin/../lib/gcc/avr/5.4.0/avr5\libgcc.a(_umulhisi3.o)
 .text.libgcc.fixed
                0x00000000        0x0 c:/program files (x86)/atmel/studio/7.0/toolchain/avr8/avr8-gnu-toolchain/bin/../lib/gcc/avr/5.4.0/avr5\libgcc.a(_umulhisi3.o)
 .text          0x00000000        0x0 c:/program files (x86)/atmel/studio/7.0/toolchain/avr8/avr8-gnu-toolchain/bin/../lib/gcc/avr/5.4.0/avr5\libgcc.a(_muluhisi3.o)
 .data          0x00000000        0x0 c:/program files (x86)/atmel/studio/7.0/toolchain/avr8/avr8-gnu-toolchain/bin/../lib/gcc/avr/5.4.0/avr5\libgcc.a(_muluhisi3.o)
 .bss           0x00000000        0x0 c:/program files (x86)/atmel/studio/7.0/toolchain/avr8/avr8-gnu-toolchain/bin/../lib/gcc/avr/5.4.0/avr5\libgcc.a(_muluhisi3.o)
 .text.libgcc.div
                0x00000000        0x0 c:/program files (x86)/atmel/studio/7.0/toolchain/avr8/avr8-gnu-toolchain/bin/../lib/gcc/avr/5.4.0/avr5\libgcc.a(_muluhisi3.o)
 .text.libgcc   0x00000000        0x0 c:/program files (x86)/atmel/studio/7.0/toolchain/avr8/avr8-gnu-toolchain/bin/../lib/gcc/avr/5.4.0/avr5\libgcc.a(_muluhisi3.o)
 .text.libgcc.prologue
                0x00000000        0x0 c:/program files (x86)/atmel/studio/7.0/toolchain/avr8/avr8-gnu-toolchain/bin/../lib/gcc/avr/5.4.0/avr5\libgcc.a(_muluhisi3.o)
 .text.libgcc.builtins
                0x00000000        0x0 c:/program files (x86)/atmel/studio/7.0/toolchain/avr8/avr8-gnu-toolchain/bin/../lib/gcc/avr/5.4.0/avr5\libgcc.a(_muluhisi3.o)
 .text.libgcc.fmul
                0x00000000        0x0 c:/program files (x86)/atmel/studio/7.0/toolchain/avr8/avr8-gnu-toolchain/bin/../lib/gcc/avr/5.4.0/avr5\libgcc.a(_muluhisi3.o)
 .text.libgcc.fixed
                0x00000000        0x0 c:/program files (x86)/atmel/studio/7.0/toolchain/avr8/avr8-gnu-toolchain/bin/../lib/gcc/avr/5.4.0/avr5\libgcc.a(_muluhisi3.o)
 .text          0x00000000        0x0 c:/program files (x86)/atmel/studio/7.0/toolchain/avr8/avr8-gnu-toolchain/bin/../lib/gcc/avr/5.4.0/../../../../avr/lib/avr5\libc.a(iob.o)
 .data          0x00000000        0x0 c:/program files (x86)/atmel/studio/7.0/toolchain/avr8/avr8-gnu-toolchain/bin/../lib/gcc/avr/5.4.0/../../../../avr/lib/avr5\libc.a(iob.o)
 .bss           0x00000000        0x0 c:/program files (x86)/atmel/studio/7.0/toolchain/avr8/avr8-gnu-toolchain/bin/../lib/gcc/avr/5.4.0/../../../../avr/lib/avr5\libc.a(iob.o)
 .text          0x00000000        0x0 c:/program files (x86)/atmel/studio/7.0/toolchain/avr8/avr8-gnu-toolchain/bin/../lib/gcc/avr/5.4.0/../../../../avr/lib/avr5\libc.a(printf.o)
 .data          0x00000000        0x0 c:/program files (x86)/atmel/studio/7.0/toolchain/avr8/avr8-gnu-toolchain/bin/../lib/gcc/avr/5.4.0/../../../../avr/lib/avr5\libc.a(printf.o)
 .bss           0x00000000        0x0 c:/program files (x86)/atmel/studio/7.0/toolchain/avr8/avr8-gnu-toolchain/bin/../lib/gcc/avr/5.4.0/../../../../avr/lib/avr5\libc.a(printf.o)
 .text          0x00000000        0x0 c:/program files (x86)/atmel/studio/7.0/toolchain/avr8/avr8-gnu-toolchain/bin/../lib/gcc/avr/5.4.0/../../../../avr/lib/avr5\libc.a(printf_p.o)
 .data          0x00000000        0x0 c:/program files (x86)/atmel/studio/7.0/toolchain/avr8/avr8-gnu-toolchain/bin/../lib/gcc/avr/5.4.0/../../../../avr/lib/avr5\libc.a(printf_p.o)
 .bss           0x00000000        0x0 c:/program files (x86)/atmel/studio/7.0/toolchain/avr8/avr8-gnu-toolchain/bin/../lib/gcc/avr/5.4.0/../../../../avr/lib/avr5\libc.a(printf_p.o)
 .text          0x00000000        0x0 c:/program files (x86)/atmel/studio/7.0/toolchain/avr8/avr8-gnu-toolchain/bin/../lib/gcc/avr/5.4.0/../../../../avr/lib/avr5\libc.a(puts.o)
 .data          0x00000000        0x0 c:/program files (x86)/atmel/studio/7.0/toolchain/avr8/avr8-gnu-toolchain/bin/../lib/gcc/avr/5.4.0/../../../../avr/lib/avr5\libc.a(puts.o)
 .bss           0x00000000        0x0 c:/program files (x86)/atmel/studio/7.0/toolchain/avr8/avr8-gnu-toolchain/bin/../lib/gcc/avr/5.4.0/../../../../avr/lib/avr5\libc.a(puts.o)
 .text          0x00000000        0x0 c:/program files (x86)/atmel/studio/7.0/toolchain/avr8/avr8-gnu-toolchain/bin/../lib/gcc/avr/5.4.0/../../../../avr/lib/avr5\libc.a(vfprintf_std.o)
 .data          0x00000000        0x0 c:/program files (x86)/atmel/studio/7.0/toolchain/avr8/avr8-gnu-toolchain/bin/../lib/gcc/avr/5.4.0/../../../../avr/lib/avr5\libc.a(vfprintf_std.o)
 .bss           0x00000000        0x0 c:/program files (x86)/atmel/studio/7.0/toolchain/avr8/avr8-gnu-toolchain/bin/../lib/gcc/avr/5.4.0/../../../../avr/lib/avr5\libc.a(vfprintf_std.o)
 .text          0x00000000        0x0 c:/program files (x86)/atmel/studio/7.0/toolchain/avr8/avr8-gnu-toolchain/bin/../lib/gcc/avr/5.4.0/../../../../avr/lib/avr5\libc.a(strnlen_P.o)
 .data          0x00000000        0x0 c:/program files (x86)/atmel/studio/7.0/toolchain/avr8/avr8-gnu-toolchain/bin/../lib/gcc/avr/5.4.0/../../../../avr/lib/avr5\libc.a(strnlen_P.o)
 .bss           0x00000000        0x0 c:/program files (x86)/atmel/studio/7.0/toolchain/avr8/avr8-gnu-toolchain/bin/../lib/gcc/avr/5.4.0/../../../../avr/lib/avr5\libc.a(strnlen_P.o)
 .text          0x00000000        0x0 c:/program files (x86)/atmel/studio/7.0/toolchain/avr8/avr8-gnu-toolchain/bin/../lib/gcc/avr/5.4.0/../../../../avr/lib/avr5\libc.a(strnlen.o)
 .data          0x00000000        0x0 c:/program files (x86)/atmel/studio/7.0/toolchain/avr8/avr8-gnu-toolchain/bin/../lib/gcc/avr/5.4.0/../../../../avr/lib/avr5\libc.a(strnlen.o)
 .bss           0x00000000        0x0 c:/program files (x86)/atmel/studio/7.0/toolchain/avr8/avr8-gnu-toolchain/bin/../lib/gcc/avr/5.4.0/../../../../avr/lib/avr5\libc.a(strnlen.o)
 .text          0x00000000        0x0 c:/program files (x86)/atmel/studio/7.0/toolchain/avr8/avr8-gnu-toolchain/bin/../lib/gcc/avr/5.4.0/../../../../avr/lib/avr5\libc.a(fputc.o)
 .data          0x00000000        0x0 c:/program files (x86)/atmel/studio/7.0/toolchain/avr8/avr8-gnu-toolchain/bin/../lib/gcc/avr/5.4.0/../../../../avr/lib/avr5\libc.a(fputc.o)
 .bss           0x00000000        0x0 c:/program files (x86)/atmel/studio/7.0/toolchain/avr8/avr8-gnu-toolchain/bin/../lib/gcc/avr/5.4.0/../../../../avr/lib/avr5\libc.a(fputc.o)
 .text          0x00000000        0x0 c:/program files (x86)/atmel/studio/7.0/toolchain/avr8/avr8-gnu-toolchain/bin/../lib/gcc/avr/5.4.0/../../../../avr/lib/avr5\libc.a(ultoa_invert.o)
 .data          0x00000000        0x0 c:/program files (x86)/atmel/studio/7.0/toolchain/avr8/avr8-gnu-toolchain/bin/../lib/gcc/avr/5.4.0/../../../../avr/lib/avr5\libc.a(ultoa_invert.o)
 .bss           0x00000000        0x0 c:/program files (x86)/atmel/studio/7.0/toolchain/avr8/avr8-gnu-toolchain/bin/../lib/gcc/avr/5.4.0/../../../../avr/lib/avr5\libc.a(ultoa_invert.o)
 .text          0x00000000        0x0 c:/program files (x86)/atmel/studio/7.0/toolchain/avr8/avr8-gnu-toolchain/bin/../lib/gcc/avr/5.4.0/avr5\libgcc.a(_prologue.o)
 .data          0x00000000        0x0 c:/program files (x86)/atmel/studio/7.0/toolchain/avr8/avr8-gnu-toolchain/bin/../lib/gcc/avr/5.4.0/avr5\libgcc.a(_prologue.o)
 .bss           0x00000000        0x0 c:/program files (x86)/atmel/studio/7.0/toolchain/avr8/avr8-gnu-toolchain/bin/../lib/gcc/avr/5.4.0/avr5\libgcc.a(_prologue.o)
 .text.libgcc.mul
                0x00000000        0x0 c:/program files (x86)/atmel/studio/7.0/toolchain/avr8/avr8-gnu-toolchain/bin/../lib/gcc/avr/5.4.0/avr5\libgcc.a(_prologue.o)
 .text.libgcc.div
                0x00000000        0x0 c:/program files (x86)/atmel/studio/7.0/toolchain/avr8/avr8-gnu-toolchain/bin/../lib/gcc/avr/5.4.0/avr5\libgcc.a(_prologue.o)
 .text.libgcc   0x00000000        0x0 c:/program files (x86)/atmel/studio/7.0/toolchain/avr8/avr8-gnu-toolchain/bin/../lib/gcc/avr/5.4.0/avr5\libgcc.a(_prologue.o)
 .text.libgcc.builtins
                0x00000000        0x0 c:/program files (x86)/atmel/studio/7.0/toolchain/avr8/avr8-gnu-toolchain/bin/../lib/gcc/avr/5.4.0/avr5\libgcc.a(_prologue.o)
 .text.libgcc.fmul
                0x00000000        0x0 c:/program files (x86)/atmel/studio/7.0/toolchain/avr8/avr8-gnu-toolchain/bin/../lib/gcc/avr/5.4.0/avr5\libgcc.a(_prologue.o)
 .text.libgcc.fixed
                0x00000000        0x0 c:/program files (x86)/atmel/studio/7.0/toolchain/avr8/avr8-gnu-toolchain/bin/../lib/gcc/avr/5.4.0/avr5\libgcc.a(_prologue.o)
 .text          0x00000000        0x0 c:/program files (x86)/atmel/studio/7.0/toolchain/avr8/avr8-gnu-toolchain/bin/../lib/gcc/avr/5.4.0/avr5\libgcc.a(_epilogue.o)
 .data          0x00000000        0x0 c:/program files (x86)/atmel/studio/7.0/toolchain/avr8/avr8-gnu-toolchain/bin/../lib/gcc/avr/5.4.0/avr5\libgcc.a(_epilogue.o)
 .bss           0x00000000        0x0 c:/program files (x86)/atmel/studio/7.0/toolchain/avr8/avr8-gnu-toolchain/bin/../lib/gcc/avr/5.4.0/avr5\libgcc.a(_epilogue.o)
 .text.libgcc.mul
                0x00000000        0x0 c:/program files (x86)/atmel/studio/7.0/toolchain/avr8/avr8-gnu-toolchain/bin/../lib/gcc/avr/5.4.0/avr5\libgcc.a(_epilogue.o)
 .text.libgcc.div
                0x00000000        0x0 c:/program files (x86)/atmel/studio/7.0/toolchain/avr8/avr8-gnu-toolchain/bin/../lib/gcc/avr/5.4.0/avr5\libgcc.a(_epilogue.o)
 .text.libgcc   0x00000000        0x0 c:/program files (x86)/atmel/studio/7.0/toolchain/avr8/avr8-gnu-toolchain/bin/../lib/gcc/avr/5.4.0/avr5\libgcc.a(_epilogue.o)
 .text.libgcc.builtins
                0x00000000        0x0 c:/program files (x86)/atmel/studio/7.0/toolchain/avr8/avr8-gnu-toolchain/bin/../lib/gcc/avr/5.4.0/avr5\libgcc.a(_epilogue.o)
 .text.libgcc.fmul
                0x00000000        0x0 c:/program files (x86)/atmel/studio/7.0/toolchain/avr8/avr8-gnu-toolchain/bin/../lib/gcc/avr/5.4.0/avr5\libgcc.a(_epilogue.o)
 .text.libgcc.fixed
                0x00000000        0x0 c:/program files (x86)/atmel/studio/7.0/toolchain/avr8/avr8-gnu-toolchain/bin/../lib/gcc/avr/5.4.0/avr5\libgcc.a(_epilogue.o)

Memory Configuration

Name             Origin             Length             Attributes
text             0x00000000         0x00008000         xr
data             0x00800100         0x00000800         rw !x
eeprom           0x00810000         0x00000400         rw !x
fuse             0x00820000         0x00000003         rw !x
lock             0x00830000         0x00000400         rw !x
signature        0x00840000         0x00000400         rw !x
user_signatures  0x00850000         0x00000400         rw !x
*default*        0x00000000         0xffffffff

Linker script and memory map

Address of section .data set to 0x800100
LOAD C:/Program Files (x86)/Atmel/Studio/7.0/Packs/atmel/ATmega_DFP/1.7.374/gcc/dev/atmega328p/avr5/crtatmega328p.o
LOAD main.o
LOAD utils/legacy_hcsr04/hcsr04_utils.o
LOAD utils/programPath/boxsorter_utils.o
LOAD utils/protocol/protocol_utils.o
LOAD utils/servo/servo_utils.o
LOAD utils/tcrt/tcrt_utils.o
LOAD utils/ultrasonic_hal.o
LOAD utils/usart/usart_utils.o
START GROUP
LOAD D:\Microcontroladores\koba_ultrasonic_lib\koba_ultrasonic_lib\Debug\lib_koba_ultrasonic.a
END GROUP
START GROUP
LOAD c:/program files (x86)/atmel/studio/7.0/toolchain/avr8/avr8-gnu-toolchain/bin/../lib/gcc/avr/5.4.0/avr5\libgcc.a
LOAD c:/program files (x86)/atmel/studio/7.0/toolchain/avr8/avr8-gnu-toolchain/bin/../lib/gcc/avr/5.4.0/../../../../avr/lib/avr5\libm.a
LOAD c:/program files (x86)/atmel/studio/7.0/toolchain/avr8/avr8-gnu-toolchain/bin/../lib/gcc/avr/5.4.0/../../../../avr/lib/avr5\libc.a
LOAD C:/Program Files (x86)/Atmel/Studio/7.0/Packs/atmel/ATmega_DFP/1.7.374/gcc/dev/atmega328p/avr5\libatmega328p.a
END GROUP
                0x00000000                __TEXT_REGION_ORIGIN__ = DEFINED (__TEXT_REGION_ORIGIN__)?__TEXT_REGION_ORIGIN__:0x0
                [0x00800100]                __DATA_REGION_ORIGIN__ = DEFINED (__DATA_REGION_ORIGIN__)?__DATA_REGION_ORIGIN__:0x800060
                [0x00008000]                __TEXT_REGION_LENGTH__ = DEFINED (__TEXT_REGION_LENGTH__)?__TEXT_REGION_LENGTH__:0x20000
                [0x00000800]                __DATA_REGION_LENGTH__ = DEFINED (__DATA_REGION_LENGTH__)?__DATA_REGION_LENGTH__:0xffa0
                [0x00000400]                __EEPROM_REGION_LENGTH__ = DEFINED (__EEPROM_REGION_LENGTH__)?__EEPROM_REGION_LENGTH__:0x10000
                [0x00000003]                __FUSE_REGION_LENGTH__ = DEFINED (__FUSE_REGION_LENGTH__)?__FUSE_REGION_LENGTH__:0x400
                0x00000400                __LOCK_REGION_LENGTH__ = DEFINED (__LOCK_REGION_LENGTH__)?__LOCK_REGION_LENGTH__:0x400
                0x00000400                __SIGNATURE_REGION_LENGTH__ = DEFINED (__SIGNATURE_REGION_LENGTH__)?__SIGNATURE_REGION_LENGTH__:0x400
                0x00000400                __USER_SIGNATURE_REGION_LENGTH__ = DEFINED (__USER_SIGNATURE_REGION_LENGTH__)?__USER_SIGNATURE_REGION_LENGTH__:0x400

.hash
 *(.hash)

.dynsym
 *(.dynsym)

.dynstr
 *(.dynstr)

.gnu.version
 *(.gnu.version)

.gnu.version_d
 *(.gnu.version_d)

.gnu.version_r
 *(.gnu.version_r)

.rel.init
 *(.rel.init)

.rela.init
 *(.rela.init)

.rel.text
 *(.rel.text)
 *(.rel.text.*)
 *(.rel.gnu.linkonce.t*)

.rela.text
 *(.rela.text)
 *(.rela.text.*)
 *(.rela.gnu.linkonce.t*)

.rel.fini
 *(.rel.fini)

.rela.fini
 *(.rela.fini)

.rel.rodata
 *(.rel.rodata)
 *(.rel.rodata.*)
 *(.rel.gnu.linkonce.r*)

.rela.rodata
 *(.rela.rodata)
 *(.rela.rodata.*)
 *(.rela.gnu.linkonce.r*)

.rel.data
 *(.rel.data)
 *(.rel.data.*)
 *(.rel.gnu.linkonce.d*)

.rela.data
 *(.rela.data)
 *(.rela.data.*)
 *(.rela.gnu.linkonce.d*)

.rel.ctors
 *(.rel.ctors)

.rela.ctors
 *(.rela.ctors)

.rel.dtors
 *(.rel.dtors)

.rela.dtors
 *(.rela.dtors)

.rel.got
 *(.rel.got)

.rela.got
 *(.rela.got)

.rel.bss
 *(.rel.bss)

.rela.bss
 *(.rela.bss)

.rel.plt
 *(.rel.plt)

.rela.plt
 *(.rela.plt)

.text           0x00000000     0x257a
 *(.vectors)
 .vectors       0x00000000       0x68 C:/Program Files (x86)/Atmel/Studio/7.0/Packs/atmel/ATmega_DFP/1.7.374/gcc/dev/atmega328p/avr5/crtatmega328p.o
                0x00000000                __vector_default
                0x00000000                __vectors
 *(.vectors)
 *(.progmem.gcc*)
                0x00000068                . = ALIGN (0x2)
                0x00000068                __trampolines_start = .
 *(.trampolines)
 .trampolines   0x00000068        0x0 linker stubs
 *(.trampolines*)
                0x00000068                __trampolines_end = .
 *libprintf_flt.a:*(.progmem.data)
 *libc.a:*(.progmem.data)
 *(.progmem*)
 .progmem.data.__c.2339
                0x00000068       0x10 main.o
 .progmem.data.__c.2329
                0x00000078       0x1b main.o
 .progmem.data.__c.2357
                0x00000093        0xa main.o
 .progmem.data.__c.2355
                0x0000009d        0x5 main.o
 .progmem.data.__c.2351
                0x000000a2        0xf main.o
 .progmem.data.__c.2347
                0x000000b1       0x23 main.o
 .progmem.data.__c.2345
                0x000000d4        0xa main.o
 .progmem.data.__c.2290
                0x000000de        0xc utils/protocol/protocol_utils.o
 .progmem.data.__c.2288
                0x000000ea        0xe utils/protocol/protocol_utils.o
 .progmem.data.__c.2286
                0x000000f8       0x30 utils/protocol/protocol_utils.o
 .progmem.data.__c.2284
                0x00000128       0x12 utils/protocol/protocol_utils.o
 .progmem.data.__c.2282
                0x0000013a       0x10 utils/protocol/protocol_utils.o
 .progmem.data.__c.2268
                0x0000014a        0xe utils/protocol/protocol_utils.o
 .progmem.data.__c.2266
                0x00000158        0xc utils/protocol/protocol_utils.o
 .progmem.data.__c.2259
                0x00000164       0x11 utils/protocol/protocol_utils.o
                0x00000176                . = ALIGN (0x2)
 *fill*         0x00000175        0x1 
 *(.jumptables)
 *(.jumptables*)
 *(.lowtext)
 *(.lowtext*)
                0x00000176                __ctors_start = .
 *(.ctors)
                0x00000176                __ctors_end = .
                0x00000176                __dtors_start = .
 *(.dtors)
                0x00000176                __dtors_end = .
 SORT(*)(.ctors)
 SORT(*)(.dtors)
 *(.init0)
 .init0         0x00000176        0x0 C:/Program Files (x86)/Atmel/Studio/7.0/Packs/atmel/ATmega_DFP/1.7.374/gcc/dev/atmega328p/avr5/crtatmega328p.o
                0x00000176                __init
 *(.init0)
 *(.init1)
 *(.init1)
 *(.init2)
 .init2         0x00000176        0xc C:/Program Files (x86)/Atmel/Studio/7.0/Packs/atmel/ATmega_DFP/1.7.374/gcc/dev/atmega328p/avr5/crtatmega328p.o
 *(.init2)
 *(.init3)
 *(.init3)
 *(.init4)
 .init4         0x00000182       0x16 c:/program files (x86)/atmel/studio/7.0/toolchain/avr8/avr8-gnu-toolchain/bin/../lib/gcc/avr/5.4.0/avr5\libgcc.a(_copy_data.o)
                0x00000182                __do_copy_data
 .init4         0x00000198       0x10 c:/program files (x86)/atmel/studio/7.0/toolchain/avr8/avr8-gnu-toolchain/bin/../lib/gcc/avr/5.4.0/avr5\libgcc.a(_clear_bss.o)
                0x00000198                __do_clear_bss
 *(.init4)
 *(.init5)
 *(.init5)
 *(.init6)
 *(.init6)
 *(.init7)
 *(.init7)
 *(.init8)
 *(.init8)
 *(.init9)
 .init9         0x000001a8        0x8 C:/Program Files (x86)/Atmel/Studio/7.0/Packs/atmel/ATmega_DFP/1.7.374/gcc/dev/atmega328p/avr5/crtatmega328p.o
 *(.init9)
 *(.text)
 .text          0x000001b0        0x4 C:/Program Files (x86)/Atmel/Studio/7.0/Packs/atmel/ATmega_DFP/1.7.374/gcc/dev/atmega328p/avr5/crtatmega328p.o
                0x000001b0                __vector_22
                0x000001b0                __vector_1
                0x000001b0                __vector_24
                0x000001b0                __bad_interrupt
                0x000001b0                __vector_6
                0x000001b0                __vector_3
                0x000001b0                __vector_23
                0x000001b0                __vector_25
                0x000001b0                __vector_17
                0x000001b0                __vector_5
                0x000001b0                __vector_4
                0x000001b0                __vector_9
                0x000001b0                __vector_2
                0x000001b0                __vector_21
                0x000001b0                __vector_15
                0x000001b0                __vector_8
                0x000001b0                __vector_14
                0x000001b0                __vector_16
                0x000001b0                __vector_20
                0x000001b4                . = ALIGN (0x2)
 *(.text.*)
 .text.printfWrapper
                0x000001b4        0x6 main.o
                0x000001b4                printfWrapper
 .text.__vector_10
                0x000001ba       0xc0 main.o
                0x000001ba                __vector_10
 .text.__vector_13
                0x0000027a       0x22 main.o
                0x0000027a                __vector_13
 .text.__vector_11
                0x0000029c      0x106 main.o
                0x0000029c                __vector_11
 .text.__vector_12
                0x000003a2      0x2a0 main.o
                0x000003a2                __vector_12
 .text.__vector_18
                0x00000642       0x9a main.o
                0x00000642                __vector_18
 .text.__vector_19
                0x000006dc       0x70 main.o
                0x000006dc                __vector_19
 .text.timer1_init
                0x0000074c       0x3c main.o
                0x0000074c                timer1_init
 .text.timer2_init
                0x00000788       0x20 main.o
                0x00000788                timer2_init
 .text.gpio_pins_init
                0x000007a8       0x42 main.o
                0x000007a8                gpio_pins_init
 .text.__vector_7
                0x000007ea      0x228 main.o
                0x000007ea                __vector_7
 .text.main     0x00000a12      0x3ba main.o
                0x00000a12                main
 .text.initDetector
                0x00000dcc       0x34 utils/programPath/boxsorter_utils.o
                0x00000dcc                initDetector
 .text.initOutputs
                0x00000e00       0xea utils/programPath/boxsorter_utils.o
                0x00000e00                initOutputs
 .text.initSorter
                0x00000eea       0x3c utils/programPath/boxsorter_utils.o
                0x00000eea                initSorter
 .text.classify_box
                0x00000f26      0x124 utils/programPath/boxsorter_utils.o
                0x00000f26                classify_box
 .text.ultraSensorTask
                0x0000104a      0x298 utils/programPath/boxsorter_utils.o
                0x0000104a                ultraSensorTask
 .text.irSensorsTask
                0x000012e2      0x1b6 utils/programPath/boxsorter_utils.o
                0x000012e2                irSensorsTask
 .text.servosTask
                0x00001498        0x2 utils/programPath/boxsorter_utils.o
                0x00001498                servosTask
 .text.verify_header
                0x0000149a       0xb2 utils/protocol/protocol_utils.o
                0x0000149a                verify_header
 .text.process_protocol_buffer
                0x0000154c       0x3c utils/protocol/protocol_utils.o
                0x0000154c                process_protocol_buffer
 .text.getResponseCommand
                0x00001588       0x74 utils/protocol/protocol_utils.o
                0x00001588                getResponseCommand
 .text.clear_receive_pck
                0x000015fc       0x1e utils/protocol/protocol_utils.o
                0x000015fc                clear_receive_pck
 .text.initProtocolService
                0x0000161a       0x18 utils/protocol/protocol_utils.o
                0x0000161a                initProtocolService
 .text.calculatePayload
                0x00001632       0xde utils/protocol/protocol_utils.o
                0x00001632                calculatePayload
 .text.createPck
                0x00001710       0x76 utils/protocol/protocol_utils.o
                0x00001710                createPck
 .text.validatePck
                0x00001786      0x142 utils/protocol/protocol_utils.o
                0x00001786                validatePck
 .text.calculate_angle_pulseUs
                0x000018c8       0x26 utils/servo/servo_utils.o
                0x000018c8                calculate_angle_pulseUs
 .text.initServo
                0x000018ee       0x48 utils/servo/servo_utils.o
                0x000018ee                initServo
 .text.tcrt_init
                0x00001936       0x1a utils/tcrt/tcrt_utils.o
                0x00001936                tcrt_init
 .text.tcrt_read_channel
                0x00001950       0x32 utils/tcrt/tcrt_utils.o
                0x00001950                tcrt_read_channel
 .text.TCRT_init_Handlers
                0x00001982       0x72 utils/tcrt/tcrt_utils.o
                0x00001982                TCRT_init_Handlers
 .text.calibrateIRSensor
                0x000019f4       0x7e utils/tcrt/tcrt_utils.o
                0x000019f4                calibrateIRSensor
 .text.tcrt_read
                0x00001a72       0x62 utils/tcrt/tcrt_utils.o
                0x00001a72                tcrt_read
 .text.tcrt_is_box_detected
                0x00001ad4       0x9c utils/tcrt/tcrt_utils.o
                0x00001ad4                tcrt_is_box_detected
 .text.ultrasonic_hal_trigger_setHigh
                0x00001b70        0x8 utils/ultrasonic_hal.o
                0x00001b70                ultrasonic_hal_trigger_setHigh
 .text.ultrasonic_hal_trigger_setLow
                0x00001b78        0x8 utils/ultrasonic_hal.o
                0x00001b78                ultrasonic_hal_trigger_setLow
 .text.ultrasonic_hal_echo_setRisingEdge
                0x00001b80        0xc utils/ultrasonic_hal.o
                0x00001b80                ultrasonic_hal_echo_setRisingEdge
 .text.ultrasonic_hal_echo_setFallingEdge
                0x00001b8c        0xc utils/ultrasonic_hal.o
                0x00001b8c                ultrasonic_hal_echo_setFallingEdge
 .text.USART_Init
                0x00001b98       0x16 utils/usart/usart_utils.o
                0x00001b98                USART_Init
 .text.USART_putchar
                0x00001bae       0x22 utils/usart/usart_utils.o
                0x00001bae                USART_putchar
 .text.USART_getchar
                0x00001bd0       0x3c utils/usart/usart_utils.o
                0x00001bd0                USART_getchar
 .text.ultrasonic_set_debug_mode
                0x00001c0c        0x6 D:\Microcontroladores\koba_ultrasonic_lib\koba_ultrasonic_lib\Debug\lib_koba_ultrasonic.a(ultrasonic.o)
                0x00001c0c                ultrasonic_set_debug_mode
 .text.ultrasonic_calculate_distance
                0x00001c12       0x8a D:\Microcontroladores\koba_ultrasonic_lib\koba_ultrasonic_lib\Debug\lib_koba_ultrasonic.a(ultrasonic.o)
                0x00001c12                ultrasonic_calculate_distance
 .text.ultrasonic_print
                0x00001c9c       0x14 D:\Microcontroladores\koba_ultrasonic_lib\koba_ultrasonic_lib\Debug\lib_koba_ultrasonic.a(ultrasonic.o)
                0x00001c9c                ultrasonic_print
 .text.ultrasonic_init_flags
                0x00001cb0       0x4a D:\Microcontroladores\koba_ultrasonic_lib\koba_ultrasonic_lib\Debug\lib_koba_ultrasonic.a(ultrasonic.o)
                0x00001cb0                ultrasonic_init_flags
 .text.ultrasonic_init
                0x00001cfa       0x3e D:\Microcontroladores\koba_ultrasonic_lib\koba_ultrasonic_lib\Debug\lib_koba_ultrasonic.a(ultrasonic.o)
                0x00001cfa                ultrasonic_init
 .text.ultrasonic_timeout_clear
                0x00001d38       0x3a D:\Microcontroladores\koba_ultrasonic_lib\koba_ultrasonic_lib\Debug\lib_koba_ultrasonic.a(ultrasonic.o)
                0x00001d38                ultrasonic_timeout_clear
 .text.ultrasonic_start
                0x00001d72       0x5c D:\Microcontroladores\koba_ultrasonic_lib\koba_ultrasonic_lib\Debug\lib_koba_ultrasonic.a(ultrasonic.o)
                0x00001d72                ultrasonic_start
 .text.ultrasonic_update
                0x00001dce       0xc8 D:\Microcontroladores\koba_ultrasonic_lib\koba_ultrasonic_lib\Debug\lib_koba_ultrasonic.a(ultrasonic.o)
                0x00001dce                ultrasonic_update
 .text.libgcc.div
                0x00001e96       0x44 c:/program files (x86)/atmel/studio/7.0/toolchain/avr8/avr8-gnu-toolchain/bin/../lib/gcc/avr/5.4.0/avr5\libgcc.a(_udivmodsi4.o)
                0x00001e96                __udivmodsi4
 .text.libgcc.mul
                0x00001eda       0x1e c:/program files (x86)/atmel/studio/7.0/toolchain/avr8/avr8-gnu-toolchain/bin/../lib/gcc/avr/5.4.0/avr5\libgcc.a(_umulhisi3.o)
                0x00001eda                __umulhisi3
 .text.libgcc.mul
                0x00001ef8       0x16 c:/program files (x86)/atmel/studio/7.0/toolchain/avr8/avr8-gnu-toolchain/bin/../lib/gcc/avr/5.4.0/avr5\libgcc.a(_muluhisi3.o)
                0x00001ef8                __muluhisi3
 .text.avr-libc
                0x00001f0e       0x2c c:/program files (x86)/atmel/studio/7.0/toolchain/avr8/avr8-gnu-toolchain/bin/../lib/gcc/avr/5.4.0/../../../../avr/lib/avr5\libc.a(printf.o)
                0x00001f0e                printf
 .text.avr-libc
                0x00001f3a       0x4c c:/program files (x86)/atmel/studio/7.0/toolchain/avr8/avr8-gnu-toolchain/bin/../lib/gcc/avr/5.4.0/../../../../avr/lib/avr5\libc.a(printf_p.o)
                0x00001f3a                printf_P
 .text.avr-libc
                0x00001f86       0x60 c:/program files (x86)/atmel/studio/7.0/toolchain/avr8/avr8-gnu-toolchain/bin/../lib/gcc/avr/5.4.0/../../../../avr/lib/avr5\libc.a(puts.o)
                0x00001f86                puts
 .text.avr-libc
                0x00001fe6      0x3c2 c:/program files (x86)/atmel/studio/7.0/toolchain/avr8/avr8-gnu-toolchain/bin/../lib/gcc/avr/5.4.0/../../../../avr/lib/avr5\libc.a(vfprintf_std.o)
                0x00001fe6                vfprintf
 .text.avr-libc
                0x000023a8       0x16 c:/program files (x86)/atmel/studio/7.0/toolchain/avr8/avr8-gnu-toolchain/bin/../lib/gcc/avr/5.4.0/../../../../avr/lib/avr5\libc.a(strnlen_P.o)
                0x000023a8                strnlen_P
 .text.avr-libc
                0x000023be       0x16 c:/program files (x86)/atmel/studio/7.0/toolchain/avr8/avr8-gnu-toolchain/bin/../lib/gcc/avr/5.4.0/../../../../avr/lib/avr5\libc.a(strnlen.o)
                0x000023be                strnlen
 .text.avr-libc
                0x000023d4       0x78 c:/program files (x86)/atmel/studio/7.0/toolchain/avr8/avr8-gnu-toolchain/bin/../lib/gcc/avr/5.4.0/../../../../avr/lib/avr5\libc.a(fputc.o)
                0x000023d4                fputc
 .text.avr-libc
                0x0000244c       0xbc c:/program files (x86)/atmel/studio/7.0/toolchain/avr8/avr8-gnu-toolchain/bin/../lib/gcc/avr/5.4.0/../../../../avr/lib/avr5\libc.a(ultoa_invert.o)
                0x0000244c                __ultoa_invert
 .text.libgcc.prologue
                0x00002508       0x38 c:/program files (x86)/atmel/studio/7.0/toolchain/avr8/avr8-gnu-toolchain/bin/../lib/gcc/avr/5.4.0/avr5\libgcc.a(_prologue.o)
                0x00002508                __prologue_saves__
 .text.libgcc.prologue
                0x00002540       0x36 c:/program files (x86)/atmel/studio/7.0/toolchain/avr8/avr8-gnu-toolchain/bin/../lib/gcc/avr/5.4.0/avr5\libgcc.a(_epilogue.o)
                0x00002540                __epilogue_restores__
                0x00002576                . = ALIGN (0x2)
 *(.fini9)
 .fini9         0x00002576        0x0 c:/program files (x86)/atmel/studio/7.0/toolchain/avr8/avr8-gnu-toolchain/bin/../lib/gcc/avr/5.4.0/avr5\libgcc.a(_exit.o)
                0x00002576                _exit
                0x00002576                exit
 *(.fini9)
 *(.fini8)
 *(.fini8)
 *(.fini7)
 *(.fini7)
 *(.fini6)
 *(.fini6)
 *(.fini5)
 *(.fini5)
 *(.fini4)
 *(.fini4)
 *(.fini3)
 *(.fini3)
 *(.fini2)
 *(.fini2)
 *(.fini1)
 *(.fini1)
 *(.fini0)
 .fini0         0x00002576        0x4 c:/program files (x86)/atmel/studio/7.0/toolchain/avr8/avr8-gnu-toolchain/bin/../lib/gcc/avr/5.4.0/avr5\libgcc.a(_exit.o)
 *(.fini0)
                0x0000257a                _etext = .

.data           0x00800100      0x5dc load address 0x0000257a
                0x00800100                PROVIDE (__data_start, .)
 *(.data)
 *(.data*)
 .data.mystdin  0x00800100        0xe main.o
                0x00800100                mystdin
 .data.mystdout
                0x0080010e        0xe main.o
                0x0080010e                mystdout
 .data.local_box_ranges.2050
                0x0080011c        0x6 utils/programPath/boxsorter_utils.o
 *(.gnu.linkonce.d*)
 *(.rodata)
 *(.rodata*)
 .rodata.str1.1
                0x00800122      0x32e utils/programPath/boxsorter_utils.o
                                0x339 (size before relaxing)
 .rodata.str1.1
                0x00800450       0xe4 utils/protocol/protocol_utils.o
 .rodata.str1.1
                0x00800534        0xf utils/servo/servo_utils.o
 .rodata.str1.1
                0x00800543       0x4a utils/tcrt/tcrt_utils.o
 .rodata.str1.1
                0x0080058d      0x14f D:\Microcontroladores\koba_ultrasonic_lib\koba_ultrasonic_lib\Debug\lib_koba_ultrasonic.a(ultrasonic.o)
                                0x171 (size before relaxing)
 *(.gnu.linkonce.r*)
                0x008006dc                . = ALIGN (0x2)
                0x008006dc                _edata = .
                0x008006dc                PROVIDE (__data_end, .)

.bss            0x008006dc       0xcd
                0x008006dc                PROVIDE (__bss_start, .)
 *(.bss)
 *(.bss*)
 .bss.init_done.2328
                0x008006dc        0x1 main.o
 .bss.current_servo
                0x008006dd        0x1 main.o
                0x008006dd                current_servo
 .bss.veintems_counter
                0x008006de        0x1 main.o
                0x008006de                veintems_counter
 .bss.diezMsCounter
                0x008006df        0x1 main.o
                0x008006df                diezMsCounter
 .bss.btn_pressed_time
                0x008006e0        0x1 main.o
                0x008006e0                btn_pressed_time
 .bss.wait_time
                0x008006e1        0x1 main.o
                0x008006e1                wait_time
 .bss.ovf_count
                0x008006e2        0x1 main.o
                0x008006e2                ovf_count
 *(COMMON)
 COMMON         0x008006e3       0xc0 main.o
                0x008006e3                IR_B
                0x008006f2                servoA
                0x008006f8                salidaA
                0x008006fc                IR_U
                0x0080070b                bandera
                0x0080070c                IR_C
                0x0080071b                SorterSystem
                0x0080072d                bandera3
                0x0080072e                bandera2
                0x0080072f                servoC
                0x00800735                IR_A
                0x00800744                hcsr04Detector
                0x00800749                servosArray
                0x0080074f                salidaC
                0x00800753                ultraSensor
                0x00800764                servoB
                0x0080076a                protocolService
                0x0080079f                salidaB
 COMMON         0x008007a3        0x6 c:/program files (x86)/atmel/studio/7.0/toolchain/avr8/avr8-gnu-toolchain/bin/../lib/gcc/avr/5.4.0/../../../../avr/lib/avr5\libc.a(iob.o)
                0x008007a3                __iob
                0x008007a9                PROVIDE (__bss_end, .)
                0x0000257a                __data_load_start = LOADADDR (.data)
                0x00002b56                __data_load_end = (__data_load_start + SIZEOF (.data))

.noinit         0x008007a9        0x0
                [!provide]                PROVIDE (__noinit_start, .)
 *(.noinit*)
                [!provide]                PROVIDE (__noinit_end, .)
                0x008007a9                _end = .
                [!provide]                PROVIDE (__heap_start, .)

.eeprom         0x00810000        0x0
 *(.eeprom*)
                0x00810000                __eeprom_end = .

.fuse
 *(.fuse)
 *(.lfuse)
 *(.hfuse)
 *(.efuse)

.lock
 *(.lock*)

.signature
 *(.signature*)

.user_signatures
 *(.user_signatures*)

.stab
 *(.stab)

.stabstr
 *(.stabstr)

.stab.excl
 *(.stab.excl)

.stab.exclstr
 *(.stab.exclstr)

.stab.index
 *(.stab.index)

.stab.indexstr
 *(.stab.indexstr)

.comment        0x00000000       0x5c
 *(.comment)
 .comment       0x00000000       0x30 main.o
                                 0x31 (size before relaxing)
 .comment       0x00000030       0x31 utils/programPath/boxsorter_utils.o
 .comment       0x00000030       0x31 utils/protocol/protocol_utils.o
 .comment       0x00000030       0x31 utils/servo/servo_utils.o
 .comment       0x00000030       0x31 utils/tcrt/tcrt_utils.o
 .comment       0x00000030       0x31 utils/ultrasonic_hal.o
 .comment       0x00000030       0x31 utils/usart/usart_utils.o
 .comment       0x00000030       0x31 D:\Microcontroladores\koba_ultrasonic_lib\koba_ultrasonic_lib\Debug\lib_koba_ultrasonic.a(ultrasonic.o)
 .comment       0x00000030       0x31 c:/program files (x86)/atmel/studio/7.0/toolchain/avr8/avr8-gnu-toolchain/bin/../lib/gcc/avr/5.4.0/../../../../avr/lib/avr5\libc.a(iob.o)
 .comment       0x00000030       0x31 c:/program files (x86)/atmel/studio/7.0/toolchain/avr8/avr8-gnu-toolchain/bin/../lib/gcc/avr/5.4.0/../../../../avr/lib/avr5\libc.a(printf.o)
 .comment       0x00000030       0x31 c:/program files (x86)/atmel/studio/7.0/toolchain/avr8/avr8-gnu-toolchain/bin/../lib/gcc/avr/5.4.0/../../../../avr/lib/avr5\libc.a(printf_p.o)
 .comment       0x00000030       0x31 c:/program files (x86)/atmel/studio/7.0/toolchain/avr8/avr8-gnu-toolchain/bin/../lib/gcc/avr/5.4.0/../../../../avr/lib/avr5\libc.a(puts.o)
 .comment       0x00000030       0x2c c:/program files (x86)/atmel/studio/7.0/toolchain/avr8/avr8-gnu-toolchain/bin/../lib/gcc/avr/5.4.0/../../../../avr/lib/avr5\libc.a(vfprintf_std.o)
                                 0x2d (size before relaxing)
 .comment       0x0000005c       0x31 c:/program files (x86)/atmel/studio/7.0/toolchain/avr8/avr8-gnu-toolchain/bin/../lib/gcc/avr/5.4.0/../../../../avr/lib/avr5\libc.a(fputc.o)

.note.gnu.avr.deviceinfo
                0x00000000       0x40
 .note.gnu.avr.deviceinfo
                0x00000000       0x40 C:/Program Files (x86)/Atmel/Studio/7.0/Packs/atmel/ATmega_DFP/1.7.374/gcc/dev/atmega328p/avr5/crtatmega328p.o

.note.gnu.build-id
 *(.note.gnu.build-id)

.debug
 *(.debug)

.line
 *(.line)

.debug_srcinfo
 *(.debug_srcinfo)

.debug_sfnames
 *(.debug_sfnames)

.debug_aranges  0x00000000      0x2a8
 *(.debug_aranges)
 .debug_aranges
                0x00000000       0x78 main.o
 .debug_aranges
                0x00000078       0x50 utils/programPath/boxsorter_utils.o
 .debug_aranges
                0x000000c8       0x70 utils/protocol/protocol_utils.o
 .debug_aranges
                0x00000138       0x30 utils/servo/servo_utils.o
 .debug_aranges
                0x00000168       0x50 utils/tcrt/tcrt_utils.o
 .debug_aranges
                0x000001b8       0x48 utils/ultrasonic_hal.o
 .debug_aranges
                0x00000200       0x40 utils/usart/usart_utils.o
 .debug_aranges
                0x00000240       0x68 D:\Microcontroladores\koba_ultrasonic_lib\koba_ultrasonic_lib\Debug\lib_koba_ultrasonic.a(ultrasonic.o)

.debug_pubnames
 *(.debug_pubnames)

.debug_info     0x00000000     0x42ce
 *(.debug_info .gnu.linkonce.wi.*)
 .debug_info    0x00000000      0x5f4 C:/Program Files (x86)/Atmel/Studio/7.0/Packs/atmel/ATmega_DFP/1.7.374/gcc/dev/atmega328p/avr5/crtatmega328p.o
 .debug_info    0x000005f4     0x11cc main.o
 .debug_info    0x000017c0      0xe8a utils/programPath/boxsorter_utils.o
 .debug_info    0x0000264a      0x6d0 utils/protocol/protocol_utils.o
 .debug_info    0x00002d1a      0x313 utils/servo/servo_utils.o
 .debug_info    0x0000302d      0x41d utils/tcrt/tcrt_utils.o
 .debug_info    0x0000344a      0x39d utils/ultrasonic_hal.o
 .debug_info    0x000037e7      0x463 utils/usart/usart_utils.o
 .debug_info    0x00003c4a      0x684 D:\Microcontroladores\koba_ultrasonic_lib\koba_ultrasonic_lib\Debug\lib_koba_ultrasonic.a(ultrasonic.o)

.debug_abbrev   0x00000000     0x1613
 *(.debug_abbrev)
 .debug_abbrev  0x00000000      0x5a2 C:/Program Files (x86)/Atmel/Studio/7.0/Packs/atmel/ATmega_DFP/1.7.374/gcc/dev/atmega328p/avr5/crtatmega328p.o
 .debug_abbrev  0x000005a2      0x33e main.o
 .debug_abbrev  0x000008e0      0x292 utils/programPath/boxsorter_utils.o
 .debug_abbrev  0x00000b72      0x2d5 utils/protocol/protocol_utils.o
 .debug_abbrev  0x00000e47      0x15d utils/servo/servo_utils.o
 .debug_abbrev  0x00000fa4      0x1c1 utils/tcrt/tcrt_utils.o
 .debug_abbrev  0x00001165      0x119 utils/ultrasonic_hal.o
 .debug_abbrev  0x0000127e      0x1d1 utils/usart/usart_utils.o
 .debug_abbrev  0x0000144f      0x1c4 D:\Microcontroladores\koba_ultrasonic_lib\koba_ultrasonic_lib\Debug\lib_koba_ultrasonic.a(ultrasonic.o)

.debug_line     0x00000000     0x239b
 *(.debug_line .debug_line.* .debug_line_end)
 .debug_line    0x00000000      0x134 C:/Program Files (x86)/Atmel/Studio/7.0/Packs/atmel/ATmega_DFP/1.7.374/gcc/dev/atmega328p/avr5/crtatmega328p.o
 .debug_line    0x00000134      0xa2e main.o
 .debug_line    0x00000b62      0x770 utils/programPath/boxsorter_utils.o
 .debug_line    0x000012d2      0x55d utils/protocol/protocol_utils.o
 .debug_line    0x0000182f      0x194 utils/servo/servo_utils.o
 .debug_line    0x000019c3      0x369 utils/tcrt/tcrt_utils.o
 .debug_line    0x00001d2c      0x165 utils/ultrasonic_hal.o
 .debug_line    0x00001e91      0x1dc utils/usart/usart_utils.o
 .debug_line    0x0000206d      0x32e D:\Microcontroladores\koba_ultrasonic_lib\koba_ultrasonic_lib\Debug\lib_koba_ultrasonic.a(ultrasonic.o)

.debug_frame    0x00000000      0x8d0
 *(.debug_frame)
 .debug_frame   0x00000000      0x2b4 main.o
 .debug_frame   0x000002b4      0x128 utils/programPath/boxsorter_utils.o
 .debug_frame   0x000003dc      0x1b0 utils/protocol/protocol_utils.o
 .debug_frame   0x0000058c       0x74 utils/servo/servo_utils.o
 .debug_frame   0x00000600       0xe4 utils/tcrt/tcrt_utils.o
 .debug_frame   0x000006e4       0x74 utils/ultrasonic_hal.o
 .debug_frame   0x00000758       0x6c utils/usart/usart_utils.o
 .debug_frame   0x000007c4      0x10c D:\Microcontroladores\koba_ultrasonic_lib\koba_ultrasonic_lib\Debug\lib_koba_ultrasonic.a(ultrasonic.o)

.debug_str      0x00000000     0x10a9
 *(.debug_str)
 .debug_str     0x00000000      0x208 C:/Program Files (x86)/Atmel/Studio/7.0/Packs/atmel/ATmega_DFP/1.7.374/gcc/dev/atmega328p/avr5/crtatmega328p.o
 .debug_str     0x00000208      0x897 main.o
                                0x93a (size before relaxing)
 .debug_str     0x00000a9f       0xf7 utils/programPath/boxsorter_utils.o
                                0x680 (size before relaxing)
 .debug_str     0x00000b96      0x24a utils/protocol/protocol_utils.o
                                0x52d (size before relaxing)
 .debug_str     0x00000de0       0x52 utils/servo/servo_utils.o
                                0x282 (size before relaxing)
 .debug_str     0x00000e32       0x7b utils/tcrt/tcrt_utils.o
                                0x341 (size before relaxing)
 .debug_str     0x00000ead       0xbd utils/ultrasonic_hal.o
                                0x39a (size before relaxing)
 .debug_str     0x00000f6a       0x62 utils/usart/usart_utils.o
                                0x2d5 (size before relaxing)
 .debug_str     0x00000fcc       0xdd D:\Microcontroladores\koba_ultrasonic_lib\koba_ultrasonic_lib\Debug\lib_koba_ultrasonic.a(ultrasonic.o)
                                0x407 (size before relaxing)

.debug_loc      0x00000000     0x1db3
 *(.debug_loc)
 .debug_loc     0x00000000      0x680 main.o
 .debug_loc     0x00000680      0x602 utils/programPath/boxsorter_utils.o
 .debug_loc     0x00000c82      0x6f9 utils/protocol/protocol_utils.o
 .debug_loc     0x0000137b      0x1c5 utils/servo/servo_utils.o
 .debug_loc     0x00001540      0x2db utils/tcrt/tcrt_utils.o
 .debug_loc     0x0000181b       0x98 utils/ultrasonic_hal.o
 .debug_loc     0x000018b3       0xd1 utils/usart/usart_utils.o
 .debug_loc     0x00001984      0x42f D:\Microcontroladores\koba_ultrasonic_lib\koba_ultrasonic_lib\Debug\lib_koba_ultrasonic.a(ultrasonic.o)

.debug_macinfo
 *(.debug_macinfo)

.debug_weaknames
 *(.debug_weaknames)

.debug_funcnames
 *(.debug_funcnames)

.debug_typenames
 *(.debug_typenames)

.debug_varnames
 *(.debug_varnames)

.debug_pubtypes
 *(.debug_pubtypes)

.debug_ranges   0x00000000      0x240
 *(.debug_ranges)
 .debug_ranges  0x00000000       0x68 main.o
 .debug_ranges  0x00000068       0x40 utils/programPath/boxsorter_utils.o
 .debug_ranges  0x000000a8       0x78 utils/protocol/protocol_utils.o
 .debug_ranges  0x00000120       0x20 utils/servo/servo_utils.o
 .debug_ranges  0x00000140       0x40 utils/tcrt/tcrt_utils.o
 .debug_ranges  0x00000180       0x38 utils/ultrasonic_hal.o
 .debug_ranges  0x000001b8       0x30 utils/usart/usart_utils.o
 .debug_ranges  0x000001e8       0x58 D:\Microcontroladores\koba_ultrasonic_lib\koba_ultrasonic_lib\Debug\lib_koba_ultrasonic.a(ultrasonic.o)

.debug_macro
 *(.debug_macro)
OUTPUT(GccApplication1.elf elf32-avr)
LOAD linker stubs
